Archive member included to satisfy reference by file (symbol)

app/libapp.a(main.c.obj)      (--whole-archive)
zephyr/libzephyr.a(cbprintf_packaged.c.obj)
                              (--whole-archive)
zephyr/libzephyr.a(dec.c.obj)
                              (--whole-archive)
zephyr/libzephyr.a(hex.c.obj)
                              (--whole-archive)
zephyr/libzephyr.a(printk.c.obj)
                              (--whole-archive)
zephyr/libzephyr.a(rb.c.obj)  (--whole-archive)
zephyr/libzephyr.a(sem.c.obj)
                              (--whole-archive)
zephyr/libzephyr.a(thread_entry.c.obj)
                              (--whole-archive)
zephyr/libzephyr.a(timeutil.c.obj)
                              (--whole-archive)
zephyr/libzephyr.a(heap.c.obj)
                              (--whole-archive)
zephyr/libzephyr.a(heap-validate.c.obj)
                              (--whole-archive)
zephyr/libzephyr.a(bitarray.c.obj)
                              (--whole-archive)
zephyr/libzephyr.a(multi_heap.c.obj)
                              (--whole-archive)
zephyr/libzephyr.a(cbprintf_complete.c.obj)
                              (--whole-archive)
zephyr/libzephyr.a(cbprintf.c.obj)
                              (--whole-archive)
zephyr/libzephyr.a(assert.c.obj)
                              (--whole-archive)
zephyr/libzephyr.a(mpsc_pbuf.c.obj)
                              (--whole-archive)
zephyr/libzephyr.a(configs.c.obj)
                              (--whole-archive)
zephyr/libzephyr.a(soc_m7.c.obj)
                              (--whole-archive)
zephyr/libzephyr.a(mpu_regions.c.obj)
                              (--whole-archive)
zephyr/libzephyr.a(stm32cube_hal.c.obj)
                              (--whole-archive)
zephyr/libzephyr.a(soc_config.c.obj)
                              (--whole-archive)
zephyr/libzephyr.a(log_core.c.obj)
                              (--whole-archive)
zephyr/libzephyr.a(log_mgmt.c.obj)
                              (--whole-archive)
zephyr/libzephyr.a(log_cache.c.obj)
                              (--whole-archive)
zephyr/libzephyr.a(log_msg.c.obj)
                              (--whole-archive)
zephyr/libzephyr.a(log_output.c.obj)
                              (--whole-archive)
zephyr/libzephyr.a(log_backend_uart.c.obj)
                              (--whole-archive)
zephyr/libzephyr.a(mem_attr.c.obj)
                              (--whole-archive)
zephyr/libzephyr.a(tracing_none.c.obj)
                              (--whole-archive)
zephyr/arch/common/libarch__common.a(sw_isr_common.c.obj)
                              (--whole-archive)
zephyr/arch/arch/arm/core/libarch__arm__core.a(fatal.c.obj)
                              (--whole-archive)
zephyr/arch/arch/arm/core/libarch__arm__core.a(nmi.c.obj)
                              (--whole-archive)
zephyr/arch/arch/arm/core/libarch__arm__core.a(nmi_on_reset.S.obj)
                              (--whole-archive)
zephyr/arch/arch/arm/core/cortex_m/libarch__arm__core__cortex_m.a(exc_exit.S.obj)
                              (--whole-archive)
zephyr/arch/arch/arm/core/cortex_m/libarch__arm__core__cortex_m.a(fault.c.obj)
                              (--whole-archive)
zephyr/arch/arch/arm/core/cortex_m/libarch__arm__core__cortex_m.a(fault_s.S.obj)
                              (--whole-archive)
zephyr/arch/arch/arm/core/cortex_m/libarch__arm__core__cortex_m.a(fpu.c.obj)
                              (--whole-archive)
zephyr/arch/arch/arm/core/cortex_m/libarch__arm__core__cortex_m.a(irq_init.c.obj)
                              (--whole-archive)
zephyr/arch/arch/arm/core/cortex_m/libarch__arm__core__cortex_m.a(reset.S.obj)
                              (--whole-archive)
zephyr/arch/arch/arm/core/cortex_m/libarch__arm__core__cortex_m.a(scb.c.obj)
                              (--whole-archive)
zephyr/arch/arch/arm/core/cortex_m/libarch__arm__core__cortex_m.a(thread_abort.c.obj)
                              (--whole-archive)
zephyr/arch/arch/arm/core/cortex_m/libarch__arm__core__cortex_m.a(vector_table.S.obj)
                              (--whole-archive)
zephyr/arch/arch/arm/core/cortex_m/libarch__arm__core__cortex_m.a(swap.c.obj)
                              (--whole-archive)
zephyr/arch/arch/arm/core/cortex_m/libarch__arm__core__cortex_m.a(swap_helper.S.obj)
                              (--whole-archive)
zephyr/arch/arch/arm/core/cortex_m/libarch__arm__core__cortex_m.a(irq_manage.c.obj)
                              (--whole-archive)
zephyr/arch/arch/arm/core/cortex_m/libarch__arm__core__cortex_m.a(prep_c.c.obj)
                              (--whole-archive)
zephyr/arch/arch/arm/core/cortex_m/libarch__arm__core__cortex_m.a(thread.c.obj)
                              (--whole-archive)
zephyr/arch/arch/arm/core/cortex_m/libarch__arm__core__cortex_m.a(cpu_idle.S.obj)
                              (--whole-archive)
zephyr/arch/arch/arm/core/cortex_m/libarch__arm__core__cortex_m.a(isr_wrapper.S.obj)
[...]
Memory Configuration

Name             Origin             Length             Attributes
FLASH            0x0000000008000000 0x0000000000200000 xr
RAM              0x0000000024000000 0x0000000000040000 xw
BACKUP_SRAM      0x0000000038800000 0x0000000000001000
QSPI             0x0000000090000000 0x0000000010000000
SRAM1            0x0000000024040000 0x0000000000060000
SRAM2            0x00000000240a0000 0x0000000000060000
SRAM3            0x0000000030000000 0x0000000000010000
SRAM4            0x0000000030010000 0x0000000000010000
SRAM5            0x0000000038000000 0x0000000000008000
DTCM             0x0000000020000000 0x0000000000020000
ITCM             0x0000000000000000 0x0000000000010000
IDT_LIST         0x00000000fffff7ff 0x0000000000000800 xw
*default*        0x0000000000000000 0xffffffffffffffff

Linker script and memory map

LOAD zephyr/CMakeFiles/zephyr_final.dir/misc/empty_file.c.obj
LOAD zephyr/CMakeFiles/zephyr_final.dir/isr_tables.c.obj
LOAD zephyr/CMakeFiles/offsets.dir/./arch/arm/core/offsets/offsets.c.obj
LOAD app/libapp.a
LOAD zephyr/libzephyr.a
LOAD zephyr/arch/common/libarch__common.a
LOAD zephyr/arch/arch/arm/core/libarch__arm__core.a
LOAD zephyr/arch/arch/arm/core/cortex_m/libarch__arm__core__cortex_m.a
LOAD zephyr/arch/arch/arm/core/mpu/libarch__arm__core__mpu.a
LOAD zephyr/lib/libc/minimal/liblib__libc__minimal.a
LOAD zephyr/lib/libc/common/liblib__libc__common.a
LOAD zephyr/drivers/interrupt_controller/libdrivers__interrupt_controller.a
LOAD zephyr/drivers/clock_control/libdrivers__clock_control.a
LOAD zephyr/drivers/console/libdrivers__console.a
LOAD zephyr/drivers/gpio/libdrivers__gpio.a
LOAD zephyr/drivers/pinctrl/libdrivers__pinctrl.a
LOAD zephyr/drivers/pwm/libdrivers__pwm.a
LOAD zephyr/drivers/reset/libdrivers__reset.a
LOAD zephyr/drivers/serial/libdrivers__serial.a
LOAD zephyr/drivers/timer/libdrivers__timer.a
LOAD modules/stm32/stm32cube/lib..__modules__hal__stm32__stm32cube.a
LOAD zephyr/kernel/libkernel.a
LOAD /home/quantumvortex/zephyr-sdk-0.17.2/arm-zephyr-eabi/bin/../lib/gcc/arm-zephyr-eabi/12.2.0/thumb/v7e-m/nofp/libgcc.a
LOAD zephyr/arch/common/libisr_tables.a
                0x0000000000000020                _region_min_align = 0x20

.rel.plt        0x0000000008000000        0x0
 *(SORT_BY_ALIGNMENT(.rel.plt))
                [!provide]                        PROVIDE (__rel_iplt_start = .)
 *(SORT_BY_ALIGNMENT(.rel.iplt))
 .rel.iplt      0x0000000008000000        0x0 zephyr/CMakeFiles/zephyr_final.dir/isr_tables.c.obj
                [!provide]                        PROVIDE (__rel_iplt_end = .)

.rela.plt       0x0000000000000000        0x0
 *(SORT_BY_ALIGNMENT(.rela.plt))
                [!provide]                        PROVIDE (__rela_iplt_start = .)
 *(SORT_BY_ALIGNMENT(.rela.iplt))
                [!provide]                        PROVIDE (__rela_iplt_end = .)

.rel.dyn
 *(SORT_BY_ALIGNMENT(.rel.*))

.rela.dyn
 *(SORT_BY_ALIGNMENT(.rela.*))

/DISCARD/
 *(SORT_BY_ALIGNMENT(.plt))

/DISCARD/
 *(SORT_BY_ALIGNMENT(.iplt))
                0x0000000008000000                __rom_region_start = 0x8000000

rom_start       0x0000000008000000      0x2ac
                0x0000000008000000                __rom_start_address = .
 FILL mask 0x00
                0x0000000008000000                . = (. + (0x0 - (. - __rom_start_address)))
                0x0000000008000000                . = ALIGN (0x4)
                0x0000000008000000                . = ALIGN (0x80)
                0x0000000008000000                . = ALIGN (0x400)
                0x0000000008000000                _vector_start = .
 *(SORT_BY_ALIGNMENT(.exc_vector_table))
 *(SORT_BY_ALIGNMENT(.exc_vector_table.*))
 .exc_vector_table._vector_table_section
                0x0000000008000000       0x40 zephyr/arch/arch/arm/core/cortex_m/libarch__arm__core__cortex_m.a(vector_table.S.obj)
                0x0000000008000000                _vector_table
 *(SORT_BY_ALIGNMENT(.vectors))
                0x00000000080002ac                _vector_end = .
                0x0000000008000040                . = ALIGN (0x4)
 *(SORT_BY_ALIGNMENT(.gnu.linkonce.irq_vector_table*))
 .gnu.linkonce.irq_vector_table
                0x0000000008000040      0x26c zephyr/CMakeFiles/zephyr_final.dir/isr_tables.c.obj
                0x0000000008000040                _irq_vector_table
                0x00000000080002ac                _vector_end = .

text            0x00000000080002ac     0x6a74
                0x00000000080002ac                __text_region_start = .
 *(SORT_BY_ALIGNMENT(.text))
 .text          0x00000000080002ac      0x21c /home/quantumvortex/zephyr-sdk-0.17.2/arm-zephyr-eabi/bin/../lib/gcc/arm-zephyr-eabi/12.2.0/thumb/v7e-m/nofp/libgcc.a(_arm_addsubsf3.o)
                0x00000000080002ac                __aeabi_frsub
                0x00000000080002b4                __subsf3
                0x00000000080002b4                __aeabi_fsub
                0x00000000080002b8                __aeabi_fadd
                0x00000000080002b8                __addsf3
                0x0000000008000418                __aeabi_ui2f
                0x0000000008000418                __floatunsisf
                0x0000000008000420                __aeabi_i2f
                0x0000000008000420                __floatsisf
                0x000000000800043c                __floatundisf
                0x000000000800043c                __aeabi_ul2f
                0x000000000800044c                __floatdisf
                0x000000000800044c                __aeabi_l2f
 .text          0x00000000080004c8      0x2a0 /home/quantumvortex/zephyr-sdk-0.17.2/arm-zephyr-eabi/bin/../lib/gcc/arm-zephyr-eabi/12.2.0/thumb/v7e-m/nofp/libgcc.a(_arm_muldivsf3.o)
                0x00000000080004c8                __mulsf3
                0x00000000080004c8                __aeabi_fmul
                0x0000000008000630                __divsf3
                0x0000000008000630                __aeabi_fdiv
 .text          0x0000000008000768       0x40 /home/quantumvortex/zephyr-sdk-0.17.2/arm-zephyr-eabi/bin/../lib/gcc/arm-zephyr-eabi/12.2.0/thumb/v7e-m/nofp/libgcc.a(_arm_fixunssfsi.o)
                0x0000000008000768                __aeabi_f2uiz
                0x0000000008000768                __fixunssfsi
 .text          0x00000000080007a8       0x30 /home/quantumvortex/zephyr-sdk-0.17.2/arm-zephyr-eabi/bin/../lib/gcc/arm-zephyr-eabi/12.2.0/thumb/v7e-m/nofp/libgcc.a(_aeabi_uldivmod.o)
                0x00000000080007a8                __aeabi_uldivmod
 .text          0x00000000080007d8        0x4 /home/quantumvortex/zephyr-sdk-0.17.2/arm-zephyr-eabi/bin/../lib/gcc/arm-zephyr-eabi/12.2.0/thumb/v7e-m/nofp/libgcc.a(_dvmd_tls.o)
                0x00000000080007d8                __aeabi_ldiv0
                0x00000000080007d8                __aeabi_idiv0
 .text          0x00000000080007dc      0x2a0 /home/quantumvortex/zephyr-sdk-0.17.2/arm-zephyr-eabi/bin/../lib/gcc/arm-zephyr-eabi/12.2.0/thumb/v7e-m/nofp/libgcc.a(_udivmoddi4.o)
                0x00000000080007dc                __udivmoddi4
 *(SORT_BY_ALIGNMENT(.text.*))
 .text.stepper_move.constprop.0
                0x0000000008000a7c       0x3c app/libapp.a(main.c.obj)
 .text.main     0x0000000008000ab8       0x7c app/libapp.a(main.c.obj)
                0x0000000008000ab8                main
 .text.cbvprintf_package
                0x0000000008000b34      0x3a4 zephyr/libzephyr.a(cbprintf_packaged.c.obj)
                0x0000000008000b34                cbvprintf_package
 .text.cbprintf_package_convert
                0x0000000008000ed8      0x3c0 zephyr/libzephyr.a(cbprintf_packaged.c.obj)
                0x0000000008000ed8                cbprintf_package_convert
 .text.__printk_hook_install
                0x0000000008001298        0xc zephyr/libzephyr.a(printk.c.obj)
                0x0000000008001298                __printk_hook_install
 .text.vsnprintk
                0x00000000080012a4       0x2c zephyr/libzephyr.a(printk.c.obj)
                0x00000000080012a4                vsnprintk
 .text.z_cbvprintf_impl
                0x00000000080012d0      0x764 zephyr/libzephyr.a(cbprintf_complete.c.obj)
                0x00000000080012d0                z_cbvprintf_impl
 .text.stm32h7_init
                0x0000000008001a34       0xe8 zephyr/libzephyr.a(soc_m7.c.obj)
 .text.activate_foreach_backend
                0x0000000008001b1c       0x64 zephyr/libzephyr.a(log_core.c.obj)
 .text.enable_logger
                0x0000000008001b80       0x5c zephyr/libzephyr.a(log_core.c.obj)
 .text.log_process_thread_timer_expiry_fn
                0x0000000008001bdc        0xc zephyr/libzephyr.a(log_core.c.obj)
 .text.z_log_init
                0x0000000008001be8       0x8c zephyr/libzephyr.a(log_core.c.obj)
 .text.log_format_func_t_get
                0x0000000008001c74        0xc zephyr/libzephyr.a(log_core.c.obj)
                0x0000000008001c74                log_format_func_t_get
 .text.log_set_timestamp_func
                0x0000000008001c80       0x20 zephyr/libzephyr.a(log_core.c.obj)
                0x0000000008001c80                log_set_timestamp_func
 .text.z_log_notify_backend_enabled
                0x0000000008001ca0       0x1c zephyr/libzephyr.a(log_core.c.obj)
                0x0000000008001ca0                z_log_notify_backend_enabled
 .text.z_log_dropped
                0x0000000008001cbc       0x30 zephyr/libzephyr.a(log_core.c.obj)
                0x0000000008001cbc                z_log_dropped
 .text.z_log_dropped_read_and_clear
                0x0000000008001cec       0x20 zephyr/libzephyr.a(log_core.c.obj)
                0x0000000008001cec                z_log_dropped_read_and_clear
 .text.dropped_notify
                0x0000000008001d0c       0x30 zephyr/libzephyr.a(log_core.c.obj)
                0x0000000008001d0c                dropped_notify
 .text.z_log_msg_init
                0x0000000008001d3c       0x20 zephyr/libzephyr.a(log_core.c.obj)
                0x0000000008001d3c                z_log_msg_init
 .text.log_core_init
                0x0000000008001d5c       0x34 zephyr/libzephyr.a(log_core.c.obj)
                0x0000000008001d5c                log_core_init
 .text.z_log_msg_alloc
                0x0000000008001d90       0x10 zephyr/libzephyr.a(log_core.c.obj)
                0x0000000008001d90                z_log_msg_alloc
 .text.z_log_msg_local_claim
                0x0000000008001da0        0xc zephyr/libzephyr.a(log_core.c.obj)
                0x0000000008001da0                z_log_msg_local_claim
 .text.z_log_msg_free
                0x0000000008001dac       0x10 zephyr/libzephyr.a(log_core.c.obj)
                0x0000000008001dac                z_log_msg_free
 .text.z_log_msg_pending
                0x0000000008001dbc        0xc zephyr/libzephyr.a(log_core.c.obj)
                0x0000000008001dbc                z_log_msg_pending
 .text.z_impl_log_process
                0x0000000008001dc8       0xb0 zephyr/libzephyr.a(log_core.c.obj)
                0x0000000008001dc8                z_impl_log_process
 .text.z_impl_log_panic
                0x0000000008001e78       0x44 zephyr/libzephyr.a(log_core.c.obj)
                0x0000000008001e78                z_impl_log_panic
 .text.log_process_thread_func
                0x0000000008001ebc       0x9c zephyr/libzephyr.a(log_core.c.obj)
 .text.z_log_msg_post_finalize
                0x0000000008001f58       0x78 zephyr/libzephyr.a(log_core.c.obj)
 .text.z_log_msg_commit
                0x0000000008001fd0       0x24 zephyr/libzephyr.a(log_core.c.obj)
                0x0000000008001fd0                z_log_msg_commit
 .text.log_source_name_get
                0x0000000008001ff4       0x1c zephyr/libzephyr.a(log_mgmt.c.obj)
                0x0000000008001ff4                log_source_name_get
 .text.log_backend_enable
                0x0000000008002010       0x28 zephyr/libzephyr.a(log_mgmt.c.obj)
                0x0000000008002010                log_backend_enable
 .text.z_impl_z_log_msg_static_create
                0x0000000008002038      0x108 zephyr/libzephyr.a(log_msg.c.obj)
                0x0000000008002038                z_impl_z_log_msg_static_create
 .text.z_impl_z_log_msg_runtime_vcreate
                0x0000000008002140       0x8c zephyr/libzephyr.a(log_msg.c.obj)
                0x0000000008002140                z_impl_z_log_msg_runtime_vcreate
 .text.print_formatted
                0x00000000080021cc       0x24 zephyr/libzephyr.a(log_output.c.obj)
 .text.newline_print
                0x00000000080021f0       0x1c zephyr/libzephyr.a(log_output.c.obj)
 .text.log_output_process
                0x000000000800220c      0x2a4 zephyr/libzephyr.a(log_output.c.obj)
                0x000000000800220c                log_output_process
 .text.log_output_msg_process
                0x00000000080024b0       0x70 zephyr/libzephyr.a(log_output.c.obj)
                0x00000000080024b0                log_output_msg_process
 .text.log_output_dropped_process
                0x0000000008002520       0x58 zephyr/libzephyr.a(log_output.c.obj)
                0x0000000008002520                log_output_dropped_process
 .text.log_output_timestamp_freq_set
                0x0000000008002578       0x2c zephyr/libzephyr.a(log_output.c.obj)
                0x0000000008002578                log_output_timestamp_freq_set
 .text.format_set
                0x00000000080025a4        0xc zephyr/libzephyr.a(log_backend_uart.c.obj)
 .text.panic    0x00000000080025b0       0x14 zephyr/libzephyr.a(log_backend_uart.c.obj)
 .text.dropped  0x00000000080025c4        0xc zephyr/libzephyr.a(log_backend_uart.c.obj)
 .text.process  0x00000000080025d0       0x24 zephyr/libzephyr.a(log_backend_uart.c.obj)
 .text.char_out
                0x00000000080025f4       0x24 zephyr/libzephyr.a(log_backend_uart.c.obj)
 .text.mem_attr_get_regions
                0x0000000008002618        0xc zephyr/libzephyr.a(mem_attr.c.obj)
                0x0000000008002618                mem_attr_get_regions
 .text.z_arm_fatal_error
                0x0000000008002624       0xcc zephyr/arch/arch/arm/core/libarch__arm__core.a(fatal.c.obj)
                0x0000000008002624                z_arm_fatal_error
 .text.z_SysNmiOnReset
                0x00000000080026f0        0x8 zephyr/arch/arch/arm/core/libarch__arm__core.a(nmi_on_reset.S.obj)
                0x00000000080026f0                z_SysNmiOnReset
 .text._HandlerModeExit
                0x00000000080026f8       0x1c zephyr/arch/arch/arm/core/cortex_m/libarch__arm__core__cortex_m.a(exc_exit.S.obj)
                0x00000000080026f8                z_arm_exc_exit
                0x00000000080026f8                z_arm_int_exit
 .text.bus_fault.constprop.0
                0x0000000008002714      0x154 zephyr/arch/arch/arm/core/cortex_m/libarch__arm__core__cortex_m.a(fault.c.obj)
 .text.usage_fault.constprop.0
                0x0000000008002868      0x104 zephyr/arch/arch/arm/core/cortex_m/libarch__arm__core__cortex_m.a(fault.c.obj)
 .text.mem_manage_fault
                0x000000000800296c      0x178 zephyr/arch/arch/arm/core/cortex_m/libarch__arm__core__cortex_m.a(fault.c.obj)
 .text.z_arm_fault
                0x0000000008002ae4      0x218 zephyr/arch/arch/arm/core/cortex_m/libarch__arm__core__cortex_m.a(fault.c.obj)
                0x0000000008002ae4                z_arm_fault
 .text.z_arm_fault_init
                0x0000000008002cfc       0x10 zephyr/arch/arch/arm/core/cortex_m/libarch__arm__core__cortex_m.a(fault.c.obj)
                0x0000000008002cfc                z_arm_fault_init
 .text.__fault  0x0000000008002d0c       0x14 zephyr/arch/arch/arm/core/cortex_m/libarch__arm__core__cortex_m.a(fault_s.S.obj)
                0x0000000008002d0c                z_arm_bus_fault
                0x0000000008002d0c                z_arm_usage_fault
                0x0000000008002d0c                z_arm_mpu_fault
                0x0000000008002d0c                z_arm_exc_spurious
                0x0000000008002d0c                z_arm_debug_monitor
                0x0000000008002d0c                z_arm_hard_fault
 .text.z_arm_interrupt_init
                0x0000000008002d20       0x18 zephyr/arch/arch/arm/core/cortex_m/libarch__arm__core__cortex_m.a(irq_init.c.obj)
                0x0000000008002d20                z_arm_interrupt_init
 .text._reset_section
                0x0000000008002d38       0x2c zephyr/arch/arch/arm/core/cortex_m/libarch__arm__core__cortex_m.a(reset.S.obj)
                0x0000000008002d38                z_arm_reset
                0x0000000008002d38                __start
 .text.z_impl_k_thread_abort
                0x0000000008002d64       0x2c zephyr/arch/arch/arm/core/cortex_m/libarch__arm__core__cortex_m.a(thread_abort.c.obj)
                0x0000000008002d64                z_impl_k_thread_abort
 .text.arch_swap
                0x0000000008002d90       0x34 zephyr/arch/arch/arm/core/cortex_m/libarch__arm__core__cortex_m.a(swap.c.obj)
                0x0000000008002d90                arch_swap
 .text.z_arm_pendsv
                0x0000000008002dc4       0x54 zephyr/arch/arch/arm/core/cortex_m/libarch__arm__core__cortex_m.a(swap_helper.S.obj)
                0x0000000008002dc4                z_arm_pendsv
 .text.z_arm_svc
                0x0000000008002e18       0x20 zephyr/arch/arch/arm/core/cortex_m/libarch__arm__core__cortex_m.a(swap_helper.S.obj)
                0x0000000008002e18                z_arm_svc
 .text.arch_irq_enable
                0x0000000008002e38       0x1c zephyr/arch/arch/arm/core/cortex_m/libarch__arm__core__cortex_m.a(irq_manage.c.obj)
                0x0000000008002e38                arch_irq_enable
 .text.z_arm_irq_priority_set
                0x0000000008002e54       0x2c zephyr/arch/arch/arm/core/cortex_m/libarch__arm__core__cortex_m.a(irq_manage.c.obj)
                0x0000000008002e54                z_arm_irq_priority_set
 .text.z_arm_prep_c
                0x0000000008002e80       0x48 zephyr/arch/arch/arm/core/cortex_m/libarch__arm__core__cortex_m.a(prep_c.c.obj)
                0x0000000008002e80                z_arm_prep_c
 .text.arch_new_thread
                0x0000000008002ec8       0x2c zephyr/arch/arch/arm/core/cortex_m/libarch__arm__core__cortex_m.a(thread.c.obj)
                0x0000000008002ec8                arch_new_thread
 .text.z_check_thread_stack_fail
                0x0000000008002ef4       0x2c zephyr/arch/arch/arm/core/cortex_m/libarch__arm__core__cortex_m.a(thread.c.obj)
                0x0000000008002ef4                z_check_thread_stack_fail
 .text.arch_switch_to_main_thread
                0x0000000008002f20       0x2c zephyr/arch/arch/arm/core/cortex_m/libarch__arm__core__cortex_m.a(thread.c.obj)
                0x0000000008002f20                arch_switch_to_main_thread
 .text.z_arm_cpu_idle_init
                0x0000000008002f4c        0xc zephyr/arch/arch/arm/core/cortex_m/libarch__arm__core__cortex_m.a(cpu_idle.S.obj)
                0x0000000008002f4c                z_arm_cpu_idle_init
 .text.arch_cpu_idle
                0x0000000008002f58       0x1c zephyr/arch/arch/arm/core/cortex_m/libarch__arm__core__cortex_m.a(cpu_idle.S.obj)
                0x0000000008002f58                arch_cpu_idle
 .text._isr_wrapper
                0x0000000008002f74       0x28 zephyr/arch/arch/arm/core/cortex_m/libarch__arm__core__cortex_m.a(isr_wrapper.S.obj)
                0x0000000008002f74                _isr_wrapper
 .text.z_arm_configure_static_mpu_regions
                0x0000000008002f9c       0x18 zephyr/arch/arch/arm/core/mpu/libarch__arm__core__mpu.a(arm_core_mpu.c.obj)
                0x0000000008002f9c                z_arm_configure_static_mpu_regions
 .text.z_arm_configure_dynamic_mpu_regions
                0x0000000008002fb4       0x20 zephyr/arch/arch/arm/core/mpu/libarch__arm__core__mpu.a(arm_core_mpu.c.obj)
                0x0000000008002fb4                z_arm_configure_dynamic_mpu_regions
 .text.region_init
                0x0000000008002fd4       0x28 zephyr/arch/arch/arm/core/mpu/libarch__arm__core__mpu.a(arm_mpu.c.obj)
 .text.region_allocate_and_init.part.0
                0x0000000008002ffc       0x30 zephyr/arch/arch/arm/core/mpu/libarch__arm__core__mpu.a(arm_mpu.c.obj)
 .text.mpu_configure_regions
                0x000000000800302c       0x9c zephyr/arch/arch/arm/core/mpu/libarch__arm__core__mpu.a(arm_mpu.c.obj)
 .text.arm_core_mpu_enable
                0x00000000080030c8       0x18 zephyr/arch/arch/arm/core/mpu/libarch__arm__core__mpu.a(arm_mpu.c.obj)
                0x00000000080030c8                arm_core_mpu_enable
 .text.arm_core_mpu_disable
                0x00000000080030e0       0x14 zephyr/arch/arch/arm/core/mpu/libarch__arm__core__mpu.a(arm_mpu.c.obj)
                0x00000000080030e0                arm_core_mpu_disable
 .text.arm_core_mpu_configure_static_mpu_regions
                0x00000000080030f4       0x14 zephyr/arch/arch/arm/core/mpu/libarch__arm__core__mpu.a(arm_mpu.c.obj)
                0x00000000080030f4                arm_core_mpu_configure_static_mpu_regions
 .text.arm_core_mpu_configure_dynamic_mpu_regions
                0x0000000008003108       0x30 zephyr/arch/arch/arm/core/mpu/libarch__arm__core__mpu.a(arm_mpu.c.obj)
                0x0000000008003108                arm_core_mpu_configure_dynamic_mpu_regions
 .text.z_arm_mpu_init
                0x0000000008003138      0x14c zephyr/arch/arch/arm/core/mpu/libarch__arm__core__mpu.a(arm_mpu.c.obj)
                0x0000000008003138                z_arm_mpu_init
 .text.__stdout_hook_install
                0x0000000008003284        0xc zephyr/lib/libc/minimal/liblib__libc__minimal.a(stdout_console.c.obj)
                0x0000000008003284                __stdout_hook_install
 .text.stm32_exti_isr
                0x0000000008003290       0x50 zephyr/drivers/interrupt_controller/libdrivers__interrupt_controller.a(intc_exti_stm32.c.obj)
 .text.stm32_fill_irq_table
                0x00000000080032e0       0x18 zephyr/drivers/interrupt_controller/libdrivers__interrupt_controller.a(intc_exti_stm32.c.obj)
 .text.stm32_exti_enable
                0x00000000080032f8       0x28 zephyr/drivers/interrupt_controller/libdrivers__interrupt_controller.a(intc_exti_stm32.c.obj)
                0x00000000080032f8                stm32_exti_enable
 .text.stm32_exti_set_callback
                0x0000000008003320       0x30 zephyr/drivers/interrupt_controller/libdrivers__interrupt_controller.a(intc_exti_stm32.c.obj)
                0x0000000008003320                stm32_exti_set_callback
 .text.stm32_exti_unset_callback
                0x0000000008003350       0x14 zephyr/drivers/interrupt_controller/libdrivers__interrupt_controller.a(intc_exti_stm32.c.obj)
                0x0000000008003350                stm32_exti_unset_callback
 .text.get_pllsrc_frequency
                0x0000000008003364       0x1c zephyr/drivers/clock_control/libdrivers__clock_control.a(clock_stm32_ll_h7.c.obj)
 .text.stm32_clock_control_configure
                0x0000000008003380       0x5c zephyr/drivers/clock_control/libdrivers__clock_control.a(clock_stm32_ll_h7.c.obj)
 .text.get_hclk_frequency
                0x00000000080033dc       0x2c zephyr/drivers/clock_control/libdrivers__clock_control.a(clock_stm32_ll_h7.c.obj)
 .text.stm32_clock_control_get_subsys_rate
                0x0000000008003408       0xcc zephyr/drivers/clock_control/libdrivers__clock_control.a(clock_stm32_ll_h7.c.obj)
 .text.stm32_clock_control_init
                0x00000000080034d4      0x1dc zephyr/drivers/clock_control/libdrivers__clock_control.a(clock_stm32_ll_h7.c.obj)
                0x00000000080034d4                stm32_clock_control_init
 .text.uart_console_init
                0x00000000080036b0       0x28 zephyr/drivers/console/libdrivers__console.a(uart_console.c.obj)
 .text.console_out
                0x00000000080036d8       0x28 zephyr/drivers/console/libdrivers__console.a(uart_console.c.obj)
 .text.gpio_stm32_init
                0x0000000008003700       0x30 zephyr/drivers/gpio/libdrivers__gpio.a(gpio_stm32.c.obj)
 .text.gpio_stm32_pin_interrupt_configure
                0x0000000008003730      0x110 zephyr/drivers/gpio/libdrivers__gpio.a(gpio_stm32.c.obj)
 .text.pinctrl_configure_pins
                0x0000000008003840       0x84 zephyr/drivers/pinctrl/libdrivers__pinctrl.a(pinctrl_stm32.c.obj)
                0x0000000008003840                pinctrl_configure_pins
 .text.LL_TIM_OC_GetPolarity
                0x00000000080038c4       0x64 zephyr/drivers/pwm/libdrivers__pwm.a(pwm_stm32.c.obj)
 .text.pwm_stm32_set_cycles
                0x0000000008003928      0x294 zephyr/drivers/pwm/libdrivers__pwm.a(pwm_stm32.c.obj)
 .text.pwm_stm32_init
                0x0000000008003bbc      0x17c zephyr/drivers/pwm/libdrivers__pwm.a(pwm_stm32.c.obj)
 .text.uart_stm32_set_baudrate.part.0
                0x0000000008003d38       0x28 zephyr/drivers/serial/libdrivers__serial.a(uart_stm32.c.obj)
 .text.uart_stm32_parameters_set
                0x0000000008003d60      0x134 zephyr/drivers/serial/libdrivers__serial.a(uart_stm32.c.obj)
 .text.uart_stm32_init
                0x0000000008003e94      0x204 zephyr/drivers/serial/libdrivers__serial.a(uart_stm32.c.obj)
 .text.uart_stm32_configure
                0x0000000008004098      0x18c zephyr/drivers/serial/libdrivers__serial.a(uart_stm32.c.obj)
 .text.elapsed  0x0000000008004224       0x4c zephyr/drivers/timer/libdrivers__timer.a(cortex_m_systick.c.obj)
 .text.sys_clock_driver_init
                0x0000000008004270       0x38 zephyr/drivers/timer/libdrivers__timer.a(cortex_m_systick.c.obj)
 .text.sys_clock_isr
                0x00000000080042a8       0x54 zephyr/drivers/timer/libdrivers__timer.a(cortex_m_systick.c.obj)
                0x00000000080042a8                sys_clock_isr
 .text.sys_clock_set_timeout
                0x00000000080042fc       0xfc zephyr/drivers/timer/libdrivers__timer.a(cortex_m_systick.c.obj)
                0x00000000080042fc                sys_clock_set_timeout
 .text.sys_clock_elapsed
                0x00000000080043f8       0x3c zephyr/drivers/timer/libdrivers__timer.a(cortex_m_systick.c.obj)
                0x00000000080043f8                sys_clock_elapsed
 .text.sys_clock_cycle_get_32
                0x0000000008004434       0x2c zephyr/drivers/timer/libdrivers__timer.a(cortex_m_systick.c.obj)
                0x0000000008004434                sys_clock_cycle_get_32
 .text.HAL_DBGMCU_DisableDBGStopMode
                0x0000000008004460       0x10 modules/stm32/stm32cube/lib..__modules__hal__stm32__stm32cube.a(stm32h7xx_hal.c.obj)
                0x0000000008004460                HAL_DBGMCU_DisableDBGStopMode
 .text.LL_RCC_HSE_IsReady
                0x0000000008004470       0x10 modules/stm32/stm32cube/lib..__modules__hal__stm32__stm32cube.a(stm32h7xx_ll_rcc.c.obj)
 .text.LL_RCC_HSI_IsReady
                0x0000000008004480       0x10 modules/stm32/stm32cube/lib..__modules__hal__stm32__stm32cube.a(stm32h7xx_ll_rcc.c.obj)
 .text.LL_RCC_CSI_IsReady
                0x0000000008004490       0x10 modules/stm32/stm32cube/lib..__modules__hal__stm32__stm32cube.a(stm32h7xx_ll_rcc.c.obj)
 .text.RCC_GetHCLKClockFreq
                0x00000000080044a0       0x1c modules/stm32/stm32cube/lib..__modules__hal__stm32__stm32cube.a(stm32h7xx_ll_rcc.c.obj)
 .text.RCC_GetPCLK1ClockFreq
                0x00000000080044bc       0x1c modules/stm32/stm32cube/lib..__modules__hal__stm32__stm32cube.a(stm32h7xx_ll_rcc.c.obj)
 .text.RCC_GetPCLK2ClockFreq
                0x00000000080044d8       0x1c modules/stm32/stm32cube/lib..__modules__hal__stm32__stm32cube.a(stm32h7xx_ll_rcc.c.obj)
 .text.RCC_GetPCLK4ClockFreq
                0x00000000080044f4       0x1c modules/stm32/stm32cube/lib..__modules__hal__stm32__stm32cube.a(stm32h7xx_ll_rcc.c.obj)
 .text.LL_RCC_GetPLL1ClockFreq
                0x0000000008004510       0xec modules/stm32/stm32cube/lib..__modules__hal__stm32__stm32cube.a(stm32h7xx_ll_rcc.c.obj)
                0x0000000008004510                LL_RCC_GetPLL1ClockFreq
 .text.RCC_GetSystemClockFreq
                0x00000000080045fc       0x54 modules/stm32/stm32cube/lib..__modules__hal__stm32__stm32cube.a(stm32h7xx_ll_rcc.c.obj)
 .text.LL_RCC_GetSystemClocksFreq
                0x0000000008004650       0x48 modules/stm32/stm32cube/lib..__modules__hal__stm32__stm32cube.a(stm32h7xx_ll_rcc.c.obj)
                0x0000000008004650                LL_RCC_GetSystemClocksFreq
 .text.LL_TIM_Init
                0x0000000008004698       0xac modules/stm32/stm32cube/lib..__modules__hal__stm32__stm32cube.a(stm32h7xx_ll_tim.c.obj)
                0x0000000008004698                LL_TIM_Init
 .text.LL_TIM_OC_Init
                0x0000000008004744      0x304 modules/stm32/stm32cube/lib..__modules__hal__stm32__stm32cube.a(stm32h7xx_ll_tim.c.obj)
                0x0000000008004744                LL_TIM_OC_Init
 .text.LL_SetFlashLatency
                0x0000000008004a48      0x178 modules/stm32/stm32cube/lib..__modules__hal__stm32__stm32cube.a(stm32h7xx_ll_utils.c.obj)
                0x0000000008004a48                LL_SetFlashLatency
 .text.z_impl_k_busy_wait
                0x0000000008004bc0       0x30 zephyr/kernel/libkernel.a(busy_wait.c.obj)
                0x0000000008004bc0                z_impl_k_busy_wait
 .text.k_sys_fatal_error_handler
                0x0000000008004bf0       0x30 zephyr/kernel/libkernel.a(fatal.c.obj)
                0x0000000008004bf0                k_sys_fatal_error_handler
 .text.z_fatal_error
                0x0000000008004c20       0xfc zephyr/kernel/libkernel.a(fatal.c.obj)
                0x0000000008004c20                z_fatal_error
 .text.z_sys_init_run_level
                0x0000000008004d1c       0x48 zephyr/kernel/libkernel.a(init.c.obj)
 .text.bg_thread_main
                0x0000000008004d64       0x34 zephyr/kernel/libkernel.a(init.c.obj)
 .text.z_bss_zero
                0x0000000008004d98       0x2c zephyr/kernel/libkernel.a(init.c.obj)
                0x0000000008004d98                z_bss_zero
 .text.z_init_cpu
                0x0000000008004dc4       0x8c zephyr/kernel/libkernel.a(init.c.obj)
                0x0000000008004dc4                z_init_cpu
 .text.z_cstart
                0x0000000008004e50       0xd4 zephyr/kernel/libkernel.a(init.c.obj)
                0x0000000008004e50                z_cstart
 .text.z_setup_new_thread
                0x0000000008004f24       0x64 zephyr/kernel/libkernel.a(thread.c.obj)
                0x0000000008004f24                z_setup_new_thread
 .text.z_impl_k_thread_create
                0x0000000008004f88       0x58 zephyr/kernel/libkernel.a(thread.c.obj)
                0x0000000008004f88                z_impl_k_thread_create
 .text.z_init_static_threads
                0x0000000008004fe0       0x94 zephyr/kernel/libkernel.a(thread.c.obj)
                0x0000000008004fe0                z_init_static_threads
 .text.z_impl_k_sem_give
                0x0000000008005074       0x48 zephyr/kernel/libkernel.a(sem.c.obj)
                0x0000000008005074                z_impl_k_sem_give
 .text.z_impl_k_sem_take
                0x00000000080050bc       0x50 zephyr/kernel/libkernel.a(sem.c.obj)
                0x00000000080050bc                z_impl_k_sem_take
 .text.sliceable
                0x000000000800510c       0x3c zephyr/kernel/libkernel.a(sched.c.obj)
 .text.slice_timeout
                0x0000000008005148       0x20 zephyr/kernel/libkernel.a(sched.c.obj)
 .text.z_reset_time_slice
                0x0000000008005168       0x50 zephyr/kernel/libkernel.a(sched.c.obj)
                0x0000000008005168                z_reset_time_slice
 .text.update_cache
                0x00000000080051b8       0x3c zephyr/kernel/libkernel.a(sched.c.obj)
 .text.move_thread_to_end_of_prio_q
                0x00000000080051f4       0x74 zephyr/kernel/libkernel.a(sched.c.obj)
 .text.ready_thread
                0x0000000008005268       0x68 zephyr/kernel/libkernel.a(sched.c.obj)
 .text.unready_thread
                0x00000000080052d0       0x30 zephyr/kernel/libkernel.a(sched.c.obj)
 .text.pend_locked
                0x0000000008005300       0x30 zephyr/kernel/libkernel.a(sched.c.obj)
 .text.z_time_slice
                0x0000000008005330       0x60 zephyr/kernel/libkernel.a(sched.c.obj)
                0x0000000008005330                z_time_slice
 .text.z_pend_curr
                0x0000000008005390       0x3c zephyr/kernel/libkernel.a(sched.c.obj)
                0x0000000008005390                z_pend_curr
 .text.z_reschedule
                0x00000000080053cc       0x24 zephyr/kernel/libkernel.a(sched.c.obj)
                0x00000000080053cc                z_reschedule
 .text.z_sched_start
                0x00000000080053f0       0x3c zephyr/kernel/libkernel.a(sched.c.obj)
                0x00000000080053f0                z_sched_start
 .text.z_impl_k_thread_suspend
                0x000000000800542c       0x64 zephyr/kernel/libkernel.a(sched.c.obj)
                0x000000000800542c                z_impl_k_thread_suspend
 .text.k_sched_lock
                0x0000000008005490       0x28 zephyr/kernel/libkernel.a(sched.c.obj)
                0x0000000008005490                k_sched_lock
 .text.k_sched_unlock
                0x00000000080054b8       0x38 zephyr/kernel/libkernel.a(sched.c.obj)
                0x00000000080054b8                k_sched_unlock
 .text.z_sched_init
                0x00000000080054f0       0x10 zephyr/kernel/libkernel.a(sched.c.obj)
                0x00000000080054f0                z_sched_init
 .text.z_impl_k_yield
                0x0000000008005500       0x7c zephyr/kernel/libkernel.a(sched.c.obj)
                0x0000000008005500                z_impl_k_yield
 .text.z_tick_sleep
                0x000000000800557c       0x88 zephyr/kernel/libkernel.a(sched.c.obj)
 .text.z_impl_k_sleep
                0x0000000008005604       0x30 zephyr/kernel/libkernel.a(sched.c.obj)
                0x0000000008005604                z_impl_k_sleep
 .text.z_impl_k_sched_current_thread_query
                0x0000000008005634        0xc zephyr/kernel/libkernel.a(sched.c.obj)
                0x0000000008005634                z_impl_k_sched_current_thread_query
 .text.z_thread_abort
                0x0000000008005640       0xc0 zephyr/kernel/libkernel.a(sched.c.obj)
                0x0000000008005640                z_thread_abort
 .text.z_data_copy
                0x0000000008005700       0x64 zephyr/kernel/libkernel.a(xip.c.obj)
                0x0000000008005700                z_data_copy
 .text.elapsed  0x0000000008005764       0x14 zephyr/kernel/libkernel.a(timeout.c.obj)
 .text.next_timeout
                0x0000000008005778       0x40 zephyr/kernel/libkernel.a(timeout.c.obj)
 .text.remove_timeout
                0x00000000080057b8       0x38 zephyr/kernel/libkernel.a(timeout.c.obj)
 .text.z_add_timeout
                0x00000000080057f0       0xec zephyr/kernel/libkernel.a(timeout.c.obj)
                0x00000000080057f0                z_add_timeout
 .text.sys_clock_announce
                0x00000000080058dc       0xd8 zephyr/kernel/libkernel.a(timeout.c.obj)
                0x00000000080058dc                sys_clock_announce
 .text.sys_clock_tick_get
                0x00000000080059b4       0x34 zephyr/kernel/libkernel.a(timeout.c.obj)
                0x00000000080059b4                sys_clock_tick_get
 .text.z_timer_expiration_handler
                0x00000000080059e8       0xe4 zephyr/kernel/libkernel.a(timer.c.obj)
                0x00000000080059e8                z_timer_expiration_handler
 .text.z_impl_k_timer_start
                0x0000000008005acc       0x60 zephyr/kernel/libkernel.a(timer.c.obj)
                0x0000000008005acc                z_impl_k_timer_start
 .text.boot_banner
                0x0000000008005b2c        0xc zephyr/kernel/libkernel.a(banner.c.obj)
                0x0000000008005b2c                boot_banner
 .text._OffsetAbsSyms
                0x0000000008005b38        0x2 zephyr/CMakeFiles/offsets.dir/./arch/arm/core/offsets/offsets.c.obj
                0x0000000008005b38                _OffsetAbsSyms
 .text.gpio_pin_set_dt.isra.0
                0x0000000008005b3a       0x28 app/libapp.a(main.c.obj)
 .text.gpio_pin_configure_dt.constprop.0.isra.0
                0x0000000008005b62       0x36 app/libapp.a(main.c.obj)
 .text.cbpprintf_external
                0x0000000008005b98       0x62 zephyr/libzephyr.a(cbprintf_packaged.c.obj)
                0x0000000008005b98                cbpprintf_external
 .text.is_ptr   0x0000000008005bfa       0x4a zephyr/libzephyr.a(cbprintf_packaged.c.obj)
                0x0000000008005bfa                is_ptr
 .text.arch_printk_char_out
                0x0000000008005c44        0x4 zephyr/libzephyr.a(printk.c.obj)
                0x0000000008005c44                arch_printk_char_out
 .text.str_out  0x0000000008005c48       0x24 zephyr/libzephyr.a(printk.c.obj)
 .text.printk   0x0000000008005c6c       0x1a zephyr/libzephyr.a(printk.c.obj)
                0x0000000008005c6c                printk
 .text.snprintk
                0x0000000008005c86       0x1a zephyr/libzephyr.a(printk.c.obj)
                0x0000000008005c86                snprintk
 .text.z_thread_entry
                0x0000000008005ca0       0x14 zephyr/libzephyr.a(thread_entry.c.obj)
                0x0000000008005ca0                z_thread_entry
 .text.encode_uint
                0x0000000008005cb4       0x8c zephyr/libzephyr.a(cbprintf_complete.c.obj)
 .text.outs     0x0000000008005d40       0x2e zephyr/libzephyr.a(cbprintf_complete.c.obj)
 .text.free_space
                0x0000000008005d6e       0x26 zephyr/libzephyr.a(mpsc_pbuf.c.obj)
 .text.get_usage
                0x0000000008005d94       0x22 zephyr/libzephyr.a(mpsc_pbuf.c.obj)
 .text.idx_inc  0x0000000008005db6       0x1c zephyr/libzephyr.a(mpsc_pbuf.c.obj)
 .text.rd_idx_inc
                0x0000000008005dd2       0x18 zephyr/libzephyr.a(mpsc_pbuf.c.obj)
 .text.add_skip_item
                0x0000000008005dea       0x3a zephyr/libzephyr.a(mpsc_pbuf.c.obj)
 .text.drop_item_locked
                0x0000000008005e24       0xee zephyr/libzephyr.a(mpsc_pbuf.c.obj)
 .text.post_drop_action
                0x0000000008005f12       0x36 zephyr/libzephyr.a(mpsc_pbuf.c.obj)
 .text.max_utilization_update
                0x0000000008005f48       0x1a zephyr/libzephyr.a(mpsc_pbuf.c.obj)
 .text.mpsc_pbuf_init
                0x0000000008005f62       0x42 zephyr/libzephyr.a(mpsc_pbuf.c.obj)
                0x0000000008005f62                mpsc_pbuf_init
 .text.mpsc_pbuf_alloc
                0x0000000008005fa4       0xfc zephyr/libzephyr.a(mpsc_pbuf.c.obj)
                0x0000000008005fa4                mpsc_pbuf_alloc
 .text.mpsc_pbuf_commit
                0x00000000080060a0       0x40 zephyr/libzephyr.a(mpsc_pbuf.c.obj)
                0x00000000080060a0                mpsc_pbuf_commit
 .text.mpsc_pbuf_claim
                0x00000000080060e0       0xa4 zephyr/libzephyr.a(mpsc_pbuf.c.obj)
                0x00000000080060e0                mpsc_pbuf_claim
 .text.mpsc_pbuf_free
                0x0000000008006184       0x78 zephyr/libzephyr.a(mpsc_pbuf.c.obj)
                0x0000000008006184                mpsc_pbuf_free
 .text.mpsc_pbuf_is_pending
                0x00000000080061fc       0x1a zephyr/libzephyr.a(mpsc_pbuf.c.obj)
                0x00000000080061fc                mpsc_pbuf_is_pending
 .text._ConfigAbsSyms
                0x0000000008006216        0x2 zephyr/libzephyr.a(configs.c.obj)
                0x0000000008006216                _ConfigAbsSyms
 .text.st_stm32_common_config
                0x0000000008006218        0xa zephyr/libzephyr.a(soc_config.c.obj)
 .text.log_msg_generic_get_wlen
                0x0000000008006222       0x20 zephyr/libzephyr.a(log_core.c.obj)
 .text.dummy_timestamp
                0x0000000008006242        0x4 zephyr/libzephyr.a(log_core.c.obj)
 .text.atomic_inc
                0x0000000008006246       0x1a zephyr/libzephyr.a(log_core.c.obj)
 .text.default_lf_get_timestamp
                0x0000000008006260       0x10 zephyr/libzephyr.a(log_core.c.obj)
 .text.z_log_vprintk
                0x0000000008006270       0x1c zephyr/libzephyr.a(log_core.c.obj)
                0x0000000008006270                z_log_vprintk
 .text.z_log_notify_drop
                0x000000000800628c        0x6 zephyr/libzephyr.a(log_core.c.obj)
 .text.z_log_get_tag
                0x0000000008006292        0x4 zephyr/libzephyr.a(log_core.c.obj)
                0x0000000008006292                z_log_get_tag
 .text.z_cbprintf_cpy
                0x0000000008006296       0x2c zephyr/libzephyr.a(log_msg.c.obj)
 .text.z_log_msg_finalize
                0x00000000080062c2       0x32 zephyr/libzephyr.a(log_msg.c.obj)
                0x00000000080062c2                z_log_msg_finalize
 .text.buffer_write
                0x00000000080062f4       0x1a zephyr/libzephyr.a(log_output.c.obj)
 .text.cbvprintf
                0x000000000800630e        0xe zephyr/libzephyr.a(log_output.c.obj)
 .text.log_output_flush
                0x000000000800631c       0x1a zephyr/libzephyr.a(log_output.c.obj)
                0x000000000800631c                log_output_flush
 .text.out_func
                0x0000000008006336       0x36 zephyr/libzephyr.a(log_output.c.obj)
 .text.cr_out_func
                0x000000000800636c       0x1c zephyr/libzephyr.a(log_output.c.obj)
 .text.log_backend_uart_init
                0x0000000008006388        0x2 zephyr/libzephyr.a(log_backend_uart.c.obj)
 .text.z_do_kernel_oops
                0x000000000800638a        0x8 zephyr/arch/arch/arm/core/libarch__arm__core.a(fatal.c.obj)
                0x000000000800638a                z_do_kernel_oops
 .text.z_arm_nmi
                0x0000000008006392        0xe zephyr/arch/arch/arm/core/libarch__arm__core.a(nmi.c.obj)
                0x0000000008006392                z_arm_nmi
 .text.z_log_msg_static_create.constprop.0
                0x00000000080063a0        0x6 zephyr/arch/arch/arm/core/cortex_m/libarch__arm__core__cortex_m.a(fault.c.obj)
 .text.z_irq_spurious
                0x00000000080063a6        0x8 zephyr/arch/arch/arm/core/cortex_m/libarch__arm__core__cortex_m.a(irq_manage.c.obj)
                0x00000000080063a6                z_irq_spurious
 .text.size_to_mpu_rasr_size
                0x00000000080063ae       0x20 zephyr/arch/arch/arm/core/mpu/libarch__arm__core__mpu.a(arm_mpu.c.obj)
 .text.strlen   0x00000000080063ce        0xe zephyr/lib/libc/minimal/liblib__libc__minimal.a(string.c.obj)
                0x00000000080063ce                strlen
 .text.memcpy   0x00000000080063dc       0x16 zephyr/lib/libc/minimal/liblib__libc__minimal.a(string.c.obj)
                0x00000000080063dc                memcpy
 .text.memset   0x00000000080063f2       0x12 zephyr/lib/libc/minimal/liblib__libc__minimal.a(string.c.obj)
                0x00000000080063f2                memset
 .text._stdout_hook_default
                0x0000000008006404        0x6 zephyr/lib/libc/minimal/liblib__libc__minimal.a(stdout_console.c.obj)
 .text.strnlen  0x000000000800640a       0x12 zephyr/lib/libc/common/liblib__libc__common.a(strnlen.c.obj)
                0x000000000800640a                strnlen
 .text.stm32_exti_init
                0x000000000800641c       0x92 zephyr/drivers/interrupt_controller/libdrivers__interrupt_controller.a(intc_exti_stm32.c.obj)
 .text.stm32_exti_disable
                0x00000000080064ae       0x1a zephyr/drivers/interrupt_controller/libdrivers__interrupt_controller.a(intc_exti_stm32.c.obj)
                0x00000000080064ae                stm32_exti_disable
 .text.stm32_exti_trigger
                0x00000000080064c8       0x64 zephyr/drivers/interrupt_controller/libdrivers__interrupt_controller.a(intc_exti_stm32.c.obj)
                0x00000000080064c8                stm32_exti_trigger
 .text.stm32_clock_control_on
                0x000000000800652c       0x24 zephyr/drivers/clock_control/libdrivers__clock_control.a(clock_stm32_ll_h7.c.obj)
 .text.stm32_clock_control_off
                0x0000000008006550       0x26 zephyr/drivers/clock_control/libdrivers__clock_control.a(clock_stm32_ll_h7.c.obj)
 .text.gpio_stm32_port_get_raw
                0x0000000008006576        0xc zephyr/drivers/gpio/libdrivers__gpio.a(gpio_stm32.c.obj)
 .text.gpio_stm32_port_set_masked_raw
                0x0000000008006582       0x12 zephyr/drivers/gpio/libdrivers__gpio.a(gpio_stm32.c.obj)
 .text.gpio_stm32_port_set_bits_raw
                0x0000000008006594        0xa zephyr/drivers/gpio/libdrivers__gpio.a(gpio_stm32.c.obj)
 .text.gpio_stm32_port_clear_bits_raw
                0x000000000800659e        0xc zephyr/drivers/gpio/libdrivers__gpio.a(gpio_stm32.c.obj)
 .text.gpio_stm32_port_toggle_bits
                0x00000000080065aa        0xe zephyr/drivers/gpio/libdrivers__gpio.a(gpio_stm32.c.obj)
 .text.gpio_stm32_manage_callback
                0x00000000080065b8       0x52 zephyr/drivers/gpio/libdrivers__gpio.a(gpio_stm32.c.obj)
 .text.gpio_stm32_configure_raw.isra.0
                0x000000000800660a       0xa0 zephyr/drivers/gpio/libdrivers__gpio.a(gpio_stm32.c.obj)
 .text.gpio_stm32_config
                0x00000000080066aa       0x78 zephyr/drivers/gpio/libdrivers__gpio.a(gpio_stm32.c.obj)
 .text.gpio_stm32_isr
                0x0000000008006722       0x2e zephyr/drivers/gpio/libdrivers__gpio.a(gpio_stm32.c.obj)
 .text.gpio_stm32_configure
                0x0000000008006750       0x30 zephyr/drivers/gpio/libdrivers__gpio.a(gpio_stm32.c.obj)
                0x0000000008006750                gpio_stm32_configure
 .text.pinctrl_lookup_state
                0x0000000008006780       0x26 zephyr/drivers/pinctrl/libdrivers__pinctrl.a(common.c.obj)
                0x0000000008006780                pinctrl_lookup_state
 .text.LL_TIM_OC_SetCompareCH1
                0x00000000080067a6        0x4 zephyr/drivers/pwm/libdrivers__pwm.a(pwm_stm32.c.obj)
 .text.LL_TIM_OC_SetCompareCH2
                0x00000000080067aa        0x4 zephyr/drivers/pwm/libdrivers__pwm.a(pwm_stm32.c.obj)
 .text.LL_TIM_OC_SetCompareCH3
                0x00000000080067ae        0x4 zephyr/drivers/pwm/libdrivers__pwm.a(pwm_stm32.c.obj)
 .text.LL_TIM_OC_SetCompareCH4
                0x00000000080067b2        0x4 zephyr/drivers/pwm/libdrivers__pwm.a(pwm_stm32.c.obj)
 .text.LL_TIM_OC_SetCompareCH5
                0x00000000080067b6        0x6 zephyr/drivers/pwm/libdrivers__pwm.a(pwm_stm32.c.obj)
 .text.LL_TIM_OC_SetCompareCH6
                0x00000000080067bc        0x4 zephyr/drivers/pwm/libdrivers__pwm.a(pwm_stm32.c.obj)
 .text.pwm_stm32_get_cycles_per_sec
                0x00000000080067c0       0x16 zephyr/drivers/pwm/libdrivers__pwm.a(pwm_stm32.c.obj)
 .text.reset_stm32_status
                0x00000000080067d6       0x22 zephyr/drivers/reset/libdrivers__reset.a(reset_stm32.c.obj)
 .text.reset_stm32_line_assert
                0x00000000080067f8       0x1c zephyr/drivers/reset/libdrivers__reset.a(reset_stm32.c.obj)
 .text.reset_stm32_line_deassert
                0x0000000008006814       0x1e zephyr/drivers/reset/libdrivers__reset.a(reset_stm32.c.obj)
 .text.reset_stm32_line_toggle
                0x0000000008006832       0x16 zephyr/drivers/reset/libdrivers__reset.a(reset_stm32.c.obj)
 .text.uart_stm32_ll2cfg_databits
                0x0000000008006848       0x2a zephyr/drivers/serial/libdrivers__serial.a(uart_stm32.c.obj)
 .text.uart_stm32_err_check
                0x0000000008006872       0x62 zephyr/drivers/serial/libdrivers__serial.a(uart_stm32.c.obj)
 .text.uart_stm32_poll_out
                0x00000000080068d4       0x3a zephyr/drivers/serial/libdrivers__serial.a(uart_stm32.c.obj)
 .text.uart_stm32_poll_in
                0x000000000800690e       0x24 zephyr/drivers/serial/libdrivers__serial.a(uart_stm32.c.obj)
 .text.uart_stm32_config_get
                0x0000000008006932       0x92 zephyr/drivers/serial/libdrivers__serial.a(uart_stm32.c.obj)
 .text.uart_stm32_set_baudrate
                0x00000000080069c4       0x42 zephyr/drivers/serial/libdrivers__serial.a(uart_stm32.c.obj)
 .text.LL_RCC_CalcPLLClockFreq
                0x0000000008006a06       0x5c modules/stm32/stm32cube/lib..__modules__hal__stm32__stm32cube.a(stm32h7xx_ll_rcc.c.obj)
                0x0000000008006a06                LL_RCC_CalcPLLClockFreq
 .text.LL_TIM_StructInit
                0x0000000008006a62       0x12 modules/stm32/stm32cube/lib..__modules__hal__stm32__stm32cube.a(stm32h7xx_ll_tim.c.obj)
                0x0000000008006a62                LL_TIM_StructInit
 .text.LL_TIM_OC_StructInit
                0x0000000008006a74       0x14 modules/stm32/stm32cube/lib..__modules__hal__stm32__stm32cube.a(stm32h7xx_ll_tim.c.obj)
                0x0000000008006a74                LL_TIM_OC_StructInit
 .text.z_device_state_init
                0x0000000008006a88        0x2 zephyr/kernel/libkernel.a(device.c.obj)
                0x0000000008006a88                z_device_state_init
 .text.z_device_is_ready
                0x0000000008006a8a       0x16 zephyr/kernel/libkernel.a(device.c.obj)
                0x0000000008006a8a                z_device_is_ready
 .text.arch_system_halt
                0x0000000008006aa0       0x12 zephyr/kernel/libkernel.a(fatal.c.obj)
                0x0000000008006aa0                arch_system_halt
 .text.z_early_memset
                0x0000000008006ab2        0x4 zephyr/kernel/libkernel.a(init.c.obj)
                0x0000000008006ab2                z_early_memset
 .text.z_early_memcpy
                0x0000000008006ab6        0x4 zephyr/kernel/libkernel.a(init.c.obj)
                0x0000000008006ab6                z_early_memcpy
 .text.k_is_in_isr
                0x0000000008006aba        0xc zephyr/kernel/libkernel.a(thread.c.obj)
                0x0000000008006aba                k_is_in_isr
 .text.z_impl_k_thread_name_set
                0x0000000008006ac6        0x6 zephyr/kernel/libkernel.a(thread.c.obj)
                0x0000000008006ac6                z_impl_k_thread_name_set
 .text.k_thread_name_get
                0x0000000008006acc        0x4 zephyr/kernel/libkernel.a(thread.c.obj)
                0x0000000008006acc                k_thread_name_get
 .text.idle     0x0000000008006ad0       0x18 zephyr/kernel/libkernel.a(idle.c.obj)
                0x0000000008006ad0                idle
 .text.z_impl_k_sem_init
                0x0000000008006ae8       0x18 zephyr/kernel/libkernel.a(sem.c.obj)
                0x0000000008006ae8                z_impl_k_sem_init
 .text.sys_dlist_remove
                0x0000000008006b00       0x10 zephyr/kernel/libkernel.a(sched.c.obj)
 .text.unpend_thread_no_timeout
                0x0000000008006b10       0x14 zephyr/kernel/libkernel.a(sched.c.obj)
 .text.add_to_waitq_locked
                0x0000000008006b24       0x50 zephyr/kernel/libkernel.a(sched.c.obj)
 .text.z_ready_thread
                0x0000000008006b74       0x20 zephyr/kernel/libkernel.a(sched.c.obj)
                0x0000000008006b74                z_ready_thread
 .text.z_unpend_thread_no_timeout
                0x0000000008006b94       0x24 zephyr/kernel/libkernel.a(sched.c.obj)
                0x0000000008006b94                z_unpend_thread_no_timeout
 .text.z_sched_wake_thread
                0x0000000008006bb8       0x44 zephyr/kernel/libkernel.a(sched.c.obj)
                0x0000000008006bb8                z_sched_wake_thread
 .text.z_thread_timeout
                0x0000000008006bfc        0x8 zephyr/kernel/libkernel.a(sched.c.obj)
                0x0000000008006bfc                z_thread_timeout
 .text.z_unpend1_no_timeout
                0x0000000008006c04       0x2e zephyr/kernel/libkernel.a(sched.c.obj)
                0x0000000008006c04                z_unpend1_no_timeout
 .text.z_unpend_first_thread
                0x0000000008006c32       0x38 zephyr/kernel/libkernel.a(sched.c.obj)
                0x0000000008006c32                z_unpend_first_thread
 .text.z_reschedule_irqlock
                0x0000000008006c6a       0x18 zephyr/kernel/libkernel.a(sched.c.obj)
                0x0000000008006c6a                z_reschedule_irqlock
 .text.z_reschedule_unlocked
                0x0000000008006c82       0x14 zephyr/kernel/libkernel.a(sched.c.obj)
 .text.z_abort_timeout
                0x0000000008006c96       0x2c zephyr/kernel/libkernel.a(timeout.c.obj)
                0x0000000008006c96                z_abort_timeout
 .text.sys_clock_tick_get_32
                0x0000000008006cc2        0x8 zephyr/kernel/libkernel.a(timeout.c.obj)
                0x0000000008006cc2                sys_clock_tick_get_32
 .text.z_impl_k_uptime_ticks
                0x0000000008006cca        0x4 zephyr/kernel/libkernel.a(timeout.c.obj)
                0x0000000008006cca                z_impl_k_uptime_ticks
 .text.k_timer_init
                0x0000000008006cce       0x18 zephyr/kernel/libkernel.a(timer.c.obj)
                0x0000000008006cce                k_timer_init
 .text.z_impl_k_timer_stop
                0x0000000008006ce6       0x3a zephyr/kernel/libkernel.a(timer.c.obj)
                0x0000000008006ce6                z_impl_k_timer_stop
 *(SORT_BY_ALIGNMENT(.TEXT.*))
 *(SORT_BY_ALIGNMENT(.gnu.linkonce.t.*))
 *(SORT_BY_ALIGNMENT(.glue_7t))
 .glue_7t       0x0000000008006d20        0x0 linker stubs
 *(SORT_BY_ALIGNMENT(.glue_7))
 .glue_7        0x0000000008006d20        0x0 linker stubs
 *(SORT_BY_ALIGNMENT(.vfp11_veneer))
 .vfp11_veneer  0x0000000008006d20        0x0 linker stubs
 *(SORT_BY_ALIGNMENT(.v4_bx))
 .v4_bx         0x0000000008006d20        0x0 linker stubs
                0x0000000008006d20                . = ALIGN (0x4)
                0x0000000008006d20                __text_region_end = .

.ARM.exidx      0x0000000008006d20        0x8
                0x0000000008006d20                __exidx_start = .
 *(SORT_BY_ALIGNMENT(.ARM.exidx*) SORT_BY_ALIGNMENT(gnu.linkonce.armexidx.*))
 .ARM.exidx     0x0000000008006d20        0x8 /home/quantumvortex/zephyr-sdk-0.17.2/arm-zephyr-eabi/bin/../lib/gcc/arm-zephyr-eabi/12.2.0/thumb/v7e-m/nofp/libgcc.a(_udivmoddi4.o)
                0x0000000008006d28                __exidx_end = .
                0x0000000008006d28                __rodata_region_start = .

initlevel       0x0000000008006d28       0xa8
                0x0000000008006d28                __init_start = .
                0x0000000008006d28                __init_EARLY_start = .
 *(SORT_BY_NAME(SORT_BY_ALIGNMENT(.z_init_EARLY?_*)))
 *(SORT_BY_NAME(SORT_BY_ALIGNMENT(.z_init_EARLY??_*)))
                0x0000000008006d28                __init_PRE_KERNEL_1_start = .
 *(SORT_BY_NAME(SORT_BY_ALIGNMENT(.z_init_PRE_KERNEL_1?_*)))
 .z_init_PRE_KERNEL_10_0_
                0x0000000008006d28        0x8 zephyr/libzephyr.a(soc_m7.c.obj)
 .z_init_PRE_KERNEL_11_00009_
                0x0000000008006d30        0x8 zephyr/drivers/clock_control/libdrivers__clock_control.a(clock_stm32_ll_h7.c.obj)
 .z_init_PRE_KERNEL_11_0_
                0x0000000008006d38        0x8 zephyr/libzephyr.a(soc_config.c.obj)
 *(SORT_BY_NAME(SORT_BY_ALIGNMENT(.z_init_PRE_KERNEL_1??_*)))
 .z_init_PRE_KERNEL_135_00044_
                0x0000000008006d40        0x8 zephyr/drivers/reset/libdrivers__reset.a(reset_stm32.c.obj)
 .z_init_PRE_KERNEL_140_00036_
                0x0000000008006d48        0x8 zephyr/drivers/gpio/libdrivers__gpio.a(gpio_stm32.c.obj)
 .z_init_PRE_KERNEL_140_00039_
                0x0000000008006d50        0x8 zephyr/drivers/gpio/libdrivers__gpio.a(gpio_stm32.c.obj)
 .z_init_PRE_KERNEL_140_00041_
                0x0000000008006d58        0x8 zephyr/drivers/gpio/libdrivers__gpio.a(gpio_stm32.c.obj)
 .z_init_PRE_KERNEL_140_00066_
                0x0000000008006d60        0x8 zephyr/drivers/interrupt_controller/libdrivers__interrupt_controller.a(intc_exti_stm32.c.obj)
 .z_init_PRE_KERNEL_140_00104_
                0x0000000008006d68        0x8 zephyr/drivers/gpio/libdrivers__gpio.a(gpio_stm32.c.obj)
 .z_init_PRE_KERNEL_140_00105_
                0x0000000008006d70        0x8 zephyr/drivers/gpio/libdrivers__gpio.a(gpio_stm32.c.obj)
 .z_init_PRE_KERNEL_140_00106_
                0x0000000008006d78        0x8 zephyr/drivers/gpio/libdrivers__gpio.a(gpio_stm32.c.obj)
 .z_init_PRE_KERNEL_140_00107_
                0x0000000008006d80        0x8 zephyr/drivers/gpio/libdrivers__gpio.a(gpio_stm32.c.obj)
 .z_init_PRE_KERNEL_140_00108_
                0x0000000008006d88        0x8 zephyr/drivers/gpio/libdrivers__gpio.a(gpio_stm32.c.obj)
 .z_init_PRE_KERNEL_140_00109_
                0x0000000008006d90        0x8 zephyr/drivers/gpio/libdrivers__gpio.a(gpio_stm32.c.obj)
 .z_init_PRE_KERNEL_140_00110_
                0x0000000008006d98        0x8 zephyr/drivers/gpio/libdrivers__gpio.a(gpio_stm32.c.obj)
 .z_init_PRE_KERNEL_140_00148_
                0x0000000008006da0        0x8 zephyr/drivers/gpio/libdrivers__gpio.a(gpio_stm32.c.obj)
 .z_init_PRE_KERNEL_155_00078_
                0x0000000008006da8        0x8 zephyr/drivers/serial/libdrivers__serial.a(uart_stm32.c.obj)
 .z_init_PRE_KERNEL_160_0_
                0x0000000008006db0        0x8 zephyr/drivers/console/libdrivers__console.a(uart_console.c.obj)
                0x0000000008006db8                __init_PRE_KERNEL_2_start = .
 *(SORT_BY_NAME(SORT_BY_ALIGNMENT(.z_init_PRE_KERNEL_2?_*)))
 .z_init_PRE_KERNEL_20_0_
                0x0000000008006db8        0x8 zephyr/drivers/timer/libdrivers__timer.a(cortex_m_systick.c.obj)
 *(SORT_BY_NAME(SORT_BY_ALIGNMENT(.z_init_PRE_KERNEL_2??_*)))
                0x0000000008006dc0                __init_POST_KERNEL_start = .
 *(SORT_BY_NAME(SORT_BY_ALIGNMENT(.z_init_POST_KERNEL?_*)))
 .z_init_POST_KERNEL0_0_
                0x0000000008006dc0        0x8 zephyr/libzephyr.a(log_core.c.obj)
 *(SORT_BY_NAME(SORT_BY_ALIGNMENT(.z_init_POST_KERNEL??_*)))
 .z_init_POST_KERNEL50_00047_
                0x0000000008006dc8        0x8 zephyr/drivers/pwm/libdrivers__pwm.a(pwm_stm32.c.obj)
                0x0000000008006dd0                __init_APPLICATION_start = .
 *(SORT_BY_NAME(SORT_BY_ALIGNMENT(.z_init_APPLICATION?_*)))
 *(SORT_BY_NAME(SORT_BY_ALIGNMENT(.z_init_APPLICATION??_*)))
                0x0000000008006dd0                __init_SMP_start = .
 *(SORT_BY_NAME(SORT_BY_ALIGNMENT(.z_init_SMP?_*)))
 *(SORT_BY_NAME(SORT_BY_ALIGNMENT(.z_init_SMP??_*)))
                0x0000000008006dd0                __init_end = .

device_area     0x0000000008006dd0      0x140
                0x0000000008006dd0                _device_list_start = .
 *(SORT_BY_NAME(SORT_BY_ALIGNMENT(._device.static.*_?_*)))
 ._device.static.1_1_
                0x0000000008006dd0       0x14 zephyr/drivers/clock_control/libdrivers__clock_control.a(clock_stm32_ll_h7.c.obj)
                0x0000000008006dd0                __device_dts_ord_9
 *(SORT_BY_NAME(SORT_BY_ALIGNMENT(._device.static.*_??_*)))
 ._device.static.1_35_
                0x0000000008006de4       0x14 zephyr/drivers/reset/libdrivers__reset.a(reset_stm32.c.obj)
                0x0000000008006de4                __device_dts_ord_44
 ._device.static.1_40_
                0x0000000008006df8       0x14 zephyr/drivers/interrupt_controller/libdrivers__interrupt_controller.a(intc_exti_stm32.c.obj)
                0x0000000008006df8                __device_dts_ord_66
 ._device.static.1_40_
                0x0000000008006e0c       0xdc zephyr/drivers/gpio/libdrivers__gpio.a(gpio_stm32.c.obj)
                0x0000000008006e0c                __device_dts_ord_110
                0x0000000008006e20                __device_dts_ord_109
                0x0000000008006e34                __device_dts_ord_108
                0x0000000008006e48                __device_dts_ord_107
                0x0000000008006e5c                __device_dts_ord_106
                0x0000000008006e70                __device_dts_ord_105
                0x0000000008006e84                __device_dts_ord_41
                0x0000000008006e98                __device_dts_ord_104
                0x0000000008006eac                __device_dts_ord_36
                0x0000000008006ec0                __device_dts_ord_39
                0x0000000008006ed4                __device_dts_ord_148
 ._device.static.1_55_
                0x0000000008006ee8       0x14 zephyr/drivers/serial/libdrivers__serial.a(uart_stm32.c.obj)
                0x0000000008006ee8                __device_dts_ord_78
 ._device.static.3_50_
                0x0000000008006efc       0x14 zephyr/drivers/pwm/libdrivers__pwm.a(pwm_stm32.c.obj)
                0x0000000008006efc                __device_dts_ord_47
                0x0000000008006f10                _device_list_end = .

sw_isr_table    0x0000000008006f10      0x4d8
                0x0000000008006f10                . = ALIGN (0x4)
 *(SORT_BY_ALIGNMENT(.gnu.linkonce.sw_isr_table*))
 .gnu.linkonce.sw_isr_table
                0x0000000008006f10      0x4d8 zephyr/CMakeFiles/zephyr_final.dir/isr_tables.c.obj
                0x0000000008006f10                _sw_isr_table

initlevel_error
                0x0000000008006d28        0x0
 *(SORT_BY_NAME(SORT_BY_ALIGNMENT(.z_init_[_A-Z0-9]*)))
                0x0000000000000001                ASSERT ((SIZEOF (initlevel_error) == 0x0), Undefined initialization levels used.)

app_shmem_regions
                0x00000000080073e8        0x0
                0x00000000080073e8                __app_shmem_regions_start = .
 *(SORT_BY_NAME(SORT_BY_ALIGNMENT(.app_regions.*)))
                0x00000000080073e8                __app_shmem_regions_end = .

k_p4wq_initparam_area
                0x00000000080073e8        0x0
                0x00000000080073e8                _k_p4wq_initparam_list_start = .
 *(SORT_BY_NAME(SORT_BY_ALIGNMENT(._k_p4wq_initparam.static.*)))
                0x00000000080073e8                _k_p4wq_initparam_list_end = .

_static_thread_data_area
                0x00000000080073e8        0x0
                0x00000000080073e8                __static_thread_data_list_start = .
 *(SORT_BY_NAME(SORT_BY_ALIGNMENT(.__static_thread_data.static.*)))
                0x00000000080073e8                __static_thread_data_list_end = .

device_deps     0x00000000080073e8        0x0
                0x00000000080073e8                __device_deps_start = .
 *(SORT_BY_NAME(SORT_BY_ALIGNMENT(.__device_deps_pass2*)))
                0x00000000080073e8                __device_deps_end = .

ztest           0x00000000080073e8        0x0
                0x00000000080073e8                _ztest_expected_result_entry_list_start = .
 *(SORT_BY_NAME(SORT_BY_ALIGNMENT(._ztest_expected_result_entry.static.*)))
                0x00000000080073e8                _ztest_expected_result_entry_list_end = .
                0x00000000080073e8                _ztest_suite_node_list_start = .
 *(SORT_BY_NAME(SORT_BY_ALIGNMENT(._ztest_suite_node.static.*)))
                0x00000000080073e8                _ztest_suite_node_list_end = .
                0x00000000080073e8                _ztest_unit_test_list_start = .
 *(SORT_BY_NAME(SORT_BY_ALIGNMENT(._ztest_unit_test.static.*)))
                0x00000000080073e8                _ztest_unit_test_list_end = .
                0x00000000080073e8                _ztest_test_rule_list_start = .
 *(SORT_BY_NAME(SORT_BY_ALIGNMENT(._ztest_test_rule.static.*)))
                0x00000000080073e8                _ztest_test_rule_list_end = .

bt_l2cap_fixed_chan_area
                0x00000000080073e8        0x0
                0x00000000080073e8                _bt_l2cap_fixed_chan_list_start = .
 *(SORT_BY_NAME(SORT_BY_ALIGNMENT(._bt_l2cap_fixed_chan.static.*)))
                0x00000000080073e8                _bt_l2cap_fixed_chan_list_end = .

bt_gatt_service_static_area
                0x00000000080073e8        0x0
                0x00000000080073e8                _bt_gatt_service_static_list_start = .
 *(SORT_BY_NAME(SORT_BY_ALIGNMENT(._bt_gatt_service_static.static.*)))
                0x00000000080073e8                _bt_gatt_service_static_list_end = .

log_strings_area
                0x00000000080073e8        0x0
                0x00000000080073e8                _log_strings_list_start = .
 *(SORT_BY_NAME(SORT_BY_ALIGNMENT(._log_strings.static.*)))
                0x00000000080073e8                _log_strings_list_end = .

log_const_area  0x00000000080073e8       0x40
                0x00000000080073e8                _log_const_list_start = .
 *(SORT_BY_NAME(SORT_BY_ALIGNMENT(._log_const.static.*)))
 ._log_const.static.log_const_cbprintf_package_
                0x00000000080073e8        0x8 zephyr/libzephyr.a(cbprintf_packaged.c.obj)
                0x00000000080073e8                log_const_cbprintf_package
 ._log_const.static.log_const_log_
                0x00000000080073f0        0x8 zephyr/libzephyr.a(log_core.c.obj)
                0x00000000080073f0                log_const_log
 ._log_const.static.log_const_log_mgmt_
                0x00000000080073f8        0x8 zephyr/libzephyr.a(log_mgmt.c.obj)
                0x00000000080073f8                log_const_log_mgmt
 ._log_const.static.log_const_log_uart_
                0x0000000008007400        0x8 zephyr/libzephyr.a(log_backend_uart.c.obj)
                0x0000000008007400                log_const_log_uart
 ._log_const.static.log_const_mpu_
                0x0000000008007408        0x8 zephyr/arch/arch/arm/core/mpu/libarch__arm__core__mpu.a(arm_core_mpu.c.obj)
                0x0000000008007408                log_const_mpu
 ._log_const.static.log_const_os_
                0x0000000008007410        0x8 zephyr/kernel/libkernel.a(init.c.obj)
                0x0000000008007410                log_const_os
 ._log_const.static.log_const_pwm_stm32_
                0x0000000008007418        0x8 zephyr/drivers/pwm/libdrivers__pwm.a(pwm_stm32.c.obj)
                0x0000000008007418                log_const_pwm_stm32
 ._log_const.static.log_const_uart_stm32_
                0x0000000008007420        0x8 zephyr/drivers/serial/libdrivers__serial.a(uart_stm32.c.obj)
                0x0000000008007420                log_const_uart_stm32
                0x0000000008007428                _log_const_list_end = .

log_backend_area
                0x0000000008007428       0x10
                0x0000000008007428                _log_backend_list_start = .
 *(SORT_BY_NAME(SORT_BY_ALIGNMENT(._log_backend.static.*)))
 ._log_backend.static.log_backend_uart_
                0x0000000008007428       0x10 zephyr/libzephyr.a(log_backend_uart.c.obj)
                0x0000000008007438                _log_backend_list_end = .

log_link_area   0x0000000008007438        0x0
                0x0000000008007438                _log_link_list_start = .
 *(SORT_BY_NAME(SORT_BY_ALIGNMENT(._log_link.static.*)))
                0x0000000008007438                _log_link_list_end = .

tracing_backend_area
                0x0000000008007438        0x0
                0x0000000008007438                _tracing_backend_list_start = .
 *(SORT_BY_NAME(SORT_BY_ALIGNMENT(._tracing_backend.static.*)))
                0x0000000008007438                _tracing_backend_list_end = .

zephyr_dbg_info
 *(SORT_BY_ALIGNMENT(.dbg_thread_info))

symbol_to_keep  0x0000000008007438        0x0
                0x0000000008007438                __symbol_to_keep_start = .
 *(SORT_BY_NAME(SORT_BY_ALIGNMENT(.symbol_to_keep*)))
                0x0000000008007438                __symbol_to_keep_end = .

shell_area      0x0000000008007438        0x0
                0x0000000008007438                _shell_list_start = .
 *(SORT_BY_NAME(SORT_BY_ALIGNMENT(._shell.static.*)))
                0x0000000008007438                _shell_list_end = .

shell_root_cmds_area
                0x0000000008007438        0x0
                0x0000000008007438                _shell_root_cmds_list_start = .
 *(SORT_BY_NAME(SORT_BY_ALIGNMENT(._shell_root_cmds.static.*)))
                0x0000000008007438                _shell_root_cmds_list_end = .

shell_subcmds_area
                0x0000000008007438        0x0
                0x0000000008007438                _shell_subcmds_list_start = .
 *(SORT_BY_NAME(SORT_BY_ALIGNMENT(._shell_subcmds.static.*)))
                0x0000000008007438                _shell_subcmds_list_end = .

shell_dynamic_subcmds_area
                0x0000000008007438        0x0
                0x0000000008007438                _shell_dynamic_subcmds_list_start = .
 *(SORT_BY_NAME(SORT_BY_ALIGNMENT(._shell_dynamic_subcmds.static.*)))
                0x0000000008007438                _shell_dynamic_subcmds_list_end = .

cfb_font_area   0x0000000008007438        0x0
                0x0000000008007438                _cfb_font_list_start = .
 *(SORT_BY_NAME(SORT_BY_ALIGNMENT(._cfb_font.static.*)))
                0x0000000008007438                _cfb_font_list_end = .

rodata          0x0000000008007438      0xd68
 *(SORT_BY_ALIGNMENT(.rodata))
 .rodata        0x0000000008007438        0x8 zephyr/drivers/gpio/libdrivers__gpio.a(gpio_stm32.c.obj)
 *(SORT_BY_ALIGNMENT(.rodata.*))
 .rodata.dir    0x0000000008007440        0x8 app/libapp.a(main.c.obj)
 .rodata.step   0x0000000008007448        0x8 app/libapp.a(main.c.obj)
 .rodata.mpu_config
                0x0000000008007450        0x8 zephyr/libzephyr.a(mpu_regions.c.obj)
                0x0000000008007450                mpu_config
 .rodata.mpu_regions
                0x0000000008007458       0x24 zephyr/libzephyr.a(mpu_regions.c.obj)
 .rodata.mpsc_config
                0x000000000800747c       0x14 zephyr/libzephyr.a(log_core.c.obj)
 .rodata.format_table
                0x0000000008007490       0x10 zephyr/libzephyr.a(log_core.c.obj)
 .rodata.colors
                0x00000000080074a0       0x14 zephyr/libzephyr.a(log_output.c.obj)
 .rodata.severity
                0x00000000080074b4       0x14 zephyr/libzephyr.a(log_output.c.obj)
 .rodata.log_backend_uart_api
                0x00000000080074c8       0x1c zephyr/libzephyr.a(log_backend_uart.c.obj)
                0x00000000080074c8                log_backend_uart_api
 .rodata.log_output_uart
                0x00000000080074e4       0x10 zephyr/libzephyr.a(log_backend_uart.c.obj)
 .rodata.mem_attr_region
                0x00000000080074f4       0x10 zephyr/libzephyr.a(mem_attr.c.obj)
 .rodata.static_regions
                0x0000000008007504        0xc zephyr/arch/arch/arm/core/mpu/libarch__arm__core__mpu.a(arm_core_mpu.c.obj)
 .rodata.gpio_stm32_cfg_k
                0x0000000008007510       0x14 zephyr/drivers/gpio/libdrivers__gpio.a(gpio_stm32.c.obj)
 .rodata.gpio_stm32_cfg_j
                0x0000000008007524       0x14 zephyr/drivers/gpio/libdrivers__gpio.a(gpio_stm32.c.obj)
 .rodata.gpio_stm32_cfg_i
                0x0000000008007538       0x14 zephyr/drivers/gpio/libdrivers__gpio.a(gpio_stm32.c.obj)
 .rodata.gpio_stm32_cfg_h
                0x000000000800754c       0x14 zephyr/drivers/gpio/libdrivers__gpio.a(gpio_stm32.c.obj)
 .rodata.gpio_stm32_cfg_g
                0x0000000008007560       0x14 zephyr/drivers/gpio/libdrivers__gpio.a(gpio_stm32.c.obj)
 .rodata.gpio_stm32_cfg_f
                0x0000000008007574       0x14 zephyr/drivers/gpio/libdrivers__gpio.a(gpio_stm32.c.obj)
 .rodata.gpio_stm32_cfg_e
                0x0000000008007588       0x14 zephyr/drivers/gpio/libdrivers__gpio.a(gpio_stm32.c.obj)
 .rodata.gpio_stm32_cfg_d
                0x000000000800759c       0x14 zephyr/drivers/gpio/libdrivers__gpio.a(gpio_stm32.c.obj)
 .rodata.gpio_stm32_cfg_c
                0x00000000080075b0       0x14 zephyr/drivers/gpio/libdrivers__gpio.a(gpio_stm32.c.obj)
 .rodata.gpio_stm32_cfg_b
                0x00000000080075c4       0x14 zephyr/drivers/gpio/libdrivers__gpio.a(gpio_stm32.c.obj)
 .rodata.gpio_stm32_cfg_a
                0x00000000080075d8       0x14 zephyr/drivers/gpio/libdrivers__gpio.a(gpio_stm32.c.obj)
 .rodata.gpio_stm32_driver
                0x00000000080075ec       0x24 zephyr/drivers/gpio/libdrivers__gpio.a(gpio_stm32.c.obj)
 .rodata.gpio_ports
                0x0000000008007610       0x2c zephyr/drivers/pinctrl/libdrivers__pinctrl.a(pinctrl_stm32.c.obj)
 .rodata.pwm_stm32_config_0
                0x000000000800763c       0x18 zephyr/drivers/pwm/libdrivers__pwm.a(pwm_stm32.c.obj)
 .rodata.__pinctrl_dev_config__device_dts_ord_47
                0x0000000008007654        0x8 zephyr/drivers/pwm/libdrivers__pwm.a(pwm_stm32.c.obj)
 .rodata.__pinctrl_states__device_dts_ord_47
                0x000000000800765c        0x8 zephyr/drivers/pwm/libdrivers__pwm.a(pwm_stm32.c.obj)
 .rodata.__pinctrl_state_pins_0__device_dts_ord_47
                0x0000000008007664        0x8 zephyr/drivers/pwm/libdrivers__pwm.a(pwm_stm32.c.obj)
 .rodata.pwm_stm32_driver_api
                0x000000000800766c        0x8 zephyr/drivers/pwm/libdrivers__pwm.a(pwm_stm32.c.obj)
 .rodata.set_timer_compare
                0x0000000008007674       0x18 zephyr/drivers/pwm/libdrivers__pwm.a(pwm_stm32.c.obj)
 .rodata.ch2ll_n
                0x000000000800768c        0xc zephyr/drivers/pwm/libdrivers__pwm.a(pwm_stm32.c.obj)
 .rodata.ch2ll  0x0000000008007698       0x18 zephyr/drivers/pwm/libdrivers__pwm.a(pwm_stm32.c.obj)
 .rodata.reset_stm32_config
                0x00000000080076b0        0x4 zephyr/drivers/reset/libdrivers__reset.a(reset_stm32.c.obj)
 .rodata.reset_stm32_driver_api
                0x00000000080076b4       0x10 zephyr/drivers/reset/libdrivers__reset.a(reset_stm32.c.obj)
 .rodata.uart_stm32_cfg_0
                0x00000000080076c4       0x20 zephyr/drivers/serial/libdrivers__serial.a(uart_stm32.c.obj)
 .rodata.pclken_0
                0x00000000080076e4        0x8 zephyr/drivers/serial/libdrivers__serial.a(uart_stm32.c.obj)
 .rodata.__pinctrl_dev_config__device_dts_ord_78
                0x00000000080076ec        0x8 zephyr/drivers/serial/libdrivers__serial.a(uart_stm32.c.obj)
 .rodata.__pinctrl_states__device_dts_ord_78
                0x00000000080076f4        0x8 zephyr/drivers/serial/libdrivers__serial.a(uart_stm32.c.obj)
 .rodata.__pinctrl_state_pins_0__device_dts_ord_78
                0x00000000080076fc       0x10 zephyr/drivers/serial/libdrivers__serial.a(uart_stm32.c.obj)
 .rodata.uart_stm32_driver_api
                0x000000000800770c       0x14 zephyr/drivers/serial/libdrivers__serial.a(uart_stm32.c.obj)
 .rodata._k_neg_eagain
                0x0000000008007720        0x4 zephyr/kernel/libkernel.a(errno.c.obj)
                0x0000000008007720                _k_neg_eagain
 .rodata.CSWTCH.479
                0x0000000008007724       0x14 zephyr/kernel/libkernel.a(fatal.c.obj)
 .rodata.levels.0
                0x0000000008007738       0x18 zephyr/kernel/libkernel.a(init.c.obj)
 .rodata.CSWTCH.649
                0x0000000008007750        0x6 zephyr/drivers/serial/libdrivers__serial.a(uart_stm32.c.obj)
 .rodata.main.str1.1
                0x0000000008007756       0x54 app/libapp.a(main.c.obj)
 .rodata.cbprintf_package_convert.str1.1
                0x00000000080077aa       0xa3 zephyr/libzephyr.a(cbprintf_packaged.c.obj)
 .rodata.str1.1
                0x000000000800784d       0x11 zephyr/libzephyr.a(cbprintf_packaged.c.obj)
 .rodata.z_cbvprintf_impl.str1.1
                0x000000000800785e        0x6 zephyr/libzephyr.a(cbprintf_complete.c.obj)
 .rodata.str1.1
                0x0000000008007864       0x12 zephyr/libzephyr.a(mpu_regions.c.obj)
 .rodata.enable_logger.str1.1
                0x0000000008007876        0x8 zephyr/libzephyr.a(log_core.c.obj)
 .rodata.str1.1
                0x000000000800787e        0x4 zephyr/libzephyr.a(log_core.c.obj)
 .rodata.str1.1
                0x0000000008007882        0x9 zephyr/libzephyr.a(log_mgmt.c.obj)
 .rodata.z_impl_z_log_msg_static_create.str1.1
                0x000000000800788b       0x3f zephyr/libzephyr.a(log_msg.c.obj)
 .rodata.newline_print.str1.1
                0x00000000080078ca        0x3 zephyr/libzephyr.a(log_output.c.obj)
                                          0x5 (size before relaxing)
 .rodata.log_output_process.str1.1
                0x00000000080078cd       0x4f zephyr/libzephyr.a(log_output.c.obj)
                                         0x51 (size before relaxing)
 .rodata.log_output_dropped_process.str1.1
                0x000000000800791c       0x4f zephyr/libzephyr.a(log_output.c.obj)
                                          0x3 (size before relaxing)
 .rodata.postfix.0
                0x000000000800791c       0x1c zephyr/libzephyr.a(log_output.c.obj)
 .rodata.prefix.1
                0x0000000008007938        0xc zephyr/libzephyr.a(log_output.c.obj)
 .rodata.str1.1
                0x0000000008007944       0x20 zephyr/libzephyr.a(log_output.c.obj)
 .rodata.str1.1
                0x0000000008007964       0x1a zephyr/libzephyr.a(log_backend_uart.c.obj)
 .rodata.str1.1
                0x000000000800797e       0x10 zephyr/libzephyr.a(mem_attr.c.obj)
 .rodata.z_arm_fatal_error.str1.1
                0x000000000800798e       0x9b zephyr/arch/arch/arm/core/libarch__arm__core.a(fatal.c.obj)
 .rodata.bus_fault.constprop.0.str1.1
                0x0000000008007a29       0xca zephyr/arch/arch/arm/core/cortex_m/libarch__arm__core__cortex_m.a(fault.c.obj)
 .rodata.usage_fault.constprop.0.str1.1
                0x0000000008007af3       0xcd zephyr/arch/arch/arm/core/cortex_m/libarch__arm__core__cortex_m.a(fault.c.obj)
 .rodata.mem_manage_fault.str1.1
                0x0000000008007bc0       0x96 zephyr/arch/arch/arm/core/cortex_m/libarch__arm__core__cortex_m.a(fault.c.obj)
 .rodata.z_arm_fault.str1.1
                0x0000000008007c56      0x111 zephyr/arch/arch/arm/core/cortex_m/libarch__arm__core__cortex_m.a(fault.c.obj)
 .rodata.str1.1
                0x0000000008007d67        0x4 zephyr/arch/arch/arm/core/mpu/libarch__arm__core__mpu.a(arm_core_mpu.c.obj)
 .rodata.region_allocate_and_init.part.0.str1.1
                0x0000000008007d6b       0x26 zephyr/arch/arch/arm/core/mpu/libarch__arm__core__mpu.a(arm_mpu.c.obj)
 .rodata.mpu_configure_regions.str1.1
                0x0000000008007d91       0x23 zephyr/arch/arch/arm/core/mpu/libarch__arm__core__mpu.a(arm_mpu.c.obj)
 .rodata.z_arm_mpu_init.str1.1
                0x0000000008007db4       0x22 zephyr/arch/arch/arm/core/mpu/libarch__arm__core__mpu.a(arm_mpu.c.obj)
 .rodata.line_range_6.0
                0x0000000008007dd6        0x2 zephyr/drivers/interrupt_controller/libdrivers__interrupt_controller.a(intc_exti_stm32.c.obj)
 .rodata.line_range_5.1
                0x0000000008007dd8        0x2 zephyr/drivers/interrupt_controller/libdrivers__interrupt_controller.a(intc_exti_stm32.c.obj)
 .rodata.line_range_4.2
                0x0000000008007dda        0x2 zephyr/drivers/interrupt_controller/libdrivers__interrupt_controller.a(intc_exti_stm32.c.obj)
 .rodata.line_range_3.3
                0x0000000008007ddc        0x2 zephyr/drivers/interrupt_controller/libdrivers__interrupt_controller.a(intc_exti_stm32.c.obj)
 .rodata.line_range_2.4
                0x0000000008007dde        0x2 zephyr/drivers/interrupt_controller/libdrivers__interrupt_controller.a(intc_exti_stm32.c.obj)
 .rodata.line_range_1.5
                0x0000000008007de0        0x2 zephyr/drivers/interrupt_controller/libdrivers__interrupt_controller.a(intc_exti_stm32.c.obj)
 .rodata.line_range_0.6
                0x0000000008007de2        0x2 zephyr/drivers/interrupt_controller/libdrivers__interrupt_controller.a(intc_exti_stm32.c.obj)
 .rodata.str1.1
                0x0000000008007de4       0x1e zephyr/drivers/interrupt_controller/libdrivers__interrupt_controller.a(intc_exti_stm32.c.obj)
 .rodata.str1.1
                0x0000000008007e02        0xd zephyr/drivers/clock_control/libdrivers__clock_control.a(clock_stm32_ll_h7.c.obj)
 .rodata.str1.1
                0x0000000008007e0f       0x9a zephyr/drivers/gpio/libdrivers__gpio.a(gpio_stm32.c.obj)
 .rodata.pwm_stm32_set_cycles.str1.1
                0x0000000008007ea9       0x66 zephyr/drivers/pwm/libdrivers__pwm.a(pwm_stm32.c.obj)
 .rodata.pwm_stm32_init.str1.1
                0x0000000008007f0f       0x9a zephyr/drivers/pwm/libdrivers__pwm.a(pwm_stm32.c.obj)
 .rodata.str1.1
                0x0000000008007fa9        0xe zephyr/drivers/pwm/libdrivers__pwm.a(pwm_stm32.c.obj)
 .rodata.SHIFT_TAB_CCxP
                0x0000000008007fb7        0x9 zephyr/drivers/pwm/libdrivers__pwm.a(pwm_stm32.c.obj)
 .rodata.SHIFT_TAB_OCxx
                0x0000000008007fc0        0x9 zephyr/drivers/pwm/libdrivers__pwm.a(pwm_stm32.c.obj)
 .rodata.OFFSET_TAB_CCMRx
                0x0000000008007fc9        0x9 zephyr/drivers/pwm/libdrivers__pwm.a(pwm_stm32.c.obj)
 .rodata.str1.1
                0x0000000008007fd2       0x11 zephyr/drivers/reset/libdrivers__reset.a(reset_stm32.c.obj)
 .rodata.uart_stm32_set_baudrate.part.0.str1.1
                0x0000000008007fe3       0x2e zephyr/drivers/serial/libdrivers__serial.a(uart_stm32.c.obj)
 .rodata.uart_stm32_init.str1.1
                0x0000000008008011       0x5d zephyr/drivers/serial/libdrivers__serial.a(uart_stm32.c.obj)
                                         0x7c (size before relaxing)
 .rodata.str1.1
                0x000000000800806e       0x1b zephyr/drivers/serial/libdrivers__serial.a(uart_stm32.c.obj)
 .rodata.LL_RCC_PrescTable
                0x0000000008008089       0x10 modules/stm32/stm32cube/lib..__modules__hal__stm32__stm32cube.a(stm32h7xx_ll_rcc.c.obj)
                0x0000000008008089                LL_RCC_PrescTable
 .rodata.k_sys_fatal_error_handler.str1.1
                0x0000000008008099        0xf zephyr/kernel/libkernel.a(fatal.c.obj)
 .rodata.z_fatal_error.str1.1
                0x00000000080080a8       0x77 zephyr/kernel/libkernel.a(fatal.c.obj)
 .rodata.str1.1
                0x000000000800811f       0x4a zephyr/kernel/libkernel.a(fatal.c.obj)
 .rodata.z_cstart.str1.1
                0x0000000008008169        0x5 zephyr/kernel/libkernel.a(init.c.obj)
 .rodata.str1.1
                0x000000000800816e        0x3 zephyr/kernel/libkernel.a(init.c.obj)
 .rodata.boot_banner.str1.1
                0x0000000008008171       0x2f zephyr/kernel/libkernel.a(banner.c.obj)
 *(SORT_BY_ALIGNMENT(.gnu.linkonce.r.*))
                0x00000000080081a0                . = ALIGN (0x4)
                0x00000000080081a0                __rodata_region_end = .
                0x00000000080081a0                . = ALIGN (_region_min_align)
                0x0000000008010000                . = ALIGN ((0x1 << LOG2CEIL ((__rodata_region_end - ADDR (rom_start)))))
                0x0000000008010000                __rom_region_end = ((__rom_region_start + .) - ADDR (rom_start))

/DISCARD/
 *(SORT_BY_ALIGNMENT(.got.plt))
 *(SORT_BY_ALIGNMENT(.igot.plt))
 *(SORT_BY_ALIGNMENT(.got))
 *(SORT_BY_ALIGNMENT(.igot))
                0x0000000024000000                . = 0x24000000
                0x0000000024000000                . = ALIGN (_region_min_align)
                0x0000000024000000                _image_ram_start = .

.ramfunc        0x0000000024000000        0x0 load address 0x00000000080081a0
                0x0000000024000000                . = ALIGN (_region_min_align)
                0x0000000024000000                . = ALIGN ((0x1 << LOG2CEIL (__ramfunc_size)))
                0x0000000024000000                __ramfunc_start = .
 *(SORT_BY_ALIGNMENT(.ramfunc))
 *(SORT_BY_ALIGNMENT(.ramfunc.*))
                0x0000000024000000                . = ALIGN (_region_min_align)
                0x0000000024000000                . = ALIGN ((0x1 << LOG2CEIL (__ramfunc_size)))
                0x0000000024000000                __ramfunc_end = .
                0x0000000000000000                __ramfunc_size = (__ramfunc_end - __ramfunc_start)
                0x00000000080081a0                __ramfunc_load_start = LOADADDR (.ramfunc)

datas           0x0000000024000000       0x70 load address 0x00000000080081a0
                0x0000000024000000                __data_region_start = .
                0x0000000024000000                __data_start = .
 *(SORT_BY_ALIGNMENT(.data))
 *(SORT_BY_ALIGNMENT(.data.*))
 .data._char_out
                0x0000000024000000        0x4 zephyr/libzephyr.a(printk.c.obj)
                0x0000000024000000                _char_out
 .data.timestamp_func
                0x0000000024000004        0x4 zephyr/libzephyr.a(log_core.c.obj)
 .data._stdout_hook
                0x0000000024000008        0x4 zephyr/lib/libc/minimal/liblib__libc__minimal.a(stdout_console.c.obj)
 .data.stm32_clock_control_api
                0x000000002400000c       0x1c zephyr/drivers/clock_control/libdrivers__clock_control.a(clock_stm32_ll_h7.c.obj)
 .data.pwm_stm32_data_0
                0x0000000024000028        0xc zephyr/drivers/pwm/libdrivers__pwm.a(pwm_stm32.c.obj)
 .data.uart_stm32_data_0
                0x0000000024000034        0x8 zephyr/drivers/serial/libdrivers__serial.a(uart_stm32.c.obj)
 .data.uart_cfg_0
                0x000000002400003c        0x8 zephyr/drivers/serial/libdrivers__serial.a(uart_stm32.c.obj)
 .data.SystemCoreClock
                0x0000000024000044        0x4 modules/stm32/stm32cube/lib..__modules__hal__stm32__stm32cube.a(system_stm32h7xx.c.obj)
                0x0000000024000044                SystemCoreClock
 .data.timeout_list
                0x0000000024000048        0x8 zephyr/kernel/libkernel.a(timeout.c.obj)
 .data.exti_irq_table
                0x0000000024000050       0x20 zephyr/drivers/interrupt_controller/libdrivers__interrupt_controller.a(intc_exti_stm32.c.obj)
 *(SORT_BY_ALIGNMENT(.kernel.*))
                0x0000000024000070                __data_end = .
                0x0000000000000070                __data_size = (__data_end - __data_start)
                0x00000000080081a0                __data_load_start = LOADADDR (datas)
                0x00000000080081a0                __data_region_load_start = LOADADDR (datas)

device_states   0x0000000024000070       0x20 load address 0x0000000008008210
                0x0000000024000070                __device_states_start = .
 *(SORT_BY_ALIGNMENT(.z_devstate))
 .z_devstate    0x0000000024000070        0x2 zephyr/drivers/interrupt_controller/libdrivers__interrupt_controller.a(intc_exti_stm32.c.obj)
 .z_devstate    0x0000000024000072        0x2 zephyr/drivers/clock_control/libdrivers__clock_control.a(clock_stm32_ll_h7.c.obj)
 .z_devstate    0x0000000024000074       0x16 zephyr/drivers/gpio/libdrivers__gpio.a(gpio_stm32.c.obj)
 .z_devstate    0x000000002400008a        0x2 zephyr/drivers/pwm/libdrivers__pwm.a(pwm_stm32.c.obj)
 .z_devstate    0x000000002400008c        0x2 zephyr/drivers/reset/libdrivers__reset.a(reset_stm32.c.obj)
 .z_devstate    0x000000002400008e        0x2 zephyr/drivers/serial/libdrivers__serial.a(uart_stm32.c.obj)
 *(SORT_BY_ALIGNMENT(.z_devstate.*))
                0x0000000024000090                __device_states_end = .

log_mpsc_pbuf_area
                0x0000000024000090       0x38 load address 0x0000000008008230
                0x0000000024000090                _log_mpsc_pbuf_list_start = .
 *(SORT_BY_NAME(SORT_BY_ALIGNMENT(._log_mpsc_pbuf.static.*)))
 ._log_mpsc_pbuf.static.log_buffer_
                0x0000000024000090       0x38 zephyr/libzephyr.a(log_core.c.obj)
                0x00000000240000c8                _log_mpsc_pbuf_list_end = .

log_msg_ptr_area
                0x00000000240000c8        0x4 load address 0x0000000008008268
                0x00000000240000c8                _log_msg_ptr_list_start = .
 *(SORT_BY_NAME(SORT_BY_ALIGNMENT(._log_msg_ptr.static.*)))
 ._log_msg_ptr.static.log_msg_ptr_
                0x00000000240000c8        0x4 zephyr/libzephyr.a(log_core.c.obj)
                0x00000000240000cc                _log_msg_ptr_list_end = .

log_dynamic_area
                0x00000000240000cc        0x0 load address 0x000000000800826c
                0x00000000240000cc                _log_dynamic_list_start = .
 *(SORT_BY_NAME(SORT_BY_ALIGNMENT(._log_dynamic.static.*)))
                0x00000000240000cc                _log_dynamic_list_end = .

k_timer_area    0x00000000240000cc        0x0 load address 0x000000000800826c
                0x00000000240000cc                _k_timer_list_start = .
 *(SORT_BY_NAME(SORT_BY_ALIGNMENT(._k_timer.static.*)))
                0x00000000240000cc                _k_timer_list_end = .

k_mem_slab_area
                0x00000000240000cc        0x0 load address 0x000000000800826c
                0x00000000240000cc                _k_mem_slab_list_start = .
 *(SORT_BY_NAME(SORT_BY_ALIGNMENT(._k_mem_slab.static.*)))
                0x00000000240000cc                _k_mem_slab_list_end = .

k_heap_area     0x00000000240000cc        0x0 load address 0x000000000800826c
                0x00000000240000cc                _k_heap_list_start = .
 *(SORT_BY_NAME(SORT_BY_ALIGNMENT(._k_heap.static.*)))
                0x00000000240000cc                _k_heap_list_end = .

k_mutex_area    0x00000000240000cc        0x0 load address 0x000000000800826c
                0x00000000240000cc                _k_mutex_list_start = .
 *(SORT_BY_NAME(SORT_BY_ALIGNMENT(._k_mutex.static.*)))
                0x00000000240000cc                _k_mutex_list_end = .

k_stack_area    0x00000000240000cc        0x0 load address 0x000000000800826c
                0x00000000240000cc                _k_stack_list_start = .
 *(SORT_BY_NAME(SORT_BY_ALIGNMENT(._k_stack.static.*)))
                0x00000000240000cc                _k_stack_list_end = .

k_msgq_area     0x00000000240000cc        0x0 load address 0x000000000800826c
                0x00000000240000cc                _k_msgq_list_start = .
 *(SORT_BY_NAME(SORT_BY_ALIGNMENT(._k_msgq.static.*)))
                0x00000000240000cc                _k_msgq_list_end = .

k_mbox_area     0x00000000240000cc        0x0 load address 0x000000000800826c
                0x00000000240000cc                _k_mbox_list_start = .
 *(SORT_BY_NAME(SORT_BY_ALIGNMENT(._k_mbox.static.*)))
                0x00000000240000cc                _k_mbox_list_end = .

k_pipe_area     0x00000000240000cc        0x0 load address 0x000000000800826c
                0x00000000240000cc                _k_pipe_list_start = .
 *(SORT_BY_NAME(SORT_BY_ALIGNMENT(._k_pipe.static.*)))
                0x00000000240000cc                _k_pipe_list_end = .

k_sem_area      0x00000000240000cc       0x10 load address 0x000000000800826c
                0x00000000240000cc                _k_sem_list_start = .
 *(SORT_BY_NAME(SORT_BY_ALIGNMENT(._k_sem.static.*)))
 ._k_sem.static.log_process_thread_sem_
                0x00000000240000cc       0x10 zephyr/libzephyr.a(log_core.c.obj)
                0x00000000240000cc                log_process_thread_sem
                0x00000000240000dc                _k_sem_list_end = .

k_event_area    0x00000000240000dc        0x0 load address 0x000000000800827c
                0x00000000240000dc                _k_event_list_start = .
 *(SORT_BY_NAME(SORT_BY_ALIGNMENT(._k_event.static.*)))
                0x00000000240000dc                _k_event_list_end = .

k_queue_area    0x00000000240000dc        0x0 load address 0x000000000800827c
                0x00000000240000dc                _k_queue_list_start = .
 *(SORT_BY_NAME(SORT_BY_ALIGNMENT(._k_queue.static.*)))
                0x00000000240000dc                _k_queue_list_end = .

k_fifo_area     0x00000000240000dc        0x0 load address 0x000000000800827c
                0x00000000240000dc                _k_fifo_list_start = .
 *(SORT_BY_NAME(SORT_BY_ALIGNMENT(._k_fifo.static.*)))
                0x00000000240000dc                _k_fifo_list_end = .

k_lifo_area     0x00000000240000dc        0x0 load address 0x000000000800827c
                0x00000000240000dc                _k_lifo_list_start = .
 *(SORT_BY_NAME(SORT_BY_ALIGNMENT(._k_lifo.static.*)))
                0x00000000240000dc                _k_lifo_list_end = .

k_condvar_area  0x00000000240000dc        0x0 load address 0x000000000800827c
                0x00000000240000dc                _k_condvar_list_start = .
 *(SORT_BY_NAME(SORT_BY_ALIGNMENT(._k_condvar.static.*)))
                0x00000000240000dc                _k_condvar_list_end = .

sys_mem_blocks_ptr_area
                0x00000000240000dc        0x0 load address 0x000000000800827c
                0x00000000240000dc                _sys_mem_blocks_ptr_list_start = .
 *(SORT_BY_NAME(SORT_BY_ALIGNMENT(._sys_mem_blocks_ptr.static.*)))
                0x00000000240000dc                _sys_mem_blocks_ptr_list_end = .

net_buf_pool_area
                0x00000000240000dc        0x0 load address 0x000000000800827c
                0x00000000240000dc                _net_buf_pool_list_start = .
 *(SORT_BY_NAME(SORT_BY_ALIGNMENT(._net_buf_pool.static.*)))
                0x00000000240000dc                _net_buf_pool_list_end = .
                0x00000000240000dc                __data_region_end = .

bss             0x00000000240000e0      0x7a3
                0x00000000240000e0                . = ALIGN (0x4)
                0x00000000240000e0                __bss_start = .
                0x00000000240000e0                __kernel_ram_start = .
 *(SORT_BY_ALIGNMENT(.bss))
 *(SORT_BY_ALIGNMENT(.bss.*))
 .bss.logging_thread
                0x00000000240000e0       0x80 zephyr/libzephyr.a(log_core.c.obj)
                0x00000000240000e0                logging_thread
 .bss.buf32     0x0000000024000160      0x400 zephyr/libzephyr.a(log_core.c.obj)
 .bss.last_failure_report
                0x0000000024000560        0x8 zephyr/libzephyr.a(log_core.c.obj)
 .bss.log_process_thread_timer
                0x0000000024000568       0x38 zephyr/libzephyr.a(log_core.c.obj)
 .bss.announced_cycles
                0x00000000240005a0        0x8 zephyr/drivers/timer/libdrivers__timer.a(cortex_m_systick.c.obj)
 .bss.cycle_count
                0x00000000240005a8        0x8 zephyr/drivers/timer/libdrivers__timer.a(cortex_m_systick.c.obj)
 .bss.z_idle_threads
                0x00000000240005b0       0x80 zephyr/kernel/libkernel.a(init.c.obj)
                0x00000000240005b0                z_idle_threads
 .bss.z_main_thread
                0x0000000024000630       0x80 zephyr/kernel/libkernel.a(init.c.obj)
                0x0000000024000630                z_main_thread
 .bss.slice_timeouts
                0x00000000240006b0       0x18 zephyr/kernel/libkernel.a(sched.c.obj)
 .bss.curr_tick
                0x00000000240006c8        0x8 zephyr/kernel/libkernel.a(timeout.c.obj)
 .bss.curr_log_buffer
                0x00000000240006d0        0x4 zephyr/libzephyr.a(log_core.c.obj)
 .bss.proc_tid  0x00000000240006d4        0x4 zephyr/libzephyr.a(log_core.c.obj)
 .bss.dropped_cnt
                0x00000000240006d8        0x4 zephyr/libzephyr.a(log_core.c.obj)
 .bss.buffered_cnt
                0x00000000240006dc        0x4 zephyr/libzephyr.a(log_core.c.obj)
 .bss.initialized