Archive member included to satisfy reference by file (symbol)

app/libapp.a(main.c.obj)      (--whole-archive)
zephyr/libzephyr.a(cbprintf_packaged.c.obj)
                              (--whole-archive)
zephyr/libzephyr.a(dec.c.obj)
                              (--whole-archive)
zephyr/libzephyr.a(hex.c.obj)
                              (--whole-archive)
zephyr/libzephyr.a(printk.c.obj)
                              (--whole-archive)
zephyr/libzephyr.a(rb.c.obj)  (--whole-archive)
zephyr/libzephyr.a(sem.c.obj)
                              (--whole-archive)
zephyr/libzephyr.a(thread_entry.c.obj)
                              (--whole-archive)
zephyr/libzephyr.a(timeutil.c.obj)
                              (--whole-archive)
zephyr/libzephyr.a(heap.c.obj)
                              (--whole-archive)
zephyr/libzephyr.a(heap-validate.c.obj)
                              (--whole-archive)
zephyr/libzephyr.a(bitarray.c.obj)
                              (--whole-archive)
zephyr/libzephyr.a(multi_heap.c.obj)
                              (--whole-archive)
zephyr/libzephyr.a(cbprintf_complete.c.obj)
                              (--whole-archive)
zephyr/libzephyr.a(cbprintf.c.obj)
                              (--whole-archive)
zephyr/libzephyr.a(assert.c.obj)
                              (--whole-archive)
zephyr/libzephyr.a(mpsc_pbuf.c.obj)
                              (--whole-archive)
zephyr/libzephyr.a(configs.c.obj)
                              (--whole-archive)
zephyr/libzephyr.a(soc_m7.c.obj)
                              (--whole-archive)
zephyr/libzephyr.a(mpu_regions.c.obj)
                              (--whole-archive)
zephyr/libzephyr.a(stm32cube_hal.c.obj)
                              (--whole-archive)
zephyr/libzephyr.a(soc_config.c.obj)
                              (--whole-archive)
zephyr/libzephyr.a(log_core.c.obj)
                              (--whole-archive)
zephyr/libzephyr.a(log_mgmt.c.obj)
                              (--whole-archive)
zephyr/libzephyr.a(log_cache.c.obj)
                              (--whole-archive)
zephyr/libzephyr.a(log_msg.c.obj)
                              (--whole-archive)
zephyr/libzephyr.a(log_output.c.obj)
                              (--whole-archive)
zephyr/libzephyr.a(log_backend_uart.c.obj)
                              (--whole-archive)
zephyr/libzephyr.a(mem_attr.c.obj)
                              (--whole-archive)
zephyr/libzephyr.a(tracing_none.c.obj)
                              (--whole-archive)
zephyr/arch/common/libarch__common.a(sw_isr_common.c.obj)
                              (--whole-archive)
zephyr/arch/arch/arm/core/libarch__arm__core.a(fatal.c.obj)
                              (--whole-archive)
zephyr/arch/arch/arm/core/libarch__arm__core.a(nmi.c.obj)
                              (--whole-archive)
zephyr/arch/arch/arm/core/libarch__arm__core.a(nmi_on_reset.S.obj)
                              (--whole-archive)
zephyr/arch/arch/arm/core/cortex_m/libarch__arm__core__cortex_m.a(exc_exit.S.obj)
                              (--whole-archive)
zephyr/arch/arch/arm/core/cortex_m/libarch__arm__core__cortex_m.a(fault.c.obj)
                              (--whole-archive)
zephyr/arch/arch/arm/core/cortex_m/libarch__arm__core__cortex_m.a(fault_s.S.obj)
                              (--whole-archive)
zephyr/arch/arch/arm/core/cortex_m/libarch__arm__core__cortex_m.a(fpu.c.obj)
                              (--whole-archive)
zephyr/arch/arch/arm/core/cortex_m/libarch__arm__core__cortex_m.a(irq_init.c.obj)
                              (--whole-archive)
zephyr/arch/arch/arm/core/cortex_m/libarch__arm__core__cortex_m.a(reset.S.obj)
                              (--whole-archive)
zephyr/arch/arch/arm/core/cortex_m/libarch__arm__core__cortex_m.a(scb.c.obj)
                              (--whole-archive)
zephyr/arch/arch/arm/core/cortex_m/libarch__arm__core__cortex_m.a(thread_abort.c.obj)
                              (--whole-archive)
zephyr/arch/arch/arm/core/cortex_m/libarch__arm__core__cortex_m.a(vector_table.S.obj)
                              (--whole-archive)
zephyr/arch/arch/arm/core/cortex_m/libarch__arm__core__cortex_m.a(swap.c.obj)
                              (--whole-archive)
zephyr/arch/arch/arm/core/cortex_m/libarch__arm__core__cortex_m.a(swap_helper.S.obj)
                              (--whole-archive)
zephyr/arch/arch/arm/core/cortex_m/libarch__arm__core__cortex_m.a(irq_manage.c.obj)
                              (--whole-archive)
zephyr/arch/arch/arm/core/cortex_m/libarch__arm__core__cortex_m.a(prep_c.c.obj)
                              (--whole-archive)
zephyr/arch/arch/arm/core/cortex_m/libarch__arm__core__cortex_m.a(thread.c.obj)
                              (--whole-archive)
zephyr/arch/arch/arm/core/cortex_m/libarch__arm__core__cortex_m.a(cpu_idle.S.obj)
                              (--whole-archive)
zephyr/arch/arch/arm/core/cortex_m/libarch__arm__core__cortex_m.a(isr_wrapper.S.obj)
[...]
Memory Configuration

Name             Origin             Length             Attributes
FLASH            0x0000000008000000 0x0000000000200000 xr
RAM              0x0000000024000000 0x0000000000040000 xw
BACKUP_SRAM      0x0000000038800000 0x0000000000001000
QSPI             0x0000000090000000 0x0000000010000000
SRAM1            0x0000000024040000 0x0000000000060000
SRAM2            0x00000000240a0000 0x0000000000060000
SRAM3            0x0000000030000000 0x0000000000010000
SRAM4            0x0000000030010000 0x0000000000010000
SRAM5            0x0000000038000000 0x0000000000008000
DTCM             0x0000000020000000 0x0000000000020000
ITCM             0x0000000000000000 0x0000000000010000
IDT_LIST         0x00000000fffff7ff 0x0000000000000800 xw
*default*        0x0000000000000000 0xffffffffffffffff

Linker script and memory map

LOAD zephyr/CMakeFiles/zephyr_final.dir/misc/empty_file.c.obj
LOAD zephyr/CMakeFiles/zephyr_final.dir/isr_tables.c.obj
LOAD zephyr/CMakeFiles/offsets.dir/./arch/arm/core/offsets/offsets.c.obj
LOAD app/libapp.a
LOAD zephyr/libzephyr.a
LOAD zephyr/arch/common/libarch__common.a
LOAD zephyr/arch/arch/arm/core/libarch__arm__core.a
LOAD zephyr/arch/arch/arm/core/cortex_m/libarch__arm__core__cortex_m.a
LOAD zephyr/arch/arch/arm/core/mpu/libarch__arm__core__mpu.a
LOAD zephyr/lib/libc/minimal/liblib__libc__minimal.a
LOAD zephyr/lib/libc/common/liblib__libc__common.a
LOAD zephyr/drivers/interrupt_controller/libdrivers__interrupt_controller.a
LOAD zephyr/drivers/clock_control/libdrivers__clock_control.a
LOAD zephyr/drivers/console/libdrivers__console.a
LOAD zephyr/drivers/gpio/libdrivers__gpio.a
LOAD zephyr/drivers/pinctrl/libdrivers__pinctrl.a
LOAD zephyr/drivers/pwm/libdrivers__pwm.a
LOAD zephyr/drivers/reset/libdrivers__reset.a
LOAD zephyr/drivers/serial/libdrivers__serial.a
LOAD zephyr/drivers/timer/libdrivers__timer.a
LOAD modules/stm32/stm32cube/lib..__modules__hal__stm32__stm32cube.a
LOAD zephyr/kernel/libkernel.a
LOAD /home/quantumvortex/zephyr-sdk-0.17.2/arm-zephyr-eabi/bin/../lib/gcc/arm-zephyr-eabi/12.2.0/thumb/v7e-m/nofp/libgcc.a
LOAD zephyr/arch/common/libisr_tables.a
                0x0000000000000020                _region_min_align = 0x20

.rel.plt        0x0000000008000000        0x0
 *(SORT_BY_ALIGNMENT(.rel.plt))
                [!provide]                        PROVIDE (__rel_iplt_start = .)
 *(SORT_BY_ALIGNMENT(.rel.iplt))
 .rel.iplt      0x0000000008000000        0x0 zephyr/CMakeFiles/zephyr_final.dir/isr_tables.c.obj
                [!provide]                        PROVIDE (__rel_iplt_end = .)

.rela.plt       0x0000000000000000        0x0
 *(SORT_BY_ALIGNMENT(.rela.plt))
                [!provide]                        PROVIDE (__rela_iplt_start = .)
 *(SORT_BY_ALIGNMENT(.rela.iplt))
                [!provide]                        PROVIDE (__rela_iplt_end = .)

.rel.dyn
 *(SORT_BY_ALIGNMENT(.rel.*))

.rela.dyn
 *(SORT_BY_ALIGNMENT(.rela.*))

/DISCARD/
 *(SORT_BY_ALIGNMENT(.plt))

/DISCARD/
 *(SORT_BY_ALIGNMENT(.iplt))
                0x0000000008000000                __rom_region_start = 0x8000000

rom_start       0x0000000008000000      0x2ac
                0x0000000008000000                __rom_start_address = .
 FILL mask 0x00
                0x0000000008000000                . = (. + (0x0 - (. - __rom_start_address)))
                0x0000000008000000                . = ALIGN (0x4)
                0x0000000008000000                . = ALIGN (0x80)
                0x0000000008000000                . = ALIGN (0x400)
                0x0000000008000000                _vector_start = .
 *(SORT_BY_ALIGNMENT(.exc_vector_table))
 *(SORT_BY_ALIGNMENT(.exc_vector_table.*))
 .exc_vector_table._vector_table_section
                0x0000000008000000       0x40 zephyr/arch/arch/arm/core/cortex_m/libarch__arm__core__cortex_m.a(vector_table.S.obj)
                0x0000000008000000                _vector_table
 *(SORT_BY_ALIGNMENT(.vectors))
                0x00000000080002ac                _vector_end = .
                0x0000000008000040                . = ALIGN (0x4)
 *(SORT_BY_ALIGNMENT(.gnu.linkonce.irq_vector_table*))
 .gnu.linkonce.irq_vector_table
                0x0000000008000040      0x26c zephyr/CMakeFiles/zephyr_final.dir/isr_tables.c.obj
                0x0000000008000040                _irq_vector_table
                0x00000000080002ac                _vector_end = .

text            0x00000000080002ac     0x6a14
                0x00000000080002ac                __text_region_start = .
 *(SORT_BY_ALIGNMENT(.text))
 .text          0x00000000080002ac      0x21c /home/quantumvortex/zephyr-sdk-0.17.2/arm-zephyr-eabi/bin/../lib/gcc/arm-zephyr-eabi/12.2.0/thumb/v7e-m/nofp/libgcc.a(_arm_addsubsf3.o)
                0x00000000080002ac                __aeabi_frsub
                0x00000000080002b4                __subsf3
                0x00000000080002b4                __aeabi_fsub
                0x00000000080002b8                __aeabi_fadd
                0x00000000080002b8                __addsf3
                0x0000000008000418                __aeabi_ui2f
                0x0000000008000418                __floatunsisf
                0x0000000008000420                __aeabi_i2f
                0x0000000008000420                __floatsisf
                0x000000000800043c                __floatundisf
                0x000000000800043c                __aeabi_ul2f
                0x000000000800044c                __floatdisf
                0x000000000800044c                __aeabi_l2f
 .text          0x00000000080004c8      0x2a0 /home/quantumvortex/zephyr-sdk-0.17.2/arm-zephyr-eabi/bin/../lib/gcc/arm-zephyr-eabi/12.2.0/thumb/v7e-m/nofp/libgcc.a(_arm_muldivsf3.o)
                0x00000000080004c8                __mulsf3
                0x00000000080004c8                __aeabi_fmul
                0x0000000008000630                __divsf3
                0x0000000008000630                __aeabi_fdiv
 .text          0x0000000008000768       0x40 /home/quantumvortex/zephyr-sdk-0.17.2/arm-zephyr-eabi/bin/../lib/gcc/arm-zephyr-eabi/12.2.0/thumb/v7e-m/nofp/libgcc.a(_arm_fixunssfsi.o)
                0x0000000008000768                __aeabi_f2uiz
                0x0000000008000768                __fixunssfsi
 .text          0x00000000080007a8       0x30 /home/quantumvortex/zephyr-sdk-0.17.2/arm-zephyr-eabi/bin/../lib/gcc/arm-zephyr-eabi/12.2.0/thumb/v7e-m/nofp/libgcc.a(_aeabi_uldivmod.o)
                0x00000000080007a8                __aeabi_uldivmod
 .text          0x00000000080007d8        0x4 /home/quantumvortex/zephyr-sdk-0.17.2/arm-zephyr-eabi/bin/../lib/gcc/arm-zephyr-eabi/12.2.0/thumb/v7e-m/nofp/libgcc.a(_dvmd_tls.o)
                0x00000000080007d8                __aeabi_ldiv0
                0x00000000080007d8                __aeabi_idiv0
 .text          0x00000000080007dc      0x2a0 /home/quantumvortex/zephyr-sdk-0.17.2/arm-zephyr-eabi/bin/../lib/gcc/arm-zephyr-eabi/12.2.0/thumb/v7e-m/nofp/libgcc.a(_udivmoddi4.o)
                0x00000000080007dc                __udivmoddi4
 *(SORT_BY_ALIGNMENT(.text.*))
 .text.main     0x0000000008000a7c       0x58 app/libapp.a(main.c.obj)
                0x0000000008000a7c                main
 .text.cbvprintf_package
                0x0000000008000ad4      0x3a4 zephyr/libzephyr.a(cbprintf_packaged.c.obj)
                0x0000000008000ad4                cbvprintf_package
 .text.cbprintf_package_convert
                0x0000000008000e78      0x3c0 zephyr/libzephyr.a(cbprintf_packaged.c.obj)
                0x0000000008000e78                cbprintf_package_convert
 .text.__printk_hook_install
                0x0000000008001238        0xc zephyr/libzephyr.a(printk.c.obj)
                0x0000000008001238                __printk_hook_install
 .text.vsnprintk
                0x0000000008001244       0x2c zephyr/libzephyr.a(printk.c.obj)
                0x0000000008001244                vsnprintk
 .text.z_cbvprintf_impl
                0x0000000008001270      0x764 zephyr/libzephyr.a(cbprintf_complete.c.obj)
                0x0000000008001270                z_cbvprintf_impl
 .text.stm32h7_init
                0x00000000080019d4       0xe8 zephyr/libzephyr.a(soc_m7.c.obj)
 .text.activate_foreach_backend
                0x0000000008001abc       0x64 zephyr/libzephyr.a(log_core.c.obj)
 .text.enable_logger
                0x0000000008001b20       0x5c zephyr/libzephyr.a(log_core.c.obj)
 .text.log_process_thread_timer_expiry_fn
                0x0000000008001b7c        0xc zephyr/libzephyr.a(log_core.c.obj)
 .text.z_log_init
                0x0000000008001b88       0x8c zephyr/libzephyr.a(log_core.c.obj)
 .text.log_format_func_t_get
                0x0000000008001c14        0xc zephyr/libzephyr.a(log_core.c.obj)
                0x0000000008001c14                log_format_func_t_get
 .text.log_set_timestamp_func
                0x0000000008001c20       0x20 zephyr/libzephyr.a(log_core.c.obj)
                0x0000000008001c20                log_set_timestamp_func
 .text.z_log_notify_backend_enabled
                0x0000000008001c40       0x1c zephyr/libzephyr.a(log_core.c.obj)
                0x0000000008001c40                z_log_notify_backend_enabled
 .text.z_log_dropped
                0x0000000008001c5c       0x30 zephyr/libzephyr.a(log_core.c.obj)
                0x0000000008001c5c                z_log_dropped
 .text.z_log_dropped_read_and_clear
                0x0000000008001c8c       0x20 zephyr/libzephyr.a(log_core.c.obj)
                0x0000000008001c8c                z_log_dropped_read_and_clear
 .text.dropped_notify
                0x0000000008001cac       0x30 zephyr/libzephyr.a(log_core.c.obj)
                0x0000000008001cac                dropped_notify
 .text.z_log_msg_init
                0x0000000008001cdc       0x20 zephyr/libzephyr.a(log_core.c.obj)
                0x0000000008001cdc                z_log_msg_init
 .text.log_core_init
                0x0000000008001cfc       0x34 zephyr/libzephyr.a(log_core.c.obj)
                0x0000000008001cfc                log_core_init
 .text.z_log_msg_alloc
                0x0000000008001d30       0x10 zephyr/libzephyr.a(log_core.c.obj)
                0x0000000008001d30                z_log_msg_alloc
 .text.z_log_msg_local_claim
                0x0000000008001d40        0xc zephyr/libzephyr.a(log_core.c.obj)
                0x0000000008001d40                z_log_msg_local_claim
 .text.z_log_msg_free
                0x0000000008001d4c       0x10 zephyr/libzephyr.a(log_core.c.obj)
                0x0000000008001d4c                z_log_msg_free
 .text.z_log_msg_pending
                0x0000000008001d5c        0xc zephyr/libzephyr.a(log_core.c.obj)
                0x0000000008001d5c                z_log_msg_pending
 .text.z_impl_log_process
                0x0000000008001d68       0xb0 zephyr/libzephyr.a(log_core.c.obj)
                0x0000000008001d68                z_impl_log_process
 .text.z_impl_log_panic
                0x0000000008001e18       0x44 zephyr/libzephyr.a(log_core.c.obj)
                0x0000000008001e18                z_impl_log_panic
 .text.log_process_thread_func
                0x0000000008001e5c       0x9c zephyr/libzephyr.a(log_core.c.obj)
 .text.z_log_msg_post_finalize
                0x0000000008001ef8       0x78 zephyr/libzephyr.a(log_core.c.obj)
 .text.z_log_msg_commit
                0x0000000008001f70       0x24 zephyr/libzephyr.a(log_core.c.obj)
                0x0000000008001f70                z_log_msg_commit
 .text.log_source_name_get
                0x0000000008001f94       0x1c zephyr/libzephyr.a(log_mgmt.c.obj)
                0x0000000008001f94                log_source_name_get
 .text.log_backend_enable
                0x0000000008001fb0       0x28 zephyr/libzephyr.a(log_mgmt.c.obj)
                0x0000000008001fb0                log_backend_enable
 .text.z_impl_z_log_msg_static_create
                0x0000000008001fd8      0x108 zephyr/libzephyr.a(log_msg.c.obj)
                0x0000000008001fd8                z_impl_z_log_msg_static_create
 .text.z_impl_z_log_msg_runtime_vcreate
                0x00000000080020e0       0x8c zephyr/libzephyr.a(log_msg.c.obj)
                0x00000000080020e0                z_impl_z_log_msg_runtime_vcreate
 .text.print_formatted
                0x000000000800216c       0x24 zephyr/libzephyr.a(log_output.c.obj)
 .text.newline_print
                0x0000000008002190       0x1c zephyr/libzephyr.a(log_output.c.obj)
 .text.log_output_process
                0x00000000080021ac      0x2a4 zephyr/libzephyr.a(log_output.c.obj)
                0x00000000080021ac                log_output_process
 .text.log_output_msg_process
                0x0000000008002450       0x70 zephyr/libzephyr.a(log_output.c.obj)
                0x0000000008002450                log_output_msg_process
 .text.log_output_dropped_process
                0x00000000080024c0       0x58 zephyr/libzephyr.a(log_output.c.obj)
                0x00000000080024c0                log_output_dropped_process
 .text.log_output_timestamp_freq_set
                0x0000000008002518       0x2c zephyr/libzephyr.a(log_output.c.obj)
                0x0000000008002518                log_output_timestamp_freq_set
 .text.format_set
                0x0000000008002544        0xc zephyr/libzephyr.a(log_backend_uart.c.obj)
 .text.panic    0x0000000008002550       0x14 zephyr/libzephyr.a(log_backend_uart.c.obj)
 .text.dropped  0x0000000008002564        0xc zephyr/libzephyr.a(log_backend_uart.c.obj)
 .text.process  0x0000000008002570       0x24 zephyr/libzephyr.a(log_backend_uart.c.obj)
 .text.char_out
                0x0000000008002594       0x24 zephyr/libzephyr.a(log_backend_uart.c.obj)
 .text.mem_attr_get_regions
                0x00000000080025b8        0xc zephyr/libzephyr.a(mem_attr.c.obj)
                0x00000000080025b8                mem_attr_get_regions
 .text.z_arm_fatal_error
                0x00000000080025c4       0xcc zephyr/arch/arch/arm/core/libarch__arm__core.a(fatal.c.obj)
                0x00000000080025c4                z_arm_fatal_error
 .text.z_SysNmiOnReset
                0x0000000008002690        0x8 zephyr/arch/arch/arm/core/libarch__arm__core.a(nmi_on_reset.S.obj)
                0x0000000008002690                z_SysNmiOnReset
 .text._HandlerModeExit
                0x0000000008002698       0x1c zephyr/arch/arch/arm/core/cortex_m/libarch__arm__core__cortex_m.a(exc_exit.S.obj)
                0x0000000008002698                z_arm_exc_exit
                0x0000000008002698                z_arm_int_exit
 .text.bus_fault.constprop.0
                0x00000000080026b4      0x154 zephyr/arch/arch/arm/core/cortex_m/libarch__arm__core__cortex_m.a(fault.c.obj)
 .text.usage_fault.constprop.0
                0x0000000008002808      0x104 zephyr/arch/arch/arm/core/cortex_m/libarch__arm__core__cortex_m.a(fault.c.obj)
 .text.mem_manage_fault
                0x000000000800290c      0x178 zephyr/arch/arch/arm/core/cortex_m/libarch__arm__core__cortex_m.a(fault.c.obj)
 .text.z_arm_fault
                0x0000000008002a84      0x218 zephyr/arch/arch/arm/core/cortex_m/libarch__arm__core__cortex_m.a(fault.c.obj)
                0x0000000008002a84                z_arm_fault
 .text.z_arm_fault_init
                0x0000000008002c9c       0x10 zephyr/arch/arch/arm/core/cortex_m/libarch__arm__core__cortex_m.a(fault.c.obj)
                0x0000000008002c9c                z_arm_fault_init
 .text.__fault  0x0000000008002cac       0x14 zephyr/arch/arch/arm/core/cortex_m/libarch__arm__core__cortex_m.a(fault_s.S.obj)
                0x0000000008002cac                z_arm_bus_fault
                0x0000000008002cac                z_arm_usage_fault
                0x0000000008002cac                z_arm_mpu_fault
                0x0000000008002cac                z_arm_exc_spurious
                0x0000000008002cac                z_arm_debug_monitor
                0x0000000008002cac                z_arm_hard_fault
 .text.z_arm_interrupt_init
                0x0000000008002cc0       0x18 zephyr/arch/arch/arm/core/cortex_m/libarch__arm__core__cortex_m.a(irq_init.c.obj)
                0x0000000008002cc0                z_arm_interrupt_init
 .text._reset_section
                0x0000000008002cd8       0x2c zephyr/arch/arch/arm/core/cortex_m/libarch__arm__core__cortex_m.a(reset.S.obj)
                0x0000000008002cd8                z_arm_reset
                0x0000000008002cd8                __start
 .text.z_impl_k_thread_abort
                0x0000000008002d04       0x2c zephyr/arch/arch/arm/core/cortex_m/libarch__arm__core__cortex_m.a(thread_abort.c.obj)
                0x0000000008002d04                z_impl_k_thread_abort
 .text.arch_swap
                0x0000000008002d30       0x34 zephyr/arch/arch/arm/core/cortex_m/libarch__arm__core__cortex_m.a(swap.c.obj)
                0x0000000008002d30                arch_swap
 .text.z_arm_pendsv
                0x0000000008002d64       0x54 zephyr/arch/arch/arm/core/cortex_m/libarch__arm__core__cortex_m.a(swap_helper.S.obj)
                0x0000000008002d64                z_arm_pendsv
 .text.z_arm_svc
                0x0000000008002db8       0x20 zephyr/arch/arch/arm/core/cortex_m/libarch__arm__core__cortex_m.a(swap_helper.S.obj)
                0x0000000008002db8                z_arm_svc
 .text.arch_irq_enable
                0x0000000008002dd8       0x1c zephyr/arch/arch/arm/core/cortex_m/libarch__arm__core__cortex_m.a(irq_manage.c.obj)
                0x0000000008002dd8                arch_irq_enable
 .text.z_arm_irq_priority_set
                0x0000000008002df4       0x2c zephyr/arch/arch/arm/core/cortex_m/libarch__arm__core__cortex_m.a(irq_manage.c.obj)
                0x0000000008002df4                z_arm_irq_priority_set
 .text.z_arm_prep_c
                0x0000000008002e20       0x48 zephyr/arch/arch/arm/core/cortex_m/libarch__arm__core__cortex_m.a(prep_c.c.obj)
                0x0000000008002e20                z_arm_prep_c
 .text.arch_new_thread
                0x0000000008002e68       0x2c zephyr/arch/arch/arm/core/cortex_m/libarch__arm__core__cortex_m.a(thread.c.obj)
                0x0000000008002e68                arch_new_thread
 .text.z_check_thread_stack_fail
                0x0000000008002e94       0x2c zephyr/arch/arch/arm/core/cortex_m/libarch__arm__core__cortex_m.a(thread.c.obj)
                0x0000000008002e94                z_check_thread_stack_fail
 .text.arch_switch_to_main_thread
                0x0000000008002ec0       0x2c zephyr/arch/arch/arm/core/cortex_m/libarch__arm__core__cortex_m.a(thread.c.obj)
                0x0000000008002ec0                arch_switch_to_main_thread
 .text.z_arm_cpu_idle_init
                0x0000000008002eec        0xc zephyr/arch/arch/arm/core/cortex_m/libarch__arm__core__cortex_m.a(cpu_idle.S.obj)
                0x0000000008002eec                z_arm_cpu_idle_init
 .text.arch_cpu_idle
                0x0000000008002ef8       0x1c zephyr/arch/arch/arm/core/cortex_m/libarch__arm__core__cortex_m.a(cpu_idle.S.obj)
                0x0000000008002ef8                arch_cpu_idle
 .text._isr_wrapper
                0x0000000008002f14       0x28 zephyr/arch/arch/arm/core/cortex_m/libarch__arm__core__cortex_m.a(isr_wrapper.S.obj)
                0x0000000008002f14                _isr_wrapper
 .text.z_arm_configure_static_mpu_regions
                0x0000000008002f3c       0x18 zephyr/arch/arch/arm/core/mpu/libarch__arm__core__mpu.a(arm_core_mpu.c.obj)
                0x0000000008002f3c                z_arm_configure_static_mpu_regions
 .text.z_arm_configure_dynamic_mpu_regions
                0x0000000008002f54       0x20 zephyr/arch/arch/arm/core/mpu/libarch__arm__core__mpu.a(arm_core_mpu.c.obj)
                0x0000000008002f54                z_arm_configure_dynamic_mpu_regions
 .text.region_init
                0x0000000008002f74       0x28 zephyr/arch/arch/arm/core/mpu/libarch__arm__core__mpu.a(arm_mpu.c.obj)
 .text.region_allocate_and_init.part.0
                0x0000000008002f9c       0x30 zephyr/arch/arch/arm/core/mpu/libarch__arm__core__mpu.a(arm_mpu.c.obj)
 .text.mpu_configure_regions
                0x0000000008002fcc       0x9c zephyr/arch/arch/arm/core/mpu/libarch__arm__core__mpu.a(arm_mpu.c.obj)
 .text.arm_core_mpu_enable
                0x0000000008003068       0x18 zephyr/arch/arch/arm/core/mpu/libarch__arm__core__mpu.a(arm_mpu.c.obj)
                0x0000000008003068                arm_core_mpu_enable
 .text.arm_core_mpu_disable
                0x0000000008003080       0x14 zephyr/arch/arch/arm/core/mpu/libarch__arm__core__mpu.a(arm_mpu.c.obj)
                0x0000000008003080                arm_core_mpu_disable
 .text.arm_core_mpu_configure_static_mpu_regions
                0x0000000008003094       0x14 zephyr/arch/arch/arm/core/mpu/libarch__arm__core__mpu.a(arm_mpu.c.obj)
                0x0000000008003094                arm_core_mpu_configure_static_mpu_regions
 .text.arm_core_mpu_configure_dynamic_mpu_regions
                0x00000000080030a8       0x30 zephyr/arch/arch/arm/core/mpu/libarch__arm__core__mpu.a(arm_mpu.c.obj)
                0x00000000080030a8                arm_core_mpu_configure_dynamic_mpu_regions
 .text.z_arm_mpu_init
                0x00000000080030d8      0x14c zephyr/arch/arch/arm/core/mpu/libarch__arm__core__mpu.a(arm_mpu.c.obj)
                0x00000000080030d8                z_arm_mpu_init
 .text.__stdout_hook_install
                0x0000000008003224        0xc zephyr/lib/libc/minimal/liblib__libc__minimal.a(stdout_console.c.obj)
                0x0000000008003224                __stdout_hook_install
 .text.stm32_exti_isr
                0x0000000008003230       0x50 zephyr/drivers/interrupt_controller/libdrivers__interrupt_controller.a(intc_exti_stm32.c.obj)
 .text.stm32_fill_irq_table
                0x0000000008003280       0x18 zephyr/drivers/interrupt_controller/libdrivers__interrupt_controller.a(intc_exti_stm32.c.obj)
 .text.stm32_exti_enable
                0x0000000008003298       0x28 zephyr/drivers/interrupt_controller/libdrivers__interrupt_controller.a(intc_exti_stm32.c.obj)
                0x0000000008003298                stm32_exti_enable
 .text.stm32_exti_set_callback
                0x00000000080032c0       0x30 zephyr/drivers/interrupt_controller/libdrivers__interrupt_controller.a(intc_exti_stm32.c.obj)
                0x00000000080032c0                stm32_exti_set_callback
 .text.stm32_exti_unset_callback
                0x00000000080032f0       0x14 zephyr/drivers/interrupt_controller/libdrivers__interrupt_controller.a(intc_exti_stm32.c.obj)
                0x00000000080032f0                stm32_exti_unset_callback
 .text.get_pllsrc_frequency
                0x0000000008003304       0x1c zephyr/drivers/clock_control/libdrivers__clock_control.a(clock_stm32_ll_h7.c.obj)
 .text.stm32_clock_control_configure
                0x0000000008003320       0x5c zephyr/drivers/clock_control/libdrivers__clock_control.a(clock_stm32_ll_h7.c.obj)
 .text.get_hclk_frequency
                0x000000000800337c       0x2c zephyr/drivers/clock_control/libdrivers__clock_control.a(clock_stm32_ll_h7.c.obj)
 .text.stm32_clock_control_get_subsys_rate
                0x00000000080033a8       0xcc zephyr/drivers/clock_control/libdrivers__clock_control.a(clock_stm32_ll_h7.c.obj)
 .text.stm32_clock_control_init
                0x0000000008003474      0x1dc zephyr/drivers/clock_control/libdrivers__clock_control.a(clock_stm32_ll_h7.c.obj)
                0x0000000008003474                stm32_clock_control_init
 .text.uart_console_init
                0x0000000008003650       0x28 zephyr/drivers/console/libdrivers__console.a(uart_console.c.obj)
 .text.console_out
                0x0000000008003678       0x28 zephyr/drivers/console/libdrivers__console.a(uart_console.c.obj)
 .text.gpio_stm32_init
                0x00000000080036a0       0x30 zephyr/drivers/gpio/libdrivers__gpio.a(gpio_stm32.c.obj)
 .text.gpio_stm32_pin_interrupt_configure
                0x00000000080036d0      0x110 zephyr/drivers/gpio/libdrivers__gpio.a(gpio_stm32.c.obj)
 .text.pinctrl_configure_pins
                0x00000000080037e0       0x84 zephyr/drivers/pinctrl/libdrivers__pinctrl.a(pinctrl_stm32.c.obj)
                0x00000000080037e0                pinctrl_configure_pins
 .text.LL_TIM_OC_GetPolarity
                0x0000000008003864       0x64 zephyr/drivers/pwm/libdrivers__pwm.a(pwm_stm32.c.obj)
 .text.pwm_stm32_set_cycles
                0x00000000080038c8      0x294 zephyr/drivers/pwm/libdrivers__pwm.a(pwm_stm32.c.obj)
 .text.pwm_stm32_init
                0x0000000008003b5c      0x17c zephyr/drivers/pwm/libdrivers__pwm.a(pwm_stm32.c.obj)
 .text.uart_stm32_set_baudrate.part.0
                0x0000000008003cd8       0x28 zephyr/drivers/serial/libdrivers__serial.a(uart_stm32.c.obj)
 .text.uart_stm32_parameters_set
                0x0000000008003d00      0x134 zephyr/drivers/serial/libdrivers__serial.a(uart_stm32.c.obj)
 .text.uart_stm32_init
                0x0000000008003e34      0x204 zephyr/drivers/serial/libdrivers__serial.a(uart_stm32.c.obj)
 .text.uart_stm32_configure
                0x0000000008004038      0x18c zephyr/drivers/serial/libdrivers__serial.a(uart_stm32.c.obj)
 .text.elapsed  0x00000000080041c4       0x4c zephyr/drivers/timer/libdrivers__timer.a(cortex_m_systick.c.obj)
 .text.sys_clock_driver_init
                0x0000000008004210       0x38 zephyr/drivers/timer/libdrivers__timer.a(cortex_m_systick.c.obj)
 .text.sys_clock_isr
                0x0000000008004248       0x54 zephyr/drivers/timer/libdrivers__timer.a(cortex_m_systick.c.obj)
                0x0000000008004248                sys_clock_isr
 .text.sys_clock_set_timeout
                0x000000000800429c       0xfc zephyr/drivers/timer/libdrivers__timer.a(cortex_m_systick.c.obj)
                0x000000000800429c                sys_clock_set_timeout
 .text.sys_clock_elapsed
                0x0000000008004398       0x3c zephyr/drivers/timer/libdrivers__timer.a(cortex_m_systick.c.obj)
                0x0000000008004398                sys_clock_elapsed
 .text.sys_clock_cycle_get_32
                0x00000000080043d4       0x2c zephyr/drivers/timer/libdrivers__timer.a(cortex_m_systick.c.obj)
                0x00000000080043d4                sys_clock_cycle_get_32
 .text.HAL_DBGMCU_DisableDBGStopMode
                0x0000000008004400       0x10 modules/stm32/stm32cube/lib..__modules__hal__stm32__stm32cube.a(stm32h7xx_hal.c.obj)
                0x0000000008004400                HAL_DBGMCU_DisableDBGStopMode
 .text.LL_RCC_HSE_IsReady
                0x0000000008004410       0x10 modules/stm32/stm32cube/lib..__modules__hal__stm32__stm32cube.a(stm32h7xx_ll_rcc.c.obj)
 .text.LL_RCC_HSI_IsReady
                0x0000000008004420       0x10 modules/stm32/stm32cube/lib..__modules__hal__stm32__stm32cube.a(stm32h7xx_ll_rcc.c.obj)
 .text.LL_RCC_CSI_IsReady
                0x0000000008004430       0x10 modules/stm32/stm32cube/lib..__modules__hal__stm32__stm32cube.a(stm32h7xx_ll_rcc.c.obj)
 .text.RCC_GetHCLKClockFreq
                0x0000000008004440       0x1c modules/stm32/stm32cube/lib..__modules__hal__stm32__stm32cube.a(stm32h7xx_ll_rcc.c.obj)
 .text.RCC_GetPCLK1ClockFreq
                0x000000000800445c       0x1c modules/stm32/stm32cube/lib..__modules__hal__stm32__stm32cube.a(stm32h7xx_ll_rcc.c.obj)
 .text.RCC_GetPCLK2ClockFreq
                0x0000000008004478       0x1c modules/stm32/stm32cube/lib..__modules__hal__stm32__stm32cube.a(stm32h7xx_ll_rcc.c.obj)
 .text.RCC_GetPCLK4ClockFreq
                0x0000000008004494       0x1c modules/stm32/stm32cube/lib..__modules__hal__stm32__stm32cube.a(stm32h7xx_ll_rcc.c.obj)
 .text.LL_RCC_GetPLL1ClockFreq
                0x00000000080044b0       0xec modules/stm32/stm32cube/lib..__modules__hal__stm32__stm32cube.a(stm32h7xx_ll_rcc.c.obj)
                0x00000000080044b0                LL_RCC_GetPLL1ClockFreq
 .text.RCC_GetSystemClockFreq
                0x000000000800459c       0x54 modules/stm32/stm32cube/lib..__modules__hal__stm32__stm32cube.a(stm32h7xx_ll_rcc.c.obj)
 .text.LL_RCC_GetSystemClocksFreq
                0x00000000080045f0       0x48 modules/stm32/stm32cube/lib..__modules__hal__stm32__stm32cube.a(stm32h7xx_ll_rcc.c.obj)
                0x00000000080045f0                LL_RCC_GetSystemClocksFreq
 .text.LL_TIM_Init
                0x0000000008004638       0xac modules/stm32/stm32cube/lib..__modules__hal__stm32__stm32cube.a(stm32h7xx_ll_tim.c.obj)
                0x0000000008004638                LL_TIM_Init
 .text.LL_TIM_OC_Init
                0x00000000080046e4      0x304 modules/stm32/stm32cube/lib..__modules__hal__stm32__stm32cube.a(stm32h7xx_ll_tim.c.obj)
                0x00000000080046e4                LL_TIM_OC_Init
 .text.LL_SetFlashLatency
                0x00000000080049e8      0x178 modules/stm32/stm32cube/lib..__modules__hal__stm32__stm32cube.a(stm32h7xx_ll_utils.c.obj)
                0x00000000080049e8                LL_SetFlashLatency
 .text.z_impl_k_busy_wait
                0x0000000008004b60       0x30 zephyr/kernel/libkernel.a(busy_wait.c.obj)
                0x0000000008004b60                z_impl_k_busy_wait
 .text.k_sys_fatal_error_handler
                0x0000000008004b90       0x30 zephyr/kernel/libkernel.a(fatal.c.obj)
                0x0000000008004b90                k_sys_fatal_error_handler
 .text.z_fatal_error
                0x0000000008004bc0       0xfc zephyr/kernel/libkernel.a(fatal.c.obj)
                0x0000000008004bc0                z_fatal_error
 .text.z_sys_init_run_level
                0x0000000008004cbc       0x48 zephyr/kernel/libkernel.a(init.c.obj)
 .text.bg_thread_main
                0x0000000008004d04       0x34 zephyr/kernel/libkernel.a(init.c.obj)
 .text.z_bss_zero
                0x0000000008004d38       0x2c zephyr/kernel/libkernel.a(init.c.obj)
                0x0000000008004d38                z_bss_zero
 .text.z_init_cpu
                0x0000000008004d64       0x8c zephyr/kernel/libkernel.a(init.c.obj)
                0x0000000008004d64                z_init_cpu
 .text.z_cstart
                0x0000000008004df0       0xd4 zephyr/kernel/libkernel.a(init.c.obj)
                0x0000000008004df0                z_cstart
 .text.z_setup_new_thread
                0x0000000008004ec4       0x64 zephyr/kernel/libkernel.a(thread.c.obj)
                0x0000000008004ec4                z_setup_new_thread
 .text.z_impl_k_thread_create
                0x0000000008004f28       0x58 zephyr/kernel/libkernel.a(thread.c.obj)
                0x0000000008004f28                z_impl_k_thread_create
 .text.z_init_static_threads
                0x0000000008004f80       0x94 zephyr/kernel/libkernel.a(thread.c.obj)
                0x0000000008004f80                z_init_static_threads
 .text.z_impl_k_sem_give
                0x0000000008005014       0x48 zephyr/kernel/libkernel.a(sem.c.obj)
                0x0000000008005014                z_impl_k_sem_give
 .text.z_impl_k_sem_take
                0x000000000800505c       0x50 zephyr/kernel/libkernel.a(sem.c.obj)
                0x000000000800505c                z_impl_k_sem_take
 .text.sliceable
                0x00000000080050ac       0x3c zephyr/kernel/libkernel.a(sched.c.obj)
 .text.slice_timeout
                0x00000000080050e8       0x20 zephyr/kernel/libkernel.a(sched.c.obj)
 .text.z_reset_time_slice
                0x0000000008005108       0x50 zephyr/kernel/libkernel.a(sched.c.obj)
                0x0000000008005108                z_reset_time_slice
 .text.update_cache
                0x0000000008005158       0x3c zephyr/kernel/libkernel.a(sched.c.obj)
 .text.move_thread_to_end_of_prio_q
                0x0000000008005194       0x74 zephyr/kernel/libkernel.a(sched.c.obj)
 .text.ready_thread
                0x0000000008005208       0x68 zephyr/kernel/libkernel.a(sched.c.obj)
 .text.unready_thread
                0x0000000008005270       0x30 zephyr/kernel/libkernel.a(sched.c.obj)
 .text.pend_locked
                0x00000000080052a0       0x30 zephyr/kernel/libkernel.a(sched.c.obj)
 .text.z_time_slice
                0x00000000080052d0       0x60 zephyr/kernel/libkernel.a(sched.c.obj)
                0x00000000080052d0                z_time_slice
 .text.z_pend_curr
                0x0000000008005330       0x3c zephyr/kernel/libkernel.a(sched.c.obj)
                0x0000000008005330                z_pend_curr
 .text.z_reschedule
                0x000000000800536c       0x24 zephyr/kernel/libkernel.a(sched.c.obj)
                0x000000000800536c                z_reschedule
 .text.z_sched_start
                0x0000000008005390       0x3c zephyr/kernel/libkernel.a(sched.c.obj)
                0x0000000008005390                z_sched_start
 .text.z_impl_k_thread_suspend
                0x00000000080053cc       0x64 zephyr/kernel/libkernel.a(sched.c.obj)
                0x00000000080053cc                z_impl_k_thread_suspend
 .text.k_sched_lock
                0x0000000008005430       0x28 zephyr/kernel/libkernel.a(sched.c.obj)
                0x0000000008005430                k_sched_lock
 .text.k_sched_unlock
                0x0000000008005458       0x38 zephyr/kernel/libkernel.a(sched.c.obj)
                0x0000000008005458                k_sched_unlock
 .text.z_sched_init
                0x0000000008005490       0x10 zephyr/kernel/libkernel.a(sched.c.obj)
                0x0000000008005490                z_sched_init
 .text.z_impl_k_yield
                0x00000000080054a0       0x7c zephyr/kernel/libkernel.a(sched.c.obj)
                0x00000000080054a0                z_impl_k_yield
 .text.z_tick_sleep
                0x000000000800551c       0x88 zephyr/kernel/libkernel.a(sched.c.obj)
 .text.z_impl_k_sleep
                0x00000000080055a4       0x30 zephyr/kernel/libkernel.a(sched.c.obj)
                0x00000000080055a4                z_impl_k_sleep
 .text.z_impl_k_sched_current_thread_query
                0x00000000080055d4        0xc zephyr/kernel/libkernel.a(sched.c.obj)
                0x00000000080055d4                z_impl_k_sched_current_thread_query
 .text.z_thread_abort
                0x00000000080055e0       0xc0 zephyr/kernel/libkernel.a(sched.c.obj)
                0x00000000080055e0                z_thread_abort
 .text.z_data_copy
                0x00000000080056a0       0x64 zephyr/kernel/libkernel.a(xip.c.obj)
                0x00000000080056a0                z_data_copy
 .text.elapsed  0x0000000008005704       0x14 zephyr/kernel/libkernel.a(timeout.c.obj)
 .text.next_timeout
                0x0000000008005718       0x40 zephyr/kernel/libkernel.a(timeout.c.obj)
 .text.remove_timeout
                0x0000000008005758       0x38 zephyr/kernel/libkernel.a(timeout.c.obj)
 .text.z_add_timeout
                0x0000000008005790       0xec zephyr/kernel/libkernel.a(timeout.c.obj)
                0x0000000008005790                z_add_timeout
 .text.sys_clock_announce
                0x000000000800587c       0xd8 zephyr/kernel/libkernel.a(timeout.c.obj)
                0x000000000800587c                sys_clock_announce
 .text.sys_clock_tick_get
                0x0000000008005954       0x34 zephyr/kernel/libkernel.a(timeout.c.obj)
                0x0000000008005954                sys_clock_tick_get
 .text.z_timer_expiration_handler
                0x0000000008005988       0xe4 zephyr/kernel/libkernel.a(timer.c.obj)
                0x0000000008005988                z_timer_expiration_handler
 .text.z_impl_k_timer_start
                0x0000000008005a6c       0x60 zephyr/kernel/libkernel.a(timer.c.obj)
                0x0000000008005a6c                z_impl_k_timer_start
 .text.boot_banner
                0x0000000008005acc        0xc zephyr/kernel/libkernel.a(banner.c.obj)
                0x0000000008005acc                boot_banner
 .text._OffsetAbsSyms
                0x0000000008005ad8        0x2 zephyr/CMakeFiles/offsets.dir/./arch/arm/core/offsets/offsets.c.obj
                0x0000000008005ad8                _OffsetAbsSyms
 .text.gpio_pin_set_dt.isra.0
                0x0000000008005ada       0x28 app/libapp.a(main.c.obj)
 .text.gpio_pin_configure_dt.constprop.0.isra.0
                0x0000000008005b02       0x36 app/libapp.a(main.c.obj)
 .text.cbpprintf_external
                0x0000000008005b38       0x62 zephyr/libzephyr.a(cbprintf_packaged.c.obj)
                0x0000000008005b38                cbpprintf_external
 .text.is_ptr   0x0000000008005b9a       0x4a zephyr/libzephyr.a(cbprintf_packaged.c.obj)
                0x0000000008005b9a                is_ptr
 .text.arch_printk_char_out
                0x0000000008005be4        0x4 zephyr/libzephyr.a(printk.c.obj)
                0x0000000008005be4                arch_printk_char_out
 .text.str_out  0x0000000008005be8       0x24 zephyr/libzephyr.a(printk.c.obj)
 .text.printk   0x0000000008005c0c       0x1a zephyr/libzephyr.a(printk.c.obj)
                0x0000000008005c0c                printk
 .text.snprintk
                0x0000000008005c26       0x1a zephyr/libzephyr.a(printk.c.obj)
                0x0000000008005c26                snprintk
 .text.z_thread_entry
                0x0000000008005c40       0x14 zephyr/libzephyr.a(thread_entry.c.obj)
                0x0000000008005c40                z_thread_entry
 .text.encode_uint
                0x0000000008005c54       0x8c zephyr/libzephyr.a(cbprintf_complete.c.obj)
 .text.outs     0x0000000008005ce0       0x2e zephyr/libzephyr.a(cbprintf_complete.c.obj)
 .text.free_space
                0x0000000008005d0e       0x26 zephyr/libzephyr.a(mpsc_pbuf.c.obj)
 .text.get_usage
                0x0000000008005d34       0x22 zephyr/libzephyr.a(mpsc_pbuf.c.obj)
 .text.idx_inc  0x0000000008005d56       0x1c zephyr/libzephyr.a(mpsc_pbuf.c.obj)
 .text.rd_idx_inc
                0x0000000008005d72       0x18 zephyr/libzephyr.a(mpsc_pbuf.c.obj)
 .text.add_skip_item
                0x0000000008005d8a       0x3a zephyr/libzephyr.a(mpsc_pbuf.c.obj)
 .text.drop_item_locked
                0x0000000008005dc4       0xee zephyr/libzephyr.a(mpsc_pbuf.c.obj)
 .text.post_drop_action
                0x0000000008005eb2       0x36 zephyr/libzephyr.a(mpsc_pbuf.c.obj)
 .text.max_utilization_update
                0x0000000008005ee8       0x1a zephyr/libzephyr.a(mpsc_pbuf.c.obj)
 .text.mpsc_pbuf_init
                0x0000000008005f02       0x42 zephyr/libzephyr.a(mpsc_pbuf.c.obj)
                0x0000000008005f02                mpsc_pbuf_init
 .text.mpsc_pbuf_alloc
                0x0000000008005f44       0xfc zephyr/libzephyr.a(mpsc_pbuf.c.obj)
                0x0000000008005f44                mpsc_pbuf_alloc
 .text.mpsc_pbuf_commit
                0x0000000008006040       0x40 zephyr/libzephyr.a(mpsc_pbuf.c.obj)
                0x0000000008006040                mpsc_pbuf_commit
 .text.mpsc_pbuf_claim
                0x0000000008006080       0xa4 zephyr/libzephyr.a(mpsc_pbuf.c.obj)
                0x0000000008006080                mpsc_pbuf_claim
 .text.mpsc_pbuf_free
                0x0000000008006124       0x78 zephyr/libzephyr.a(mpsc_pbuf.c.obj)
                0x0000000008006124                mpsc_pbuf_free
 .text.mpsc_pbuf_is_pending
                0x000000000800619c       0x1a zephyr/libzephyr.a(mpsc_pbuf.c.obj)
                0x000000000800619c                mpsc_pbuf_is_pending
 .text._ConfigAbsSyms
                0x00000000080061b6        0x2 zephyr/libzephyr.a(configs.c.obj)
                0x00000000080061b6                _ConfigAbsSyms
 .text.st_stm32_common_config
                0x00000000080061b8        0xa zephyr/libzephyr.a(soc_config.c.obj)
 .text.log_msg_generic_get_wlen
                0x00000000080061c2       0x20 zephyr/libzephyr.a(log_core.c.obj)
 .text.dummy_timestamp
                0x00000000080061e2        0x4 zephyr/libzephyr.a(log_core.c.obj)
 .text.atomic_inc
                0x00000000080061e6       0x1a zephyr/libzephyr.a(log_core.c.obj)
 .text.default_lf_get_timestamp
                0x0000000008006200       0x10 zephyr/libzephyr.a(log_core.c.obj)
 .text.z_log_vprintk
                0x0000000008006210       0x1c zephyr/libzephyr.a(log_core.c.obj)
                0x0000000008006210                z_log_vprintk
 .text.z_log_notify_drop
                0x000000000800622c        0x6 zephyr/libzephyr.a(log_core.c.obj)
 .text.z_log_get_tag
                0x0000000008006232        0x4 zephyr/libzephyr.a(log_core.c.obj)
                0x0000000008006232                z_log_get_tag
 .text.z_cbprintf_cpy
                0x0000000008006236       0x2c zephyr/libzephyr.a(log_msg.c.obj)
 .text.z_log_msg_finalize
                0x0000000008006262       0x32 zephyr/libzephyr.a(log_msg.c.obj)
                0x0000000008006262                z_log_msg_finalize
 .text.buffer_write
                0x0000000008006294       0x1a zephyr/libzephyr.a(log_output.c.obj)
 .text.cbvprintf
                0x00000000080062ae        0xe zephyr/libzephyr.a(log_output.c.obj)
 .text.log_output_flush
                0x00000000080062bc       0x1a zephyr/libzephyr.a(log_output.c.obj)
                0x00000000080062bc                log_output_flush
 .text.out_func
                0x00000000080062d6       0x36 zephyr/libzephyr.a(log_output.c.obj)
 .text.cr_out_func
                0x000000000800630c       0x1c zephyr/libzephyr.a(log_output.c.obj)
 .text.log_backend_uart_init
                0x0000000008006328        0x2 zephyr/libzephyr.a(log_backend_uart.c.obj)
 .text.z_do_kernel_oops
                0x000000000800632a        0x8 zephyr/arch/arch/arm/core/libarch__arm__core.a(fatal.c.obj)
                0x000000000800632a                z_do_kernel_oops
 .text.z_arm_nmi
                0x0000000008006332        0xe zephyr/arch/arch/arm/core/libarch__arm__core.a(nmi.c.obj)
                0x0000000008006332                z_arm_nmi
 .text.z_log_msg_static_create.constprop.0
                0x0000000008006340        0x6 zephyr/arch/arch/arm/core/cortex_m/libarch__arm__core__cortex_m.a(fault.c.obj)
 .text.z_irq_spurious
                0x0000000008006346        0x8 zephyr/arch/arch/arm/core/cortex_m/libarch__arm__core__cortex_m.a(irq_manage.c.obj)
                0x0000000008006346                z_irq_spurious
 .text.size_to_mpu_rasr_size
                0x000000000800634e       0x20 zephyr/arch/arch/arm/core/mpu/libarch__arm__core__mpu.a(arm_mpu.c.obj)
 .text.strlen   0x000000000800636e        0xe zephyr/lib/libc/minimal/liblib__libc__minimal.a(string.c.obj)
                0x000000000800636e                strlen
 .text.memcpy   0x000000000800637c       0x16 zephyr/lib/libc/minimal/liblib__libc__minimal.a(string.c.obj)
                0x000000000800637c                memcpy
 .text.memset   0x0000000008006392       0x12 zephyr/lib/libc/minimal/liblib__libc__minimal.a(string.c.obj)
                0x0000000008006392                memset
 .text._stdout_hook_default
                0x00000000080063a4        0x6 zephyr/lib/libc/minimal/liblib__libc__minimal.a(stdout_console.c.obj)
 .text.strnlen  0x00000000080063aa       0x12 zephyr/lib/libc/common/liblib__libc__common.a(strnlen.c.obj)
                0x00000000080063aa                strnlen
 .text.stm32_exti_init
                0x00000000080063bc       0x92 zephyr/drivers/interrupt_controller/libdrivers__interrupt_controller.a(intc_exti_stm32.c.obj)
 .text.stm32_exti_disable
                0x000000000800644e       0x1a zephyr/drivers/interrupt_controller/libdrivers__interrupt_controller.a(intc_exti_stm32.c.obj)
                0x000000000800644e                stm32_exti_disable
 .text.stm32_exti_trigger
                0x0000000008006468       0x64 zephyr/drivers/interrupt_controller/libdrivers__interrupt_controller.a(intc_exti_stm32.c.obj)
                0x0000000008006468                stm32_exti_trigger
 .text.stm32_clock_control_on
                0x00000000080064cc       0x24 zephyr/drivers/clock_control/libdrivers__clock_control.a(clock_stm32_ll_h7.c.obj)
 .text.stm32_clock_control_off
                0x00000000080064f0       0x26 zephyr/drivers/clock_control/libdrivers__clock_control.a(clock_stm32_ll_h7.c.obj)
 .text.gpio_stm32_port_get_raw
                0x0000000008006516        0xc zephyr/drivers/gpio/libdrivers__gpio.a(gpio_stm32.c.obj)
 .text.gpio_stm32_port_set_masked_raw
                0x0000000008006522       0x12 zephyr/drivers/gpio/libdrivers__gpio.a(gpio_stm32.c.obj)
 .text.gpio_stm32_port_set_bits_raw
                0x0000000008006534        0xa zephyr/drivers/gpio/libdrivers__gpio.a(gpio_stm32.c.obj)
 .text.gpio_stm32_port_clear_bits_raw
                0x000000000800653e        0xc zephyr/drivers/gpio/libdrivers__gpio.a(gpio_stm32.c.obj)
 .text.gpio_stm32_port_toggle_bits
                0x000000000800654a        0xe zephyr/drivers/gpio/libdrivers__gpio.a(gpio_stm32.c.obj)
 .text.gpio_stm32_manage_callback
                0x0000000008006558       0x52 zephyr/drivers/gpio/libdrivers__gpio.a(gpio_stm32.c.obj)
 .text.gpio_stm32_configure_raw.isra.0
                0x00000000080065aa       0xa0 zephyr/drivers/gpio/libdrivers__gpio.a(gpio_stm32.c.obj)
 .text.gpio_stm32_config
                0x000000000800664a       0x78 zephyr/drivers/gpio/libdrivers__gpio.a(gpio_stm32.c.obj)
 .text.gpio_stm32_isr
                0x00000000080066c2       0x2e zephyr/drivers/gpio/libdrivers__gpio.a(gpio_stm32.c.obj)
 .text.gpio_stm32_configure
                0x00000000080066f0       0x30 zephyr/drivers/gpio/libdrivers__gpio.a(gpio_stm32.c.obj)
                0x00000000080066f0                gpio_stm32_configure
 .text.pinctrl_lookup_state
                0x0000000008006720       0x26 zephyr/drivers/pinctrl/libdrivers__pinctrl.a(common.c.obj)
                0x0000000008006720                pinctrl_lookup_state
 .text.LL_TIM_OC_SetCompareCH1
                0x0000000008006746        0x4 zephyr/drivers/pwm/libdrivers__pwm.a(pwm_stm32.c.obj)
 .text.LL_TIM_OC_SetCompareCH2
                0x000000000800674a        0x4 zephyr/drivers/pwm/libdrivers__pwm.a(pwm_stm32.c.obj)
 .text.LL_TIM_OC_SetCompareCH3
                0x000000000800674e        0x4 zephyr/drivers/pwm/libdrivers__pwm.a(pwm_stm32.c.obj)
 .text.LL_TIM_OC_SetCompareCH4
                0x0000000008006752        0x4 zephyr/drivers/pwm/libdrivers__pwm.a(pwm_stm32.c.obj)
 .text.LL_TIM_OC_SetCompareCH5
                0x0000000008006756        0x6 zephyr/drivers/pwm/libdrivers__pwm.a(pwm_stm32.c.obj)
 .text.LL_TIM_OC_SetCompareCH6
                0x000000000800675c        0x4 zephyr/drivers/pwm/libdrivers__pwm.a(pwm_stm32.c.obj)
 .text.pwm_stm32_get_cycles_per_sec
                0x0000000008006760       0x16 zephyr/drivers/pwm/libdrivers__pwm.a(pwm_stm32.c.obj)
 .text.reset_stm32_status
                0x0000000008006776       0x22 zephyr/drivers/reset/libdrivers__reset.a(reset_stm32.c.obj)
 .text.reset_stm32_line_assert
                0x0000000008006798       0x1c zephyr/drivers/reset/libdrivers__reset.a(reset_stm32.c.obj)
 .text.reset_stm32_line_deassert
                0x00000000080067b4       0x1e zephyr/drivers/reset/libdrivers__reset.a(reset_stm32.c.obj)
 .text.reset_stm32_line_toggle
                0x00000000080067d2       0x16 zephyr/drivers/reset/libdrivers__reset.a(reset_stm32.c.obj)
 .text.uart_stm32_ll2cfg_databits
                0x00000000080067e8       0x2a zephyr/drivers/serial/libdrivers__serial.a(uart_stm32.c.obj)
 .text.uart_stm32_err_check
                0x0000000008006812       0x62 zephyr/drivers/serial/libdrivers__serial.a(uart_stm32.c.obj)
 .text.uart_stm32_poll_out
                0x0000000008006874       0x3a zephyr/drivers/serial/libdrivers__serial.a(uart_stm32.c.obj)
 .text.uart_stm32_poll_in
                0x00000000080068ae       0x24 zephyr/drivers/serial/libdrivers__serial.a(uart_stm32.c.obj)
 .text.uart_stm32_config_get
                0x00000000080068d2       0x92 zephyr/drivers/serial/libdrivers__serial.a(uart_stm32.c.obj)
 .text.uart_stm32_set_baudrate
                0x0000000008006964       0x42 zephyr/drivers/serial/libdrivers__serial.a(uart_stm32.c.obj)
 .text.LL_RCC_CalcPLLClockFreq
                0x00000000080069a6       0x5c modules/stm32/stm32cube/lib..__modules__hal__stm32__stm32cube.a(stm32h7xx_ll_rcc.c.obj)
                0x00000000080069a6                LL_RCC_CalcPLLClockFreq
 .text.LL_TIM_StructInit
                0x0000000008006a02       0x12 modules/stm32/stm32cube/lib..__modules__hal__stm32__stm32cube.a(stm32h7xx_ll_tim.c.obj)
                0x0000000008006a02                LL_TIM_StructInit
 .text.LL_TIM_OC_StructInit
                0x0000000008006a14       0x14 modules/stm32/stm32cube/lib..__modules__hal__stm32__stm32cube.a(stm32h7xx_ll_tim.c.obj)
                0x0000000008006a14                LL_TIM_OC_StructInit
 .text.z_device_state_init
                0x0000000008006a28        0x2 zephyr/kernel/libkernel.a(device.c.obj)
                0x0000000008006a28                z_device_state_init
 .text.z_device_is_ready
                0x0000000008006a2a       0x16 zephyr/kernel/libkernel.a(device.c.obj)
                0x0000000008006a2a                z_device_is_ready
 .text.arch_system_halt
                0x0000000008006a40       0x12 zephyr/kernel/libkernel.a(fatal.c.obj)
                0x0000000008006a40                arch_system_halt
 .text.z_early_memset
                0x0000000008006a52        0x4 zephyr/kernel/libkernel.a(init.c.obj)
                0x0000000008006a52                z_early_memset
 .text.z_early_memcpy
                0x0000000008006a56        0x4 zephyr/kernel/libkernel.a(init.c.obj)
                0x0000000008006a56                z_early_memcpy
 .text.k_is_in_isr
                0x0000000008006a5a        0xc zephyr/kernel/libkernel.a(thread.c.obj)
                0x0000000008006a5a                k_is_in_isr
 .text.z_impl_k_thread_name_set
                0x0000000008006a66        0x6 zephyr/kernel/libkernel.a(thread.c.obj)
                0x0000000008006a66                z_impl_k_thread_name_set
 .text.k_thread_name_get
                0x0000000008006a6c        0x4 zephyr/kernel/libkernel.a(thread.c.obj)
                0x0000000008006a6c                k_thread_name_get
 .text.idle     0x0000000008006a70       0x18 zephyr/kernel/libkernel.a(idle.c.obj)
                0x0000000008006a70                idle
 .text.z_impl_k_sem_init
                0x0000000008006a88       0x18 zephyr/kernel/libkernel.a(sem.c.obj)
                0x0000000008006a88                z_impl_k_sem_init
 .text.sys_dlist_remove
                0x0000000008006aa0       0x10 zephyr/kernel/libkernel.a(sched.c.obj)
 .text.unpend_thread_no_timeout
                0x0000000008006ab0       0x14 zephyr/kernel/libkernel.a(sched.c.obj)
 .text.add_to_waitq_locked
                0x0000000008006ac4       0x50 zephyr/kernel/libkernel.a(sched.c.obj)
 .text.z_ready_thread
                0x0000000008006b14       0x20 zephyr/kernel/libkernel.a(sched.c.obj)
                0x0000000008006b14                z_ready_thread
 .text.z_unpend_thread_no_timeout
                0x0000000008006b34       0x24 zephyr/kernel/libkernel.a(sched.c.obj)
                0x0000000008006b34                z_unpend_thread_no_timeout
 .text.z_sched_wake_thread
                0x0000000008006b58       0x44 zephyr/kernel/libkernel.a(sched.c.obj)
                0x0000000008006b58                z_sched_wake_thread
 .text.z_thread_timeout
                0x0000000008006b9c        0x8 zephyr/kernel/libkernel.a(sched.c.obj)
                0x0000000008006b9c                z_thread_timeout
 .text.z_unpend1_no_timeout
                0x0000000008006ba4       0x2e zephyr/kernel/libkernel.a(sched.c.obj)
                0x0000000008006ba4                z_unpend1_no_timeout
 .text.z_unpend_first_thread
                0x0000000008006bd2       0x38 zephyr/kernel/libkernel.a(sched.c.obj)
                0x0000000008006bd2                z_unpend_first_thread
 .text.z_reschedule_irqlock
                0x0000000008006c0a       0x18 zephyr/kernel/libkernel.a(sched.c.obj)
                0x0000000008006c0a                z_reschedule_irqlock
 .text.z_reschedule_unlocked
                0x0000000008006c22       0x14 zephyr/kernel/libkernel.a(sched.c.obj)
 .text.z_abort_timeout
                0x0000000008006c36       0x2c zephyr/kernel/libkernel.a(timeout.c.obj)
                0x0000000008006c36                z_abort_timeout
 .text.sys_clock_tick_get_32
                0x0000000008006c62        0x8 zephyr/kernel/libkernel.a(timeout.c.obj)
                0x0000000008006c62                sys_clock_tick_get_32
 .text.z_impl_k_uptime_ticks
                0x0000000008006c6a        0x4 zephyr/kernel/libkernel.a(timeout.c.obj)
                0x0000000008006c6a                z_impl_k_uptime_ticks
 .text.k_timer_init
                0x0000000008006c6e       0x18 zephyr/kernel/libkernel.a(timer.c.obj)
                0x0000000008006c6e                k_timer_init
 .text.z_impl_k_timer_stop
                0x0000000008006c86       0x3a zephyr/kernel/libkernel.a(timer.c.obj)
                0x0000000008006c86                z_impl_k_timer_stop
 *(SORT_BY_ALIGNMENT(.TEXT.*))
 *(SORT_BY_ALIGNMENT(.gnu.linkonce.t.*))
 *(SORT_BY_ALIGNMENT(.glue_7t))
 .glue_7t       0x0000000008006cc0        0x0 linker stubs
 *(SORT_BY_ALIGNMENT(.glue_7))
 .glue_7        0x0000000008006cc0        0x0 linker stubs
 *(SORT_BY_ALIGNMENT(.vfp11_veneer))
 .vfp11_veneer  0x0000000008006cc0        0x0 linker stubs
 *(SORT_BY_ALIGNMENT(.v4_bx))
 .v4_bx         0x0000000008006cc0        0x0 linker stubs
                0x0000000008006cc0                . = ALIGN (0x4)
                0x0000000008006cc0                __text_region_end = .

.ARM.exidx      0x0000000008006cc0        0x8
                0x0000000008006cc0                __exidx_start = .
 *(SORT_BY_ALIGNMENT(.ARM.exidx*) SORT_BY_ALIGNMENT(gnu.linkonce.armexidx.*))
 .ARM.exidx     0x0000000008006cc0        0x8 /home/quantumvortex/zephyr-sdk-0.17.2/arm-zephyr-eabi/bin/../lib/gcc/arm-zephyr-eabi/12.2.0/thumb/v7e-m/nofp/libgcc.a(_udivmoddi4.o)
                0x0000000008006cc8                __exidx_end = .
                0x0000000008006cc8                __rodata_region_start = .

initlevel       0x0000000008006cc8       0xa8
                0x0000000008006cc8                __init_start = .
                0x0000000008006cc8                __init_EARLY_start = .
 *(SORT_BY_NAME(SORT_BY_ALIGNMENT(.z_init_EARLY?_*)))
 *(SORT_BY_NAME(SORT_BY_ALIGNMENT(.z_init_EARLY??_*)))
                0x0000000008006cc8                __init_PRE_KERNEL_1_start = .
 *(SORT_BY_NAME(SORT_BY_ALIGNMENT(.z_init_PRE_KERNEL_1?_*)))
 .z_init_PRE_KERNEL_10_0_
                0x0000000008006cc8        0x8 zephyr/libzephyr.a(soc_m7.c.obj)
 .z_init_PRE_KERNEL_11_00009_
                0x0000000008006cd0        0x8 zephyr/drivers/clock_control/libdrivers__clock_control.a(clock_stm32_ll_h7.c.obj)
 .z_init_PRE_KERNEL_11_0_
                0x0000000008006cd8        0x8 zephyr/libzephyr.a(soc_config.c.obj)
 *(SORT_BY_NAME(SORT_BY_ALIGNMENT(.z_init_PRE_KERNEL_1??_*)))
 .z_init_PRE_KERNEL_135_00044_
                0x0000000008006ce0        0x8 zephyr/drivers/reset/libdrivers__reset.a(reset_stm32.c.obj)
 .z_init_PRE_KERNEL_140_00036_
                0x0000000008006ce8        0x8 zephyr/drivers/gpio/libdrivers__gpio.a(gpio_stm32.c.obj)
 .z_init_PRE_KERNEL_140_00039_
                0x0000000008006cf0        0x8 zephyr/drivers/gpio/libdrivers__gpio.a(gpio_stm32.c.obj)
 .z_init_PRE_KERNEL_140_00041_
                0x0000000008006cf8        0x8 zephyr/drivers/gpio/libdrivers__gpio.a(gpio_stm32.c.obj)
 .z_init_PRE_KERNEL_140_00066_
                0x0000000008006d00        0x8 zephyr/drivers/interrupt_controller/libdrivers__interrupt_controller.a(intc_exti_stm32.c.obj)
 .z_init_PRE_KERNEL_140_00104_
                0x0000000008006d08        0x8 zephyr/drivers/gpio/libdrivers__gpio.a(gpio_stm32.c.obj)
 .z_init_PRE_KERNEL_140_00105_
                0x0000000008006d10        0x8 zephyr/drivers/gpio/libdrivers__gpio.a(gpio_stm32.c.obj)
 .z_init_PRE_KERNEL_140_00106_
                0x0000000008006d18        0x8 zephyr/drivers/gpio/libdrivers__gpio.a(gpio_stm32.c.obj)
 .z_init_PRE_KERNEL_140_00107_
                0x0000000008006d20        0x8 zephyr/drivers/gpio/libdrivers__gpio.a(gpio_stm32.c.obj)
 .z_init_PRE_KERNEL_140_00108_
                0x0000000008006d28        0x8 zephyr/drivers/gpio/libdrivers__gpio.a(gpio_stm32.c.obj)
 .z_init_PRE_KERNEL_140_00109_
                0x0000000008006d30        0x8 zephyr/drivers/gpio/libdrivers__gpio.a(gpio_stm32.c.obj)
 .z_init_PRE_KERNEL_140_00110_
                0x0000000008006d38        0x8 zephyr/drivers/gpio/libdrivers__gpio.a(gpio_stm32.c.obj)
 .z_init_PRE_KERNEL_140_00148_
                0x0000000008006d40        0x8 zephyr/drivers/gpio/libdrivers__gpio.a(gpio_stm32.c.obj)
 .z_init_PRE_KERNEL_155_00078_
                0x0000000008006d48        0x8 zephyr/drivers/serial/libdrivers__serial.a(uart_stm32.c.obj)
 .z_init_PRE_KERNEL_160_0_
                0x0000000008006d50        0x8 zephyr/drivers/console/libdrivers__console.a(uart_console.c.obj)
                0x0000000008006d58                __init_PRE_KERNEL_2_start = .
 *(SORT_BY_NAME(SORT_BY_ALIGNMENT(.z_init_PRE_KERNEL_2?_*)))
 .z_init_PRE_KERNEL_20_0_
                0x0000000008006d58        0x8 zephyr/drivers/timer/libdrivers__timer.a(cortex_m_systick.c.obj)
 *(SORT_BY_NAME(SORT_BY_ALIGNMENT(.z_init_PRE_KERNEL_2??_*)))
                0x0000000008006d60                __init_POST_KERNEL_start = .
 *(SORT_BY_NAME(SORT_BY_ALIGNMENT(.z_init_POST_KERNEL?_*)))
 .z_init_POST_KERNEL0_0_
                0x0000000008006d60        0x8 zephyr/libzephyr.a(log_core.c.obj)
 *(SORT_BY_NAME(SORT_BY_ALIGNMENT(.z_init_POST_KERNEL??_*)))
 .z_init_POST_KERNEL50_00047_
                0x0000000008006d68        0x8 zephyr/drivers/pwm/libdrivers__pwm.a(pwm_stm32.c.obj)
                0x0000000008006d70                __init_APPLICATION_start = .
 *(SORT_BY_NAME(SORT_BY_ALIGNMENT(.z_init_APPLICATION?_*)))
 *(SORT_BY_NAME(SORT_BY_ALIGNMENT(.z_init_APPLICATION??_*)))
                0x0000000008006d70                __init_SMP_start = .
 *(SORT_BY_NAME(SORT_BY_ALIGNMENT(.z_init_SMP?_*)))
 *(SORT_BY_NAME(SORT_BY_ALIGNMENT(.z_init_SMP??_*)))
                0x0000000008006d70                __init_end = .

device_area     0x0000000008006d70      0x140
                0x0000000008006d70                _device_list_start = .
 *(SORT_BY_NAME(SORT_BY_ALIGNMENT(._device.static.*_?_*)))
 ._device.static.1_1_
                0x0000000008006d70       0x14 zephyr/drivers/clock_control/libdrivers__clock_control.a(clock_stm32_ll_h7.c.obj)
                0x0000000008006d70                __device_dts_ord_9
 *(SORT_BY_NAME(SORT_BY_ALIGNMENT(._device.static.*_??_*)))
 ._device.static.1_35_
                0x0000000008006d84       0x14 zephyr/drivers/reset/libdrivers__reset.a(reset_stm32.c.obj)
                0x0000000008006d84                __device_dts_ord_44
 ._device.static.1_40_
                0x0000000008006d98       0x14 zephyr/drivers/interrupt_controller/libdrivers__interrupt_controller.a(intc_exti_stm32.c.obj)
                0x0000000008006d98                __device_dts_ord_66
 ._device.static.1_40_
                0x0000000008006dac       0xdc zephyr/drivers/gpio/libdrivers__gpio.a(gpio_stm32.c.obj)
                0x0000000008006dac                __device_dts_ord_110
                0x0000000008006dc0                __device_dts_ord_109
                0x0000000008006dd4                __device_dts_ord_108
                0x0000000008006de8                __device_dts_ord_107
                0x0000000008006dfc                __device_dts_ord_106
                0x0000000008006e10                __device_dts_ord_105
                0x0000000008006e24                __device_dts_ord_41
                0x0000000008006e38                __device_dts_ord_104
                0x0000000008006e4c                __device_dts_ord_36
                0x0000000008006e60                __device_dts_ord_39
                0x0000000008006e74                __device_dts_ord_148
 ._device.static.1_55_
                0x0000000008006e88       0x14 zephyr/drivers/serial/libdrivers__serial.a(uart_stm32.c.obj)
                0x0000000008006e88                __device_dts_ord_78
 ._device.static.3_50_
                0x0000000008006e9c       0x14 zephyr/drivers/pwm/libdrivers__pwm.a(pwm_stm32.c.obj)
                0x0000000008006e9c                __device_dts_ord_47
                0x0000000008006eb0                _device_list_end = .

sw_isr_table    0x0000000008006eb0      0x4d8
                0x0000000008006eb0                . = ALIGN (0x4)
 *(SORT_BY_ALIGNMENT(.gnu.linkonce.sw_isr_table*))
 .gnu.linkonce.sw_isr_table
                0x0000000008006eb0      0x4d8 zephyr/CMakeFiles/zephyr_final.dir/isr_tables.c.obj
                0x0000000008006eb0                _sw_isr_table

initlevel_error
                0x0000000008006cc8        0x0
 *(SORT_BY_NAME(SORT_BY_ALIGNMENT(.z_init_[_A-Z0-9]*)))
                0x0000000000000001                ASSERT ((SIZEOF (initlevel_error) == 0x0), Undefined initialization levels used.)

app_shmem_regions
                0x0000000008007388        0x0
                0x0000000008007388                __app_shmem_regions_start = .
 *(SORT_BY_NAME(SORT_BY_ALIGNMENT(.app_regions.*)))
                0x0000000008007388                __app_shmem_regions_end = .

k_p4wq_initparam_area
                0x0000000008007388        0x0
                0x0000000008007388                _k_p4wq_initparam_list_start = .
 *(SORT_BY_NAME(SORT_BY_ALIGNMENT(._k_p4wq_initparam.static.*)))
                0x0000000008007388                _k_p4wq_initparam_list_end = .

_static_thread_data_area
                0x0000000008007388        0x0
                0x0000000008007388                __static_thread_data_list_start = .
 *(SORT_BY_NAME(SORT_BY_ALIGNMENT(.__static_thread_data.static.*)))
                0x0000000008007388                __static_thread_data_list_end = .

device_deps     0x0000000008007388        0x0
                0x0000000008007388                __device_deps_start = .
 *(SORT_BY_NAME(SORT_BY_ALIGNMENT(.__device_deps_pass2*)))
                0x0000000008007388                __device_deps_end = .

ztest           0x0000000008007388        0x0
                0x0000000008007388                _ztest_expected_result_entry_list_start = .
 *(SORT_BY_NAME(SORT_BY_ALIGNMENT(._ztest_expected_result_entry.static.*)))
                0x0000000008007388                _ztest_expected_result_entry_list_end = .
                0x0000000008007388                _ztest_suite_node_list_start = .
 *(SORT_BY_NAME(SORT_BY_ALIGNMENT(._ztest_suite_node.static.*)))
                0x0000000008007388                _ztest_suite_node_list_end = .
                0x0000000008007388                _ztest_unit_test_list_start = .
 *(SORT_BY_NAME(SORT_BY_ALIGNMENT(._ztest_unit_test.static.*)))
                0x0000000008007388                _ztest_unit_test_list_end = .
                0x0000000008007388                _ztest_test_rule_list_start = .
 *(SORT_BY_NAME(SORT_BY_ALIGNMENT(._ztest_test_rule.static.*)))
                0x0000000008007388                _ztest_test_rule_list_end = .

bt_l2cap_fixed_chan_area
                0x0000000008007388        0x0
                0x0000000008007388                _bt_l2cap_fixed_chan_list_start = .
 *(SORT_BY_NAME(SORT_BY_ALIGNMENT(._bt_l2cap_fixed_chan.static.*)))
                0x0000000008007388                _bt_l2cap_fixed_chan_list_end = .

bt_gatt_service_static_area
                0x0000000008007388        0x0
                0x0000000008007388                _bt_gatt_service_static_list_start = .
 *(SORT_BY_NAME(SORT_BY_ALIGNMENT(._bt_gatt_service_static.static.*)))
                0x0000000008007388                _bt_gatt_service_static_list_end = .

log_strings_area
                0x0000000008007388        0x0
                0x0000000008007388                _log_strings_list_start = .
 *(SORT_BY_NAME(SORT_BY_ALIGNMENT(._log_strings.static.*)))
                0x0000000008007388                _log_strings_list_end = .

log_const_area  0x0000000008007388       0x40
                0x0000000008007388                _log_const_list_start = .
 *(SORT_BY_NAME(SORT_BY_ALIGNMENT(._log_const.static.*)))
 ._log_const.static.log_const_cbprintf_package_
                0x0000000008007388        0x8 zephyr/libzephyr.a(cbprintf_packaged.c.obj)
                0x0000000008007388                log_const_cbprintf_package
 ._log_const.static.log_const_log_
                0x0000000008007390        0x8 zephyr/libzephyr.a(log_core.c.obj)
                0x0000000008007390                log_const_log
 ._log_const.static.log_const_log_mgmt_
                0x0000000008007398        0x8 zephyr/libzephyr.a(log_mgmt.c.obj)
                0x0000000008007398                log_const_log_mgmt
 ._log_const.static.log_const_log_uart_
                0x00000000080073a0        0x8 zephyr/libzephyr.a(log_backend_uart.c.obj)
                0x00000000080073a0                log_const_log_uart
 ._log_const.static.log_const_mpu_
                0x00000000080073a8        0x8 zephyr/arch/arch/arm/core/mpu/libarch__arm__core__mpu.a(arm_core_mpu.c.obj)
                0x00000000080073a8                log_const_mpu
 ._log_const.static.log_const_os_
                0x00000000080073b0        0x8 zephyr/kernel/libkernel.a(init.c.obj)
                0x00000000080073b0                log_const_os
 ._log_const.static.log_const_pwm_stm32_
                0x00000000080073b8        0x8 zephyr/drivers/pwm/libdrivers__pwm.a(pwm_stm32.c.obj)
                0x00000000080073b8                log_const_pwm_stm32
 ._log_const.static.log_const_uart_stm32_
                0x00000000080073c0        0x8 zephyr/drivers/serial/libdrivers__serial.a(uart_stm32.c.obj)
                0x00000000080073c0                log_const_uart_stm32
                0x00000000080073c8                _log_const_list_end = .

log_backend_area
                0x00000000080073c8       0x10
                0x00000000080073c8                _log_backend_list_start = .
 *(SORT_BY_NAME(SORT_BY_ALIGNMENT(._log_backend.static.*)))
 ._log_backend.static.log_backend_uart_
                0x00000000080073c8       0x10 zephyr/libzephyr.a(log_backend_uart.c.obj)
                0x00000000080073d8                _log_backend_list_end = .

log_link_area   0x00000000080073d8        0x0
                0x00000000080073d8                _log_link_list_start = .
 *(SORT_BY_NAME(SORT_BY_ALIGNMENT(._log_link.static.*)))
                0x00000000080073d8                _log_link_list_end = .

tracing_backend_area
                0x00000000080073d8        0x0
                0x00000000080073d8                _tracing_backend_list_start = .
 *(SORT_BY_NAME(SORT_BY_ALIGNMENT(._tracing_backend.static.*)))
                0x00000000080073d8                _tracing_backend_list_end = .

zephyr_dbg_info
 *(SORT_BY_ALIGNMENT(.dbg_thread_info))

symbol_to_keep  0x00000000080073d8        0x0
                0x00000000080073d8                __symbol_to_keep_start = .
 *(SORT_BY_NAME(SORT_BY_ALIGNMENT(.symbol_to_keep*)))
                0x00000000080073d8                __symbol_to_keep_end = .

shell_area      0x00000000080073d8        0x0
                0x00000000080073d8                _shell_list_start = .
 *(SORT_BY_NAME(SORT_BY_ALIGNMENT(._shell.static.*)))
                0x00000000080073d8                _shell_list_end = .

shell_root_cmds_area
                0x00000000080073d8        0x0
                0x00000000080073d8                _shell_root_cmds_list_start = .
 *(SORT_BY_NAME(SORT_BY_ALIGNMENT(._shell_root_cmds.static.*)))
                0x00000000080073d8                _shell_root_cmds_list_end = .

shell_subcmds_area
                0x00000000080073d8        0x0
                0x00000000080073d8                _shell_subcmds_list_start = .
 *(SORT_BY_NAME(SORT_BY_ALIGNMENT(._shell_subcmds.static.*)))
                0x00000000080073d8                _shell_subcmds_list_end = .

shell_dynamic_subcmds_area
                0x00000000080073d8        0x0
                0x00000000080073d8                _shell_dynamic_subcmds_list_start = .
 *(SORT_BY_NAME(SORT_BY_ALIGNMENT(._shell_dynamic_subcmds.static.*)))
                0x00000000080073d8                _shell_dynamic_subcmds_list_end = .

cfb_font_area   0x00000000080073d8        0x0
                0x00000000080073d8                _cfb_font_list_start = .
 *(SORT_BY_NAME(SORT_BY_ALIGNMENT(._cfb_font.static.*)))
                0x00000000080073d8                _cfb_font_list_end = .

rodata          0x00000000080073d8      0xd14
 *(SORT_BY_ALIGNMENT(.rodata))
 .rodata        0x00000000080073d8        0x8 zephyr/drivers/gpio/libdrivers__gpio.a(gpio_stm32.c.obj)
 *(SORT_BY_ALIGNMENT(.rodata.*))
 .rodata.dir    0x00000000080073e0        0x8 app/libapp.a(main.c.obj)
 .rodata.step   0x00000000080073e8        0x8 app/libapp.a(main.c.obj)
 .rodata.mpu_config
                0x00000000080073f0        0x8 zephyr/libzephyr.a(mpu_regions.c.obj)
                0x00000000080073f0                mpu_config
 .rodata.mpu_regions
                0x00000000080073f8       0x24 zephyr/libzephyr.a(mpu_regions.c.obj)
 .rodata.mpsc_config
                0x000000000800741c       0x14 zephyr/libzephyr.a(log_core.c.obj)
 .rodata.format_table
                0x0000000008007430       0x10 zephyr/libzephyr.a(log_core.c.obj)
 .rodata.colors
                0x0000000008007440       0x14 zephyr/libzephyr.a(log_output.c.obj)
 .rodata.severity
                0x0000000008007454       0x14 zephyr/libzephyr.a(log_output.c.obj)
 .rodata.log_backend_uart_api
                0x0000000008007468       0x1c zephyr/libzephyr.a(log_backend_uart.c.obj)
                0x0000000008007468                log_backend_uart_api
 .rodata.log_output_uart
                0x0000000008007484       0x10 zephyr/libzephyr.a(log_backend_uart.c.obj)
 .rodata.mem_attr_region
                0x0000000008007494       0x10 zephyr/libzephyr.a(mem_attr.c.obj)
 .rodata.static_regions
                0x00000000080074a4        0xc zephyr/arch/arch/arm/core/mpu/libarch__arm__core__mpu.a(arm_core_mpu.c.obj)
 .rodata.gpio_stm32_cfg_k
                0x00000000080074b0       0x14 zephyr/drivers/gpio/libdrivers__gpio.a(gpio_stm32.c.obj)
 .rodata.gpio_stm32_cfg_j
                0x00000000080074c4       0x14 zephyr/drivers/gpio/libdrivers__gpio.a(gpio_stm32.c.obj)
 .rodata.gpio_stm32_cfg_i
                0x00000000080074d8       0x14 zephyr/drivers/gpio/libdrivers__gpio.a(gpio_stm32.c.obj)
 .rodata.gpio_stm32_cfg_h
                0x00000000080074ec       0x14 zephyr/drivers/gpio/libdrivers__gpio.a(gpio_stm32.c.obj)
 .rodata.gpio_stm32_cfg_g
                0x0000000008007500       0x14 zephyr/drivers/gpio/libdrivers__gpio.a(gpio_stm32.c.obj)
 .rodata.gpio_stm32_cfg_f
                0x0000000008007514       0x14 zephyr/drivers/gpio/libdrivers__gpio.a(gpio_stm32.c.obj)
 .rodata.gpio_stm32_cfg_e
                0x0000000008007528       0x14 zephyr/drivers/gpio/libdrivers__gpio.a(gpio_stm32.c.obj)
 .rodata.gpio_stm32_cfg_d
                0x000000000800753c       0x14 zephyr/drivers/gpio/libdrivers__gpio.a(gpio_stm32.c.obj)
 .rodata.gpio_stm32_cfg_c
                0x0000000008007550       0x14 zephyr/drivers/gpio/libdrivers__gpio.a(gpio_stm32.c.obj)
 .rodata.gpio_stm32_cfg_b
                0x0000000008007564       0x14 zephyr/drivers/gpio/libdrivers__gpio.a(gpio_stm32.c.obj)
 .rodata.gpio_stm32_cfg_a
                0x0000000008007578       0x14 zephyr/drivers/gpio/libdrivers__gpio.a(gpio_stm32.c.obj)
 .rodata.gpio_stm32_driver
                0x000000000800758c       0x24 zephyr/drivers/gpio/libdrivers__gpio.a(gpio_stm32.c.obj)
 .rodata.gpio_ports
                0x00000000080075b0       0x2c zephyr/drivers/pinctrl/libdrivers__pinctrl.a(pinctrl_stm32.c.obj)
 .rodata.pwm_stm32_config_0
                0x00000000080075dc       0x18 zephyr/drivers/pwm/libdrivers__pwm.a(pwm_stm32.c.obj)
 .rodata.__pinctrl_dev_config__device_dts_ord_47
                0x00000000080075f4        0x8 zephyr/drivers/pwm/libdrivers__pwm.a(pwm_stm32.c.obj)
 .rodata.__pinctrl_states__device_dts_ord_47
                0x00000000080075fc        0x8 zephyr/drivers/pwm/libdrivers__pwm.a(pwm_stm32.c.obj)
 .rodata.__pinctrl_state_pins_0__device_dts_ord_47
                0x0000000008007604        0x8 zephyr/drivers/pwm/libdrivers__pwm.a(pwm_stm32.c.obj)
 .rodata.pwm_stm32_driver_api
                0x000000000800760c        0x8 zephyr/drivers/pwm/libdrivers__pwm.a(pwm_stm32.c.obj)
 .rodata.set_timer_compare
                0x0000000008007614       0x18 zephyr/drivers/pwm/libdrivers__pwm.a(pwm_stm32.c.obj)
 .rodata.ch2ll_n
                0x000000000800762c        0xc zephyr/drivers/pwm/libdrivers__pwm.a(pwm_stm32.c.obj)
 .rodata.ch2ll  0x0000000008007638       0x18 zephyr/drivers/pwm/libdrivers__pwm.a(pwm_stm32.c.obj)
 .rodata.reset_stm32_config
                0x0000000008007650        0x4 zephyr/drivers/reset/libdrivers__reset.a(reset_stm32.c.obj)
 .rodata.reset_stm32_driver_api
                0x0000000008007654       0x10 zephyr/drivers/reset/libdrivers__reset.a(reset_stm32.c.obj)
 .rodata.uart_stm32_cfg_0
                0x0000000008007664       0x20 zephyr/drivers/serial/libdrivers__serial.a(uart_stm32.c.obj)
 .rodata.pclken_0
                0x0000000008007684        0x8 zephyr/drivers/serial/libdrivers__serial.a(uart_stm32.c.obj)
 .rodata.__pinctrl_dev_config__device_dts_ord_78
                0x000000000800768c        0x8 zephyr/drivers/serial/libdrivers__serial.a(uart_stm32.c.obj)
 .rodata.__pinctrl_states__device_dts_ord_78
                0x0000000008007694        0x8 zephyr/drivers/serial/libdrivers__serial.a(uart_stm32.c.obj)
 .rodata.__pinctrl_state_pins_0__device_dts_ord_78
                0x000000000800769c       0x10 zephyr/drivers/serial/libdrivers__serial.a(uart_stm32.c.obj)
 .rodata.uart_stm32_driver_api
                0x00000000080076ac       0x14 zephyr/drivers/serial/libdrivers__serial.a(uart_stm32.c.obj)
 .rodata._k_neg_eagain
                0x00000000080076c0        0x4 zephyr/kernel/libkernel.a(errno.c.obj)
                0x00000000080076c0                _k_neg_eagain
 .rodata.CSWTCH.479
                0x00000000080076c4       0x14 zephyr/kernel/libkernel.a(fatal.c.obj)
 .rodata.levels.0
                0x00000000080076d8       0x18 zephyr/kernel/libkernel.a(init.c.obj)
 .rodata.CSWTCH.649
                0x00000000080076f0        0x6 zephyr/drivers/serial/libdrivers__serial.a(uart_stm32.c.obj)
 .rodata.cbprintf_package_convert.str1.1
                0x00000000080076f6       0xa3 zephyr/libzephyr.a(cbprintf_packaged.c.obj)
 .rodata.str1.1
                0x0000000008007799       0x11 zephyr/libzephyr.a(cbprintf_packaged.c.obj)
 .rodata.z_cbvprintf_impl.str1.1
                0x00000000080077aa        0x6 zephyr/libzephyr.a(cbprintf_complete.c.obj)
 .rodata.str1.1
                0x00000000080077b0       0x12 zephyr/libzephyr.a(mpu_regions.c.obj)
 .rodata.enable_logger.str1.1
                0x00000000080077c2        0x8 zephyr/libzephyr.a(log_core.c.obj)
 .rodata.str1.1
                0x00000000080077ca        0x4 zephyr/libzephyr.a(log_core.c.obj)
 .rodata.str1.1
                0x00000000080077ce        0x9 zephyr/libzephyr.a(log_mgmt.c.obj)
 .rodata.z_impl_z_log_msg_static_create.str1.1
                0x00000000080077d7       0x3f zephyr/libzephyr.a(log_msg.c.obj)
 .rodata.newline_print.str1.1
                0x0000000008007816        0x3 zephyr/libzephyr.a(log_output.c.obj)
                                          0x5 (size before relaxing)
 .rodata.log_output_process.str1.1
                0x0000000008007819       0x4f zephyr/libzephyr.a(log_output.c.obj)
                                         0x51 (size before relaxing)
 .rodata.log_output_dropped_process.str1.1
                0x0000000008007868       0x4f zephyr/libzephyr.a(log_output.c.obj)
                                          0x3 (size before relaxing)
 .rodata.postfix.0
                0x0000000008007868       0x1c zephyr/libzephyr.a(log_output.c.obj)
 .rodata.prefix.1
                0x0000000008007884        0xc zephyr/libzephyr.a(log_output.c.obj)
 .rodata.str1.1
                0x0000000008007890       0x20 zephyr/libzephyr.a(log_output.c.obj)
 .rodata.str1.1
                0x00000000080078b0       0x1a zephyr/libzephyr.a(log_backend_uart.c.obj)
 .rodata.str1.1
                0x00000000080078ca       0x10 zephyr/libzephyr.a(mem_attr.c.obj)
 .rodata.z_arm_fatal_error.str1.1
                0x00000000080078da       0x9b zephyr/arch/arch/arm/core/libarch__arm__core.a(fatal.c.obj)
 .rodata.bus_fault.constprop.0.str1.1
                0x0000000008007975       0xca zephyr/arch/arch/arm/core/cortex_m/libarch__arm__core__cortex_m.a(fault.c.obj)
 .rodata.usage_fault.constprop.0.str1.1
                0x0000000008007a3f       0xcd zephyr/arch/arch/arm/core/cortex_m/libarch__arm__core__cortex_m.a(fault.c.obj)
 .rodata.mem_manage_fault.str1.1
                0x0000000008007b0c       0x96 zephyr/arch/arch/arm/core/cortex_m/libarch__arm__core__cortex_m.a(fault.c.obj)
 .rodata.z_arm_fault.str1.1
                0x0000000008007ba2      0x111 zephyr/arch/arch/arm/core/cortex_m/libarch__arm__core__cortex_m.a(fault.c.obj)
 .rodata.str1.1
                0x0000000008007cb3        0x4 zephyr/arch/arch/arm/core/mpu/libarch__arm__core__mpu.a(arm_core_mpu.c.obj)
 .rodata.region_allocate_and_init.part.0.str1.1
                0x0000000008007cb7       0x26 zephyr/arch/arch/arm/core/mpu/libarch__arm__core__mpu.a(arm_mpu.c.obj)
 .rodata.mpu_configure_regions.str1.1
                0x0000000008007cdd       0x23 zephyr/arch/arch/arm/core/mpu/libarch__arm__core__mpu.a(arm_mpu.c.obj)
 .rodata.z_arm_mpu_init.str1.1
                0x0000000008007d00       0x22 zephyr/arch/arch/arm/core/mpu/libarch__arm__core__mpu.a(arm_mpu.c.obj)
 .rodata.line_range_6.0
                0x0000000008007d22        0x2 zephyr/drivers/interrupt_controller/libdrivers__interrupt_controller.a(intc_exti_stm32.c.obj)
 .rodata.line_range_5.1
                0x0000000008007d24        0x2 zephyr/drivers/interrupt_controller/libdrivers__interrupt_controller.a(intc_exti_stm32.c.obj)
 .rodata.line_range_4.2
                0x0000000008007d26        0x2 zephyr/drivers/interrupt_controller/libdrivers__interrupt_controller.a(intc_exti_stm32.c.obj)
 .rodata.line_range_3.3
                0x0000000008007d28        0x2 zephyr/drivers/interrupt_controller/libdrivers__interrupt_controller.a(intc_exti_stm32.c.obj)
 .rodata.line_range_2.4
                0x0000000008007d2a        0x2 zephyr/drivers/interrupt_controller/libdrivers__interrupt_controller.a(intc_exti_stm32.c.obj)
 .rodata.line_range_1.5
                0x0000000008007d2c        0x2 zephyr/drivers/interrupt_controller/libdrivers__interrupt_controller.a(intc_exti_stm32.c.obj)
 .rodata.line_range_0.6
                0x0000000008007d2e        0x2 zephyr/drivers/interrupt_controller/libdrivers__interrupt_controller.a(intc_exti_stm32.c.obj)
 .rodata.str1.1
                0x0000000008007d30       0x1e zephyr/drivers/interrupt_controller/libdrivers__interrupt_controller.a(intc_exti_stm32.c.obj)
 .rodata.str1.1
                0x0000000008007d4e        0xd zephyr/drivers/clock_control/libdrivers__clock_control.a(clock_stm32_ll_h7.c.obj)
 .rodata.str1.1
                0x0000000008007d5b       0x9a zephyr/drivers/gpio/libdrivers__gpio.a(gpio_stm32.c.obj)
 .rodata.pwm_stm32_set_cycles.str1.1
                0x0000000008007df5       0x66 zephyr/drivers/pwm/libdrivers__pwm.a(pwm_stm32.c.obj)
 .rodata.pwm_stm32_init.str1.1
                0x0000000008007e5b       0x9a zephyr/drivers/pwm/libdrivers__pwm.a(pwm_stm32.c.obj)
 .rodata.str1.1
                0x0000000008007ef5        0xe zephyr/drivers/pwm/libdrivers__pwm.a(pwm_stm32.c.obj)
 .rodata.SHIFT_TAB_CCxP
                0x0000000008007f03        0x9 zephyr/drivers/pwm/libdrivers__pwm.a(pwm_stm32.c.obj)
 .rodata.SHIFT_TAB_OCxx
                0x0000000008007f0c        0x9 zephyr/drivers/pwm/libdrivers__pwm.a(pwm_stm32.c.obj)
 .rodata.OFFSET_TAB_CCMRx
                0x0000000008007f15        0x9 zephyr/drivers/pwm/libdrivers__pwm.a(pwm_stm32.c.obj)
 .rodata.str1.1
                0x0000000008007f1e       0x11 zephyr/drivers/reset/libdrivers__reset.a(reset_stm32.c.obj)
 .rodata.uart_stm32_set_baudrate.part.0.str1.1
                0x0000000008007f2f       0x2e zephyr/drivers/serial/libdrivers__serial.a(uart_stm32.c.obj)
 .rodata.uart_stm32_init.str1.1
                0x0000000008007f5d       0x5d zephyr/drivers/serial/libdrivers__serial.a(uart_stm32.c.obj)
                                         0x7c (size before relaxing)
 .rodata.str1.1
                0x0000000008007fba       0x1b zephyr/drivers/serial/libdrivers__serial.a(uart_stm32.c.obj)
 .rodata.LL_RCC_PrescTable
                0x0000000008007fd5       0x10 modules/stm32/stm32cube/lib..__modules__hal__stm32__stm32cube.a(stm32h7xx_ll_rcc.c.obj)
                0x0000000008007fd5                LL_RCC_PrescTable
 .rodata.k_sys_fatal_error_handler.str1.1
                0x0000000008007fe5        0xf zephyr/kernel/libkernel.a(fatal.c.obj)
 .rodata.z_fatal_error.str1.1
                0x0000000008007ff4       0x77 zephyr/kernel/libkernel.a(fatal.c.obj)
 .rodata.str1.1
                0x000000000800806b       0x4a zephyr/kernel/libkernel.a(fatal.c.obj)
 .rodata.z_cstart.str1.1
                0x00000000080080b5        0x5 zephyr/kernel/libkernel.a(init.c.obj)
 .rodata.str1.1
                0x00000000080080ba        0x3 zephyr/kernel/libkernel.a(init.c.obj)
 .rodata.boot_banner.str1.1
                0x00000000080080bd       0x2f zephyr/kernel/libkernel.a(banner.c.obj)
 *(SORT_BY_ALIGNMENT(.gnu.linkonce.r.*))
                0x00000000080080ec                . = ALIGN (0x4)
                0x00000000080080ec                __rodata_region_end = .
                0x0000000008008100                . = ALIGN (_region_min_align)
                0x0000000008010000                . = ALIGN ((0x1 << LOG2CEIL ((__rodata_region_end - ADDR (rom_start)))))
                0x0000000008010000                __rom_region_end = ((__rom_region_start + .) - ADDR (rom_start))

/DISCARD/
 *(SORT_BY_ALIGNMENT(.got.plt))
 *(SORT_BY_ALIGNMENT(.igot.plt))
 *(SORT_BY_ALIGNMENT(.got))
 *(SORT_BY_ALIGNMENT(.igot))
                0x0000000024000000                . = 0x24000000
                0x0000000024000000                . = ALIGN (_region_min_align)
                0x0000000024000000                _image_ram_start = .

.ramfunc        0x0000000024000000        0x0 load address 0x00000000080080ec
                0x0000000024000000                . = ALIGN (_region_min_align)
                0x0000000024000000                . = ALIGN ((0x1 << LOG2CEIL (__ramfunc_size)))
                0x0000000024000000                __ramfunc_start = .
 *(SORT_BY_ALIGNMENT(.ramfunc))
 *(SORT_BY_ALIGNMENT(.ramfunc.*))
                0x0000000024000000                . = ALIGN (_region_min_align)
                0x0000000024000000                . = ALIGN ((0x1 << LOG2CEIL (__ramfunc_size)))
                0x0000000024000000                __ramfunc_end = .
                0x0000000000000000                __ramfunc_size = (__ramfunc_end - __ramfunc_start)
                0x00000000080080ec                __ramfunc_load_start = LOADADDR (.ramfunc)

datas           0x0000000024000000       0x70 load address 0x00000000080080ec
                0x0000000024000000                __data_region_start = .
                0x0000000024000000                __data_start = .
 *(SORT_BY_ALIGNMENT(.data))
 *(SORT_BY_ALIGNMENT(.data.*))
 .data._char_out
                0x0000000024000000        0x4 zephyr/libzephyr.a(printk.c.obj)
                0x0000000024000000                _char_out
 .data.timestamp_func
                0x0000000024000004        0x4 zephyr/libzephyr.a(log_core.c.obj)
 .data._stdout_hook
                0x0000000024000008        0x4 zephyr/lib/libc/minimal/liblib__libc__minimal.a(stdout_console.c.obj)
 .data.stm32_clock_control_api
                0x000000002400000c       0x1c zephyr/drivers/clock_control/libdrivers__clock_control.a(clock_stm32_ll_h7.c.obj)
 .data.pwm_stm32_data_0
                0x0000000024000028        0xc zephyr/drivers/pwm/libdrivers__pwm.a(pwm_stm32.c.obj)
 .data.uart_stm32_data_0
                0x0000000024000034        0x8 zephyr/drivers/serial/libdrivers__serial.a(uart_stm32.c.obj)
 .data.uart_cfg_0
                0x000000002400003c        0x8 zephyr/drivers/serial/libdrivers__serial.a(uart_stm32.c.obj)
 .data.SystemCoreClock
                0x0000000024000044        0x4 modules/stm32/stm32cube/lib..__modules__hal__stm32__stm32cube.a(system_stm32h7xx.c.obj)
                0x0000000024000044                SystemCoreClock
 .data.timeout_list
                0x0000000024000048        0x8 zephyr/kernel/libkernel.a(timeout.c.obj)
 .data.exti_irq_table
                0x0000000024000050       0x20 zephyr/drivers/interrupt_controller/libdrivers__interrupt_controller.a(intc_exti_stm32.c.obj)
 *(SORT_BY_ALIGNMENT(.kernel.*))
                0x0000000024000070                __data_end = .
                0x0000000000000070                __data_size = (__data_end - __data_start)
                0x00000000080080ec                __data_load_start = LOADADDR (datas)
                0x00000000080080ec                __data_region_load_start = LOADADDR (datas)

device_states   0x0000000024000070       0x20 load address 0x000000000800815c
                0x0000000024000070                __device_states_start = .
 *(SORT_BY_ALIGNMENT(.z_devstate))
 .z_devstate    0x0000000024000070        0x2 zephyr/drivers/interrupt_controller/libdrivers__interrupt_controller.a(intc_exti_stm32.c.obj)
 .z_devstate    0x0000000024000072        0x2 zephyr/drivers/clock_control/libdrivers__clock_control.a(clock_stm32_ll_h7.c.obj)
 .z_devstate    0x0000000024000074       0x16 zephyr/drivers/gpio/libdrivers__gpio.a(gpio_stm32.c.obj)
 .z_devstate    0x000000002400008a        0x2 zephyr/drivers/pwm/libdrivers__pwm.a(pwm_stm32.c.obj)
 .z_devstate    0x000000002400008c        0x2 zephyr/drivers/reset/libdrivers__reset.a(reset_stm32.c.obj)
 .z_devstate    0x000000002400008e        0x2 zephyr/drivers/serial/libdrivers__serial.a(uart_stm32.c.obj)
 *(SORT_BY_ALIGNMENT(.z_devstate.*))
                0x0000000024000090                __device_states_end = .

log_mpsc_pbuf_area
                0x0000000024000090       0x38 load address 0x000000000800817c
                0x0000000024000090                _log_mpsc_pbuf_list_start = .
 *(SORT_BY_NAME(SORT_BY_ALIGNMENT(._log_mpsc_pbuf.static.*)))
 ._log_mpsc_pbuf.static.log_buffer_
                0x0000000024000090       0x38 zephyr/libzephyr.a(log_core.c.obj)
                0x00000000240000c8                _log_mpsc_pbuf_list_end = .

log_msg_ptr_area
                0x00000000240000c8        0x4 load address 0x00000000080081b4
                0x00000000240000c8                _log_msg_ptr_list_start = .
 *(SORT_BY_NAME(SORT_BY_ALIGNMENT(._log_msg_ptr.static.*)))
 ._log_msg_ptr.static.log_msg_ptr_
                0x00000000240000c8        0x4 zephyr/libzephyr.a(log_core.c.obj)
                0x00000000240000cc                _log_msg_ptr_list_end = .

log_dynamic_area
                0x00000000240000cc        0x0 load address 0x00000000080081b8
                0x00000000240000cc                _log_dynamic_list_start = .
 *(SORT_BY_NAME(SORT_BY_ALIGNMENT(._log_dynamic.static.*)))
                0x00000000240000cc                _log_dynamic_list_end = .

k_timer_area    0x00000000240000cc        0x0 load address 0x00000000080081b8
                0x00000000240000cc                _k_timer_list_start = .
 *(SORT_BY_NAME(SORT_BY_ALIGNMENT(._k_timer.static.*)))
                0x00000000240000cc                _k_timer_list_end = .

k_mem_slab_area
                0x00000000240000cc        0x0 load address 0x00000000080081b8
                0x00000000240000cc                _k_mem_slab_list_start = .
 *(SORT_BY_NAME(SORT_BY_ALIGNMENT(._k_mem_slab.static.*)))
                0x00000000240000cc                _k_mem_slab_list_end = .

k_heap_area     0x00000000240000cc        0x0 load address 0x00000000080081b8
                0x00000000240000cc                _k_heap_list_start = .
 *(SORT_BY_NAME(SORT_BY_ALIGNMENT(._k_heap.static.*)))
                0x00000000240000cc                _k_heap_list_end = .

k_mutex_area    0x00000000240000cc        0x0 load address 0x00000000080081b8
                0x00000000240000cc                _k_mutex_list_start = .
 *(SORT_BY_NAME(SORT_BY_ALIGNMENT(._k_mutex.static.*)))
                0x00000000240000cc                _k_mutex_list_end = .

k_stack_area    0x00000000240000cc        0x0 load address 0x00000000080081b8
                0x00000000240000cc                _k_stack_list_start = .
 *(SORT_BY_NAME(SORT_BY_ALIGNMENT(._k_stack.static.*)))
                0x00000000240000cc                _k_stack_list_end = .

k_msgq_area     0x00000000240000cc        0x0 load address 0x00000000080081b8
                0x00000000240000cc                _k_msgq_list_start = .
 *(SORT_BY_NAME(SORT_BY_ALIGNMENT(._k_msgq.static.*)))
                0x00000000240000cc                _k_msgq_list_end = .

k_mbox_area     0x00000000240000cc        0x0 load address 0x00000000080081b8
                0x00000000240000cc                _k_mbox_list_start = .
 *(SORT_BY_NAME(SORT_BY_ALIGNMENT(._k_mbox.static.*)))
                0x00000000240000cc                _k_mbox_list_end = .

k_pipe_area     0x00000000240000cc        0x0 load address 0x00000000080081b8
                0x00000000240000cc                _k_pipe_list_start = .
 *(SORT_BY_NAME(SORT_BY_ALIGNMENT(._k_pipe.static.*)))
                0x00000000240000cc                _k_pipe_list_end = .

k_sem_area      0x00000000240000cc       0x10 load address 0x00000000080081b8
                0x00000000240000cc                _k_sem_list_start = .
 *(SORT_BY_NAME(SORT_BY_ALIGNMENT(._k_sem.static.*)))
 ._k_sem.static.log_process_thread_sem_
                0x00000000240000cc       0x10 zephyr/libzephyr.a(log_core.c.obj)
                0x00000000240000cc                log_process_thread_sem
                0x00000000240000dc                _k_sem_list_end = .

k_event_area    0x00000000240000dc        0x0 load address 0x00000000080081c8
                0x00000000240000dc                _k_event_list_start = .
 *(SORT_BY_NAME(SORT_BY_ALIGNMENT(._k_event.static.*)))
                0x00000000240000dc                _k_event_list_end = .

k_queue_area    0x00000000240000dc        0x0 load address 0x00000000080081c8
                0x00000000240000dc                _k_queue_list_start = .
 *(SORT_BY_NAME(SORT_BY_ALIGNMENT(._k_queue.static.*)))
                0x00000000240000dc                _k_queue_list_end = .

k_fifo_area     0x00000000240000dc        0x0 load address 0x00000000080081c8
                0x00000000240000dc                _k_fifo_list_start = .
 *(SORT_BY_NAME(SORT_BY_ALIGNMENT(._k_fifo.static.*)))
                0x00000000240000dc                _k_fifo_list_end = .

k_lifo_area     0x00000000240000dc        0x0 load address 0x00000000080081c8
                0x00000000240000dc                _k_lifo_list_start = .
 *(SORT_BY_NAME(SORT_BY_ALIGNMENT(._k_lifo.static.*)))
                0x00000000240000dc                _k_lifo_list_end = .

k_condvar_area  0x00000000240000dc        0x0 load address 0x00000000080081c8
                0x00000000240000dc                _k_condvar_list_start = .
 *(SORT_BY_NAME(SORT_BY_ALIGNMENT(._k_condvar.static.*)))
                0x00000000240000dc                _k_condvar_list_end = .

sys_mem_blocks_ptr_area
                0x00000000240000dc        0x0 load address 0x00000000080081c8
                0x00000000240000dc                _sys_mem_blocks_ptr_list_start = .
 *(SORT_BY_NAME(SORT_BY_ALIGNMENT(._sys_mem_blocks_ptr.static.*)))
                0x00000000240000dc                _sys_mem_blocks_ptr_list_end = .

net_buf_pool_area
                0x00000000240000dc        0x0 load address 0x00000000080081c8
                0x00000000240000dc                _net_buf_pool_list_start = .
 *(SORT_BY_NAME(SORT_BY_ALIGNMENT(._net_buf_pool.static.*)))
                0x00000000240000dc                _net_buf_pool_list_end = .
                0x00000000240000dc                __data_region_end = .

bss             0x00000000240000e0      0x7a3
                0x00000000240000e0                . = ALIGN (0x4)
                0x00000000240000e0                __bss_start = .
                0x00000000240000e0                __kernel_ram_start = .
 *(SORT_BY_ALIGNMENT(.bss))
 *(SORT_BY_ALIGNMENT(.bss.*))
 .bss.logging_thread
                0x00000000240000e0       0x80 zephyr/libzephyr.a(log_core.c.obj)
                0x00000000240000e0                logging_thread
 .bss.buf32     0x0000000024000160      0x400 zephyr/libzephyr.a(log_core.c.obj)
 .bss.last_failure_report
                0x0000000024000560        0x8 zephyr/libzephyr.a(log_core.c.obj)
 .bss.log_process_thread_timer
                0x0000000024000568       0x38 zephyr/libzephyr.a(log_core.c.obj)
 .bss.announced_cycles
                0x00000000240005a0        0x8 zephyr/drivers/timer/libdrivers__timer.a(cortex_m_systick.c.obj)
 .bss.cycle_count
                0x00000000240005a8        0x8 zephyr/drivers/timer/libdrivers__timer.a(cortex_m_systick.c.obj)
 .bss.z_idle_threads
                0x00000000240005b0       0x80 zephyr/kernel/libkernel.a(init.c.obj)
                0x00000000240005b0                z_idle_threads
 .bss.z_main_thread
                0x0000000024000630       0x80 zephyr/kernel/libkernel.a(init.c.obj)
                0x0000000024000630                z_main_thread
 .bss.slice_timeouts
                0x00000000240006b0       0x18 zephyr/kernel/libkernel.a(sched.c.obj)
 .bss.curr_tick
                0x00000000240006c8        0x8 zephyr/kernel/libkernel.a(timeout.c.obj)
 .bss.curr_log_buffer
                0x00000000240006d0        0x4 zephyr/libzephyr.a(log_core.c.obj)
 .bss.proc_tid  0x00000000240006d4        0x4 zephyr/libzephyr.a(log_core.c.obj)
 .bss.dropped_cnt
                0x00000000240006d8        0x4 zephyr/libzephyr.a(log_core.c.obj)
 .bss.buffered_cnt
                0x00000000240006dc        0x4 zephyr/libzephyr.a(log_core.c.obj)
 .bss.initialized
                0x00000000240006e0        0x4 zephyr/libzephyr.a(log_core.c.obj)
 .bss.timestamp_div
                0x00000000240006e4        0x4 zephyr/libzephyr.a(log_output.c.obj)
 .bss.freq      0x00000000240006e8        0x4 zephyr/libzephyr.a(log_output.c.obj)